10-22 17:22:57.704  1370  1490 W ActivityManager: Wtf, activity ActivityRecord{8b14947 u0 com.android.settings/.CryptKeeper t1 f} in proc activity list not using proc ProcessRecord{d58131d 1808:com.android.settings:CryptKeeper/1000}?!? Using null instead.
10-22 17:22:57.704  1370  1490 W ActivityManager: Wtf, activity ActivityRecord{8b14947 u0 com.android.settings/.CryptKeeper t1 f} in proc activity list not using proc ProcessRecord{d58131d 1808:com.android.settings:CryptKeeper/1000}?!? Using null instead.
10-22 17:22:57.704  1370  1490 W ActivityManager: Wtf, activity ActivityRecord{8b14947 u0 com.android.settings/.CryptKeeper t1 f} in proc activity list not using proc ProcessRecord{d58131d 1808:com.android.settings:CryptKeeper/1000}?!? Using null instead.
10-22 17:22:57.705  1743  1743 I chatty  : uid=10050(com.android.inputmethod.latin) expire 12 lines
10-22 17:22:57.706  2913  2913 W System  : ClassLoader referenced unknown path: /system/priv-app/Launcher3/lib/x86_64
10-22 17:22:57.707  2876  2911 I EGL-DRI2: found extension DRI_Core version 1
10-22 17:22:57.707  2876  2911 I EGL-DRI2: found extension DRI_SWRast version 5
10-22 17:22:57.709  1860  2927 I NotifUtils: resendNotifications cancelExisting: true, account: null, folder: null
10-22 17:22:57.709  1370  2899 W ActivityManager: Wtf, activity ActivityRecord{8b14947 u0 com.android.settings/.CryptKeeper t1 f} in proc activity list not using proc ProcessRecord{d58131d 1808:com.android.settings:CryptKeeper/1000}?!? Using null instead.
10-22 17:22:57.713  1370  2883 W ActivityManager: Unable to start service Intent { act=com.android.email.EXCHANGE_INTENT pkg=com.android.exchange } U=0: not found
10-22 17:22:57.714  2876  2911 I EGL-DRI2: found extension DRI_TexBuffer version 2
10-22 17:22:57.714  2876  2911 I EGL-DRI2: found extension DRI_IMAGE version 11
10-22 17:22:57.714  2876  2911 I EGL-DRI2: found extension DRI_RENDERER_QUERY version 1
10-22 17:22:57.714  2876  2911 I EGL-DRI2: found extension DRI_CONFIG_QUERY version 1
10-22 17:22:57.714  2876  2911 I EGL-DRI2: found extension DRI2_Fence version 2
10-22 17:22:57.717  1370  1600 W ActivityManager: Wtf, activity ActivityRecord{8b14947 u0 com.android.settings/.CryptKeeper t1 f} in proc activity list not using proc ProcessRecord{d58131d 1808:com.android.settings:CryptKeeper/1000}?!? Using null instead.
10-22 17:22:57.720  1860  2934 I NotifUtils: resendNotifications cancelExisting: true, account: null, folder: null
10-22 17:22:57.721  1370  1600 W ActivityManager: Wtf, activity ActivityRecord{8b14947 u0 com.android.settings/.CryptKeeper t1 f} in proc activity list not using proc ProcessRecord{d58131d 1808:com.android.settings:CryptKeeper/1000}?!? Using null instead.
10-22 17:22:57.725  1370  1598 W ActivityManager: Wtf, activity ActivityRecord{8b14947 u0 com.android.settings/.CryptKeeper t1 f} in proc activity list not using proc ProcessRecord{d58131d 1808:com.android.settings:CryptKeeper/1000}?!? Using null instead.
10-22 17:22:57.725  2095  2933 I chatty  : uid=10010(com.google.android.gms) expire 2 lines
10-22 17:22:57.725  1370  1597 W ActivityManager: Wtf, activity ActivityRecord{8b14947 u0 com.android.settings/.CryptKeeper t1 f} in proc activity list not using proc ProcessRecord{d58131d 1808:com.android.settings:CryptKeeper/1000}?!? Using null instead.
10-22 17:22:57.726  1370  1597 W ActivityManager: Wtf, activity ActivityRecord{8b14947 u0 com.android.settings/.CryptKeeper t1 f} in proc activity list not using proc ProcessRecord{d58131d 1808:com.android.settings:CryptKeeper/1000}?!? Using null instead.
10-22 17:22:57.727  1370  2899 W ActivityManager: Unable to start service Intent { act=com.android.email.EXCHANGE_INTENT pkg=com.android.exchange } U=0: not found
10-22 17:22:57.728  2876  2911 D AnalyticsHelper: send CustomEvent {Category: system:hardware_info Action: gpu_renderer Package: org.android_x86.hardwarecollector Label: Gallium 0.4 on llvmpipe (LLVM 3.7, 128 bits) Value: null Sampling: false}
10-22 17:22:57.730  2876  2911 D AnalyticsHelper: send CustomEvent {Category: system:hardware_info Action: cpu_model Package: org.android_x86.hardwarecollector Label: QEMU Virtual CPU version 2.5+ Value: null Sampling: false}
10-22 17:22:57.732  1370  1597 W ActivityManager: Wtf, activity ActivityRecord{8b14947 u0 com.android.settings/.CryptKeeper t1 f} in proc activity list not using proc ProcessRecord{d58131d 1808:com.android.settings:CryptKeeper/1000}?!? Using null instead.
10-22 17:22:57.732  1370  1597 I ActivityManager: Killing 1808:com.android.settings:CryptKeeper/1000 (adj 15): empty #17
10-22 17:22:57.735  1783  2770 D LogHelper: Google Analytics log entry: {&t=event, &cd3=x86_64, &cd1=userdebug, &ev=null, &cd4=Standard PC (i440FX + PIIX, 1996), &cd13=160, &ec=system:hardware_info, &cd5=6.0.1-eng.cwhuang.20170424.012407, &ea=gpu_renderer, &el=Gallium 0.4 on llvmpipe (LLVM 3.7, 128 bits), &an=org.android_x86.hardwarecollector, &cd12=1024 * 768 60Hz}
10-22 17:22:57.735  1783  2770 D LogHelper: Google Analytics log entry: {&t=event, &cd3=x86_64, &cd1=userdebug, &ev=null, &cd4=Standard PC (i440FX + PIIX, 1996), &cd13=160, &ec=system:hardware_info, &cd5=6.0.1-eng.cwhuang.20170424.012407, &ea=cpu_model, &el=QEMU Virtual CPU version 2.5+, &an=org.android_x86.hardwarecollector, &cd12=1024 * 768 60Hz}
10-22 17:22:57.744  2876  2911 D AnalyticsHelper: send CustomEvent {Category: system:hardware_info Action: has_battery Package: org.android_x86.hardwarecollector Label: battery Value: null Sampling: true}
10-22 17:22:57.744  1370  1598 D ActivityManager: cleanUpApplicationRecord -- 1808
10-22 17:22:57.747  2876  2911 D AnalyticsHelper: send CustomEvent {Category: system:hardware_info Action: has_ethernet Package: org.android_x86.hardwarecollector Label: e1000 Value: null Sampling: false}
10-22 17:22:57.747  1783  2770 D LogHelper: Google Analytics log entry: {&t=event, &cd3=x86_64, &cd1=userdebug, &ev=null, &cd4=Standard PC (i440FX + PIIX, 1996), &cd13=160, &ec=system:hardware_info, &cd5=6.0.1-eng.cwhuang.20170424.012407, &ea=has_battery, &el=battery, &an=org.android_x86.hardwarecollector, &cd12=1024 * 768 60Hz}
10-22 17:22:57.748  1370  1599 I ActivityManager: Killing 1830:com.android.externalstorage/u0a9 (adj 15): empty #17
10-22 17:22:57.749  1783  2770 D LogHelper: Google Analytics log entry: {&t=event, &cd3=x86_64, &cd1=userdebug, &ev=null, &cd4=Standard PC (i440FX + PIIX, 1996), &cd13=160, &ec=system:hardware_info, &cd5=6.0.1-eng.cwhuang.20170424.012407, &ea=has_ethernet, &el=e1000, &an=org.android_x86.hardwarecollector, &cd12=1024 * 768 60Hz}
10-22 17:22:57.787  1370  1431 I WifiHW  : got module path auto
10-22 17:22:57.787  1370  1431 E WifiStateMachine: Failed to load driver
10-22 17:22:57.787  1370  1598 D ActivityManager: cleanUpApplicationRecord -- 1830
10-22 17:22:57.788  1370  1431 D WIFI    : Registering NetworkFactory
10-22 17:22:57.788  1370  1431 D WIFI_UT : Registering NetworkFactory
10-22 17:22:57.788  1370  1433 D ConnectivityService: Got NetworkFactory Messenger for WIFI
10-22 17:22:57.788  1370  1433 D ConnectivityService: Got NetworkFactory Messenger for WIFI_UT
10-22 17:22:57.789  1370  1431 D WIFI    : got request NetworkRequest [ id=1, legacyType=-1, [ Capabilities: INTERNET&NOT_RESTRICTED&TRUSTED&NOT_VPN] ] with score 70
10-22 17:22:57.789  1370  1431 D WIFI_UT : got request NetworkRequest [ id=1, legacyType=-1, [ Capabilities: INTERNET&NOT_RESTRICTED&TRUSTED&NOT_VPN] ] with score 70
10-22 17:22:57.840  2941  2941 W libnb   : Native bridge is disabled
10-22 17:22:57.847  1370  2907 I ActivityManager: Start proc 2941:com.android.managedprovisioning/u0a16 for broadcast com.android.managedprovisioning/.BootReminder
10-22 17:22:57.848  1370  2907 I ActivityManager: Killing 2058:com.google.process.gapps/u0a47 (adj 15): empty #17
10-22 17:22:57.864  1764  2338 I chatty  : uid=10010 com.google.android.gms.persistent expire 3 lines
10-22 17:22:57.866  1370  1490 D ActivityManager: cleanUpApplicationRecord -- 2058
10-22 17:22:57.868  1370  1381 I ActivityManager: Killing 1845:com.android.printspooler/u0a57 (adj 15): empty #17
10-22 17:22:57.874  2941  2941 W System  : ClassLoader referenced unknown path: /system/priv-app/ManagedProvisioning/lib/x86_64
10-22 17:22:57.880  1370  2899 D ActivityManager: cleanUpApplicationRecord -- 1845
10-22 17:22:57.881  1370  1602 I ActivityManager: Killing 2471:com.android.settings/1000 (adj 15): empty #17
10-22 17:22:57.892  1370  2909 D ActivityManager: cleanUpApplicationRecord -- 2471
10-22 17:22:57.961  2893  2893 W Finsky  : [1] com.google.android.finsky.application.FinskyAppImpl.ak(1866): No account configured on this device.
10-22 17:22:57.999  1370  1601 I ActivityManager: Start proc 2977:com.google.android.gms.ui/u0a10 for service com.google.android.gms/.chimera.UiIntentOperationService
10-22 17:22:58.008  2893  2893 W Finsky  : [1] com.google.android.finsky.application.FinskyAppImpl.ak(1866): No account configured on this device.
10-22 17:22:58.019  2977  2977 I chatty  : uid=10010 com.google.android.gms.ui expire 12 lines
10-22 17:22:58.028  1873  2958 I MediaProvider: Upgrading media database from version 0 to 800, which will destroy all old data
10-22 17:22:58.075  2893  2893 W Finsky  : [1] com.google.android.finsky.application.FinskyAppImpl.ak(1866): No account configured on this device.
10-22 17:22:58.077  1873  2958 D MediaProvider: Adjusting external storage paths to: /storage/emulated/0
10-22 17:22:58.078  2893  2893 W Finsky  : [1] com.google.android.finsky.application.FinskyAppImpl.ak(1866): No account configured on this device.
10-22 17:22:58.082  2893  2893 W Finsky  : [1] com.google.android.finsky.application.FinskyAppImpl.ak(1866): No account configured on this device.
10-22 17:22:58.088  2893  2893 W Finsky  : [1] com.google.android.finsky.application.FinskyAppImpl.ak(1866): No account configured on this device.
10-22 17:22:58.088  2893  2893 W Finsky  : [1] com.google.android.finsky.application.FinskyAppImpl.ak(1866): No account configured on this device.
10-22 17:22:58.095  2095  2996 I chatty  : uid=10010(com.google.android.gms) expire 1 line
10-22 17:22:58.096  2893  2893 W Finsky  : [1] com.google.android.finsky.application.FinskyAppImpl.ak(1866): No account configured on this device.
10-22 17:22:58.097  1873  2958 E SQLiteLog: (1) no such table: files
10-22 17:22:58.098  2893  2893 W Finsky  : [1] com.google.android.finsky.application.FinskyAppImpl.ak(1866): No account configured on this device.
10-22 17:22:58.099  2893  2893 W Finsky  : [1] com.google.android.finsky.application.FinskyAppImpl.ak(1866): No account configured on this device.
10-22 17:22:58.112  1370  1490 W ActivityManager: Unable to start service Intent { act=com.google.android.gms.nearby.discovery:ACTION_INIT_MESSAGES_PATH cmp=com.google.android.gms/.nearby.discovery.service.DiscoveryService } U=0: not found
10-22 17:22:58.128  2893  2893 W Finsky  : [1] com.google.android.finsky.application.FinskyAppImpl.ak(1866): No account configured on this device.
10-22 17:22:58.139  2893  2893 W Finsky  : [1] com.google.android.finsky.application.FinskyAppImpl.ak(1866): No account configured on this device.
10-22 17:22:58.144  2893  2893 W Finsky  : [1] com.google.android.finsky.application.FinskyAppImpl.ak(1866): No account configured on this device.
10-22 17:22:58.154  2893  2893 W Finsky  : [1] com.google.android.finsky.application.FinskyAppImpl.ak(1866): No account configured on this device.
10-22 17:22:58.156  1066  1066 E WVMExtractor: Failed to open libwvm.so: dlopen failed: library "libwvm.so" not found
10-22 17:22:58.170  2893  2893 W Finsky  : [1] com.google.android.finsky.application.FinskyAppImpl.ak(1866): No account configured on this device.
10-22 17:22:58.172  2893  2893 W Finsky  : [1] com.google.android.finsky.application.FinskyAppImpl.ak(1866): No account configured on this device.
10-22 17:22:58.174  2893  2893 W Finsky  : [1] com.google.android.finsky.application.FinskyAppImpl.ak(1866): No account configured on this device.
10-22 17:22:58.174  2893  2893 W Finsky  : [1] com.google.android.finsky.application.FinskyAppImpl.ak(1866): No account configured on this device.
10-22 17:22:58.175  2893  2893 W Finsky  : [1] com.google.android.finsky.application.FinskyAppImpl.ak(1866): No account configured on this device.
10-22 17:22:58.175  2893  2893 W Finsky  : [1] com.google.android.finsky.application.FinskyAppImpl.ak(1866): No account configured on this device.
10-22 17:22:58.176  2893  2893 W Finsky  : [1] com.google.android.finsky.application.FinskyAppImpl.ak(1866): No account configured on this device.
10-22 17:22:58.190  2893  2893 W Finsky  : [1] com.google.android.finsky.application.FinskyAppImpl.ak(1866): No account configured on this device.
10-22 17:22:58.190  2893  2893 W Finsky  : [1] com.google.android.finsky.application.FinskyAppImpl.ak(1866): No account configured on this device.
10-22 17:22:58.204  2893  2893 W Finsky  : [1] com.google.android.finsky.application.FinskyAppImpl.ak(1866): No account configured on this device.
10-22 17:22:58.205  2893  2893 I Finsky  : [1] com.google.android.finsky.dailyhygiene.DailyHygiene.a(297): No recent hygiene success, needs more hygiene.
10-22 17:22:58.205  2893  2893 W Finsky  : [1] com.google.android.finsky.application.FinskyAppImpl.ak(1866): No account configured on this device.
10-22 17:22:58.226  2893  2893 W Finsky  : [1] com.google.android.finsky.application.FinskyAppImpl.ak(1866): No account configured on this device.
10-22 17:22:58.228  2893  2893 W Finsky  : [1] com.google.android.finsky.application.FinskyAppImpl.ak(1866): No account configured on this device.
10-22 17:22:58.233  2893  2893 W Settings: Setting download_manager_max_bytes_over_mobile has moved from android.provider.Settings.Secure to android.provider.Settings.Global.
10-22 17:22:58.234  2893  2893 W Settings: Setting download_manager_recommended_max_bytes_over_mobile has moved from android.provider.Settings.Secure to android.provider.Settings.Global.
10-22 17:22:58.236  2893  2893 W Finsky  : [1] com.google.android.finsky.application.FinskyAppImpl.ak(1866): No account configured on this device.
10-22 17:22:58.241  2893  2893 W Finsky  : [1] com.google.android.finsky.application.FinskyAppImpl.ak(1866): No account configured on this device.
10-22 17:22:58.241  2095  2220 I chatty  : uid=10010(com.google.android.gms) GAC_Executor[0] expire 12 lines
10-22 17:22:58.242  2893  2893 W Finsky  : [1] com.google.android.finsky.application.FinskyAppImpl.ak(1866): No account configured on this device.
10-22 17:22:58.243  2893  2893 W Finsky  : [1] com.google.android.finsky.application.FinskyAppImpl.ak(1866): No account configured on this device.
10-22 17:22:58.243  2893  2893 W Finsky  : [1] com.google.android.finsky.application.FinskyAppImpl.ak(1866): No account configured on this device.
10-22 17:22:58.244  1764  1764 I chatty  : uid=10010 com.google.android.gms.persistent expire 21 lines
10-22 17:22:58.246  2893  2893 W Finsky  : [1] com.google.android.finsky.application.FinskyAppImpl.ak(1866): No account configured on this device.
10-22 17:22:58.246  2893  2893 W Finsky  : [1] com.google.android.finsky.application.FinskyAppImpl.ak(1866): No account configured on this device.
10-22 17:22:58.246  2893  2893 W Finsky  : [1] com.google.android.finsky.application.FinskyAppImpl.ak(1866): No account configured on this device.
10-22 17:22:58.247  2893  2893 W Finsky  : [1] com.google.android.finsky.application.FinskyAppImpl.ak(1866): No account configured on this device.
10-22 17:22:58.247  2893  2893 W Finsky  : [1] com.google.android.finsky.application.FinskyAppImpl.ak(1866): No account configured on this device.
10-22 17:22:58.247  2893  2893 W Finsky  : [1] com.google.android.finsky.application.FinskyAppImpl.ak(1866): No account configured on this device.
10-22 17:22:58.253  2893  2893 W Finsky  : [1] com.google.android.finsky.application.FinskyAppImpl.ak(1866): No account configured on this device.
10-22 17:22:58.255  2893  2893 W Finsky  : [1] com.google.android.finsky.application.FinskyAppImpl.ak(1866): No account configured on this device.
10-22 17:22:58.257  2893  2893 W Finsky  : [1] com.google.android.finsky.application.FinskyAppImpl.ak(1866): No account configured on this device.
10-22 17:22:58.257  2893  2893 W Finsky  : [1] com.google.android.finsky.application.FinskyAppImpl.ak(1866): No account configured on this device.
10-22 17:22:58.267  2095  3024 I chatty  : uid=10010(com.google.android.gms) AsyncTask #2 expire 1 line
10-22 17:22:58.273  2893  2893 W Finsky  : [1] com.google.android.finsky.application.FinskyAppImpl.ak(1866): No account configured on this device.
10-22 17:22:58.274  2893  2893 W Finsky  : [1] com.google.android.finsky.application.FinskyAppImpl.a(1472): No account configured on this device.
10-22 17:22:58.277  2893  2893 W Finsky  : [1] com.google.android.finsky.application.FinskyAppImpl.ak(1866): No account configured on this device.
10-22 17:22:58.278  2893  2893 W Finsky  : [1] com.google.android.finsky.application.FinskyAppImpl.ak(1866): No account configured on this device.
10-22 17:22:58.278  2893  2893 W Finsky  : [1] com.google.android.finsky.application.FinskyAppImpl.ak(1866): No account configured on this device.
10-22 17:22:58.278  2893  2893 W Finsky  : [1] com.google.android.finsky.application.FinskyAppImpl.ak(1866): No account configured on this device.
10-22 17:22:58.286  2893  3029 W Finsky  : [206] com.google.android.finsky.application.FinskyAppImpl.ak(1866): No account configured on this device.
10-22 17:22:58.314  1963  1963 I CustomTabsSyncTask: No Custom Tabs browser found.
10-22 17:22:58.314  1963  1963 I SpeakerIdMUpgradeTask: App version upgraded to 300734847: running speaker ID model upgrade tasks.
10-22 17:22:58.316  1963  1963 I SpeakerIdMUpgradeTaskV2: App version upgraded to 300734847: running speaker ID model upgrade tasks v2.
10-22 17:22:58.317  1963  1963 I SpeakerIdMUpgradeTaskV2: Seamless account switch enabled: true, SpeakerId model upgraded: false
10-22 17:22:58.317  1963  1963 I SpeakerIdMUpgradeTaskV2: SPEAKER_ID_MODEL_UPGRADED_V2 for user [REDACTED-1].
10-22 17:22:58.317  1963  1963 I UtteranceUpgradeTask: App version upgraded to 300734847: running speaker utterance upgrade tasks.
10-22 17:22:58.319  1963  1963 I UtteranceUpgradeTask: Seamless utterances flag enabled: true, Utterances already upgraded to seamless: false
10-22 17:22:58.319  1963  2142 I UtteranceUpgradeTask: Starting upgrade for User [REDACTED-1]
10-22 17:22:58.319  2893  2893 W Finsky  : [1] com.google.android.finsky.application.FinskyAppImpl.ak(1866): No account configured on this device.
10-22 17:22:58.320  1963  2142 I UtteranceUpgradeTask: # Utterance files found-0
10-22 17:22:58.320  1963  2142 I UtteranceUpgradeTask: Utterances upgraded for user ([REDACTED-1]).
10-22 17:22:58.321  2893  2893 W Finsky  : [1] com.google.android.finsky.application.FinskyAppImpl.ak(1866): No account configured on this device.
10-22 17:22:58.322  2397  2397 D AlertReceiver: onReceive: a=android.intent.action.BOOT_COMPLETED Intent { act=android.intent.action.BOOT_COMPLETED flg=0x8000010 cmp=com.android.calendar/.alerts.AlertReceiver (has extras) }
10-22 17:22:58.334  1370  2763 I ActivityManager: Start proc 3033:com.android.camera2/u0a34 for broadcast com.android.camera2/com.android.camera.DisableCameraReceiver
10-22 17:22:58.341  2893  2893 I Finsky  : [1] com.google.android.finsky.f.a.a.a(16889): result=false type=4
10-22 17:22:58.343  2893  2893 W Finsky  : [1] com.google.android.finsky.application.FinskyAppImpl.ak(1866): No account configured on this device.
10-22 17:22:58.345  2893  2893 W Finsky  : [1] com.google.android.finsky.application.FinskyAppImpl.ak(1866): No account configured on this device.
10-22 17:22:58.345  2893  2893 W Finsky  : [1] com.google.android.finsky.application.FinskyAppImpl.ak(1866): No account configured on this device.
10-22 17:22:58.346  2893  2893 W Finsky  : [1] com.google.android.finsky.application.FinskyAppImpl.ak(1866): No account configured on this device.
10-22 17:22:58.351  2893  3029 W Finsky  : [206] com.google.android.finsky.application.FinskyAppImpl.ak(1866): No account configured on this device.
10-22 17:22:58.352  2893  2893 W Finsky  : [1] com.google.android.finsky.application.FinskyAppImpl.ak(1866): No account configured on this device.
10-22 17:22:58.352  2893  3029 W Finsky  : [206] com.google.android.finsky.application.FinskyAppImpl.ak(1866): No account configured on this device.
10-22 17:22:58.352  2893  2893 W Finsky  : [1] com.google.android.finsky.application.FinskyAppImpl.ak(1866): No account configured on this device.
10-22 17:22:58.353  2893  2893 W Finsky  : [1] com.google.android.finsky.application.FinskyAppImpl.ak(1866): No account configured on this device.
10-22 17:22:58.357  2893  2906 W Finsky  : [182] com.google.android.finsky.application.FinskyAppImpl.ak(1866): No account configured on this device.
10-22 17:22:58.357  2893  2906 I Finsky  : [182] com.google.android.finsky.services.e.a(58): Received content filters request from sharedUserId=com.google.uid.shared:10010
10-22 17:22:58.363  2893  2906 W Finsky  : [182] com.google.android.finsky.application.FinskyAppImpl.ak(1866): No account configured on this device.
10-22 17:22:58.363  2893  2906 W Finsky  : [182] com.google.android.finsky.application.FinskyAppImpl.ak(1866): No account configured on this device.
10-22 17:22:58.372  2893  2893 W Finsky  : [1] com.google.android.finsky.application.FinskyAppImpl.ak(1866): No account configured on this device.
10-22 17:22:58.374  2893  2893 W Finsky  : [1] com.google.android.finsky.application.FinskyAppImpl.ak(1866): No account configured on this device.
10-22 17:22:58.374  2893  2893 I Finsky  : [1] com.google.android.finsky.services.ax.a(963): Restore complete with 0 success and 0 failed.
10-22 17:22:58.380  2893  2893 E Finsky  : [1] com.google.android.finsky.wear.bl.a(847): onConnectionFailed: ConnectionResult{statusCode=API_UNAVAILABLE, resolution=null, message=null}
10-22 17:22:58.380  2893  2893 I Finsky  : [1] com.google.android.finsky.wear.aj.run(20402): Dropping command=send_installed_apps due to Gms not connected
10-22 17:22:58.383  1370  1381 I ActivityManager: Killing 2609:com.android.gallery3d/u0a44 (adj 15): empty #17
10-22 17:22:58.395  1370  1600 D ActivityManager: cleanUpApplicationRecord -- 2609
10-22 17:22:58.410  1370  2907 I ActivityManager: Killing 2716:com.android.keychain/1000 (adj 15): empty #17
10-22 17:22:58.415  2409  2491 W YouTube : Could not register with GCM: 
10-22 17:22:58.415  2409  2491 W YouTube : java.io.IOException: AUTHENTICATION_FAILED
10-22 17:22:58.415  2409  2491 W YouTube : 	at jnk.b(Unknown Source)
10-22 17:22:58.415  2409  2491 W YouTube : 	at jnk.a(Unknown Source)
10-22 17:22:58.415  2409  2491 W YouTube : 	at jnh.a(Unknown Source)
10-22 17:22:58.415  2409  2491 W YouTube : 	at kqv.a(SourceFile:5)
10-22 17:22:58.415  2409  2491 W YouTube : 	at tbz.b(SourceFile:26)
10-22 17:22:58.415  2409  2491 W YouTube : 	at tca.run(SourceFile:4)
10-22 17:22:58.415  2409  2491 W YouTube : 	at java.util.concurrent.Executors$RunnableAdapter.call(Executors.java:423)
10-22 17:22:58.415  2409  2491 W YouTube : 	at java.util.concurrent.FutureTask.run(FutureTask.java:237)
10-22 17:22:58.415  2409  2491 W YouTube : 	at java.util.concurrent.ScheduledThreadPoolExecutor$ScheduledFutureTask.run(ScheduledThreadPoolExecutor.java:269)
10-22 17:22:58.415  2409  2491 W YouTube : 	at java.util.concurrent.ThreadPoolExecutor.runWorker(ThreadPoolExecutor.java:1113)
10-22 17:22:58.415  2409  2491 W YouTube : 	at java.util.concurrent.ThreadPoolExecutor$Worker.run(ThreadPoolExecutor.java:588)
10-22 17:22:58.415  2409  2491 W YouTube : 	at nzc.run(SourceFile:24)
10-22 17:22:58.415  2409  2491 W YouTube : 	at java.lang.Thread.run(Thread.java:818)
10-22 17:22:58.421  1370  2883 D ActivityManager: cleanUpApplicationRecord -- 2716
10-22 17:22:58.431  2095  3060 I chatty  : uid=10010(com.google.android.gms) expire 2 lines
10-22 17:22:58.442  2095  3062 I chatty  : uid=10010(com.google.android.gms) expire 2 lines
10-22 17:22:58.445  3033  3033 V CAM_Profiler: [  0.000ms][ui] GUARD: CameraApp onCreate() - START
10-22 17:22:58.445  3033  3033 V CAM_Profiler: [  0.000ms][ui] GUARD: FirstRunDetector getTimeOfFirstRun - START
10-22 17:22:58.445  3033  3033 V CAM_Profiler: [  0.162ms][ui] GUARD: FirstRunDetector getTimeOfFirstRun - [ 0.162ms] PreferenceManager.getDefaultSharedPreferences
10-22 17:22:58.450  3033  3033 V CAM_Profiler: [  4.721ms][ui] GUARD: FirstRunDetector getTimeOfFirstRun - [ 4.559ms] preferences.getLong
10-22 17:22:58.451  3033  3033 V CAM_Profiler: [  5.740ms][ui] GUARD: FirstRunDetector getTimeOfFirstRun - [ 1.019ms] getSharedPreferences
10-22 17:22:58.456  3033  3033 V CAM_Profiler: [ 10.550ms][ui] GUARD: FirstRunDetector getTimeOfFirstRun - [ 4.809ms] preferences.edit()
10-22 17:22:58.456  3033  3033 V CAM_Profiler: [ 10.624ms][ui] GUARD: FirstRunDetector getTimeOfFirstRun - STOP
10-22 17:22:58.456  3033  3033 V CAM_Profiler: [ 12.808ms][ui] GUARD: CameraApp onCreate() - [12.808ms] initializeTimeOfFirstRun
10-22 17:22:58.456  3033  3033 V CAM_Profiler: [ 12.980ms][ui] GUARD: CameraApp onCreate() - [ 0.172ms] UsageStatistics.initialize
10-22 17:22:58.459  3033  3033 V CAM_Profiler: [ 15.958ms][ui] GUARD: CameraApp onCreate() - [ 2.978ms] clearNotifications
10-22 17:22:58.459  3033  3033 I CAM_Profiler: [ 15.958ms][ui] GUARD: CameraApp onCreate() - STOP
10-22 17:22:58.461  1764  2343 I chatty  : uid=10010 com.google.android.gms.persistent expire 9 lines
10-22 17:22:58.462  3033  3033 I CAM_DisableCamRcver: no back camera
10-22 17:22:58.462  3033  3033 I CAM_DisableCamRcver: disable all camera activities
10-22 17:22:58.463  2433  2433 V AlarmClock: AlarmInitReceiver android.intent.action.BOOT_COMPLETED
10-22 17:22:58.464  2433  2469 V AlarmClock: AlarmInitReceiver - Reset timers and clear stopwatch data
10-22 17:22:58.471  2433  2469 V AlarmClock: AlarmInitReceiver - resetting volume button default
10-22 17:22:58.476  2433  2469 V AlarmClock: AlarmInitReceiver finished
10-22 17:22:58.493  1370  2907 I ActivityManager: Start proc 3069:com.android.gallery3d/u0a44 for broadcast com.android.gallery3d/com.android.camera.DisableCameraReceiver
10-22 17:22:58.494  1370  1597 W ActivityManager: Unable to start service Intent { act=com.google.android.gms.analytics.service.START cmp=com.google.android.gms/.analytics.service.AnalyticsService (has extras) } U=0: not found
10-22 17:22:58.496  2806  3067 I Email   : Onetime initialization: 1
10-22 17:22:58.496  1860  2503 W GAV2    : Thread[Service Reconnect,5,main]: Service unavailable (code=1), using local store.
10-22 17:22:58.496  2806  3067 I Email   : Onetime initialization: 2
10-22 17:22:58.499  2806  3067 I Email   : Onetime initialization: completed.
10-22 17:22:58.502  1370  1597 W ActivityManager: Unable to start service Intent { act=com.android.email.EXCHANGE_INTENT pkg=com.android.exchange } U=0: not found
10-22 17:22:58.502  1370  2909 W ActivityManager: Unable to start service Intent { act=com.android.email.EXCHANGE_INTENT pkg=com.android.exchange } U=0: not found
10-22 17:22:58.504  1370  1601 I ActivityManager: Killing 2707:com.android.dialer/u0a7 (adj 15): empty #17
10-22 17:22:58.512  2806  2806 E ActivityThread: Service com.android.email.service.EmailBroadcastProcessorService has leaked ServiceConnection com.android.emailcommon.service.ServiceProxy$ProxyConnection@218eb35 that was originally bound here
10-22 17:22:58.512  2806  2806 E ActivityThread: android.app.ServiceConnectionLeaked: Service com.android.email.service.EmailBroadcastProcessorService has leaked ServiceConnection com.android.emailcommon.service.ServiceProxy$ProxyConnection@218eb35 that was originally bound here
10-22 17:22:58.512  2806  2806 E ActivityThread: 	at android.app.LoadedApk$ServiceDispatcher.<init>(LoadedApk.java:1092)
10-22 17:22:58.512  2806  2806 E ActivityThread: 	at android.app.LoadedApk.getServiceDispatcher(LoadedApk.java:986)
10-22 17:22:58.512  2806  2806 E ActivityThread: 	at android.app.ContextImpl.bindServiceCommon(ContextImpl.java:1303)
10-22 17:22:58.512  2806  2806 E ActivityThread: 	at android.app.ContextImpl.bindService(ContextImpl.java:1286)
10-22 17:22:58.512  2806  2806 E ActivityThread: 	at android.content.ContextWrapper.bindService(ContextWrapper.java:604)
10-22 17:22:58.512  2806  2806 E ActivityThread: 	at com.android.emailcommon.service.ServiceProxy.setTask(ServiceProxy.java:181)
10-22 17:22:58.512  2806  2806 E ActivityThread: 	at com.android.emailcommon.service.ServiceProxy.test(ServiceProxy.java:224)
10-22 17:22:58.512  2806  2806 E ActivityThread: 	at com.android.email.service.EmailServiceUtils.isServiceAvailable(EmailServiceUtils.java:160)
10-22 17:22:58.512  2806  2806 E ActivityThread: 	at com.android.email.provider.AccountReconciler.reconcileAccountsInternal(AccountReconciler.java:171)
10-22 17:22:58.512  2806  2806 E ActivityThread: 	at com.android.email.provider.AccountReconciler.reconcileAccounts(AccountReconciler.java:115)
10-22 17:22:58.512  2806  2806 E ActivityThread: 	at com.android.email.service.EmailBroadcastProcessorService.reconcileAndStartServices(EmailBroadcastProcessorService.java:305)
10-22 17:22:58.512  2806  2806 E ActivityThread: 	at com.android.email.service.EmailBroadcastProcessorService.onBootCompleted(EmailBroadcastProcessorService.java:295)
10-22 17:22:58.512  2806  2806 E ActivityThread: 	at com.android.email.service.EmailBroadcastProcessorService.onHandleIntent(EmailBroadcastProcessorService.java:130)
10-22 17:22:58.512  2806  2806 E ActivityThread: 	at android.app.IntentService$ServiceHandler.handleMessage(IntentService.java:66)
10-22 17:22:58.512  2806  2806 E ActivityThread: 	at android.os.Handler.dispatchMessage(Handler.java:102)
10-22 17:22:58.512  2806  2806 E ActivityThread: 	at android.os.Looper.loop(Looper.java:148)
10-22 17:22:58.512  2806  2806 E ActivityThread: 	at android.os.HandlerThread.run(HandlerThread.java:61)
10-22 17:22:58.515  1370  1599 W ActivityManager: Unbind failed: could not find connection for android.os.BinderProxy@1084d6d
10-22 17:22:58.515  1370  1602 D ActivityManager: cleanUpApplicationRecord -- 2707
10-22 17:22:58.517  3069  3069 I G:DisableCameraReceiver: no back camera
10-22 17:22:58.517  3069  3069 I G:DisableCameraReceiver: disable all camera activities
10-22 17:22:58.536  1860  1860 W EasBundling: ExchangeUpgradeReceiver: action=android.intent.action.BOOT_COMPLETED data=null
10-22 17:22:58.536  1860  1860 W EasBundling: ExchangeUpgradeUtils: isExchangeLegacy=false
10-22 17:22:58.541  1370  1393 I ActivityManager: Force stopping com.google.android.gm appid=10045 user=0: pkg changed
10-22 17:22:58.541  1370  1393 I ActivityManager: Killing 1860:com.google.android.gm/u0a45 (adj 0): stop com.google.android.gm
10-22 17:22:58.552  1370  1393 D ActivityManager: cleanUpApplicationRecord -- 1860
10-22 17:22:58.552  1370  1393 W ActivityManager: Scheduling restart of crashed service com.google.android.gm/com.android.email.service.EmailBroadcastProcessorService in 1000ms
10-22 17:22:58.552  1370  1393 W ActivityManager: Scheduling restart of crashed service com.google.android.gm/.GmailIntentService in 11000ms
10-22 17:22:58.552  1370  1393 I ActivityManager:   Force stopping service ServiceRecord{62e768f u0 com.google.android.gm/com.android.email.service.EmailBroadcastProcessorService}
10-22 17:22:58.553  1370  1414 I InputReader: Reconfiguring input devices.  changes=0x00000010
10-22 17:22:58.557  3086  3086 W libnb   : Native bridge is disabled
10-22 17:22:58.563  1370  1384 I ActivityManager: Start proc 3086:com.google.process.gapps/u0a47 for broadcast com.google.android.syncadapters.contacts/.ContactsSyncAdapterBroadcastReceiver
10-22 17:22:58.565  1370  1600 W ActivityManager: Spurious death for ProcessRecord{5456c88 0:com.google.android.gm/u0a45}, curProc for 1860: null
10-22 17:22:58.572  3086  3086 W System  : ClassLoader referenced unknown path: /system/app/GoogleContactsSyncAdapter/lib/x86_64
10-22 17:22:58.586  1873  2958 W MediaProvider: Missing volume for /system; assuming invalid
10-22 17:22:58.587  1873  2958 W MediaProvider: Missing volume for /system/media; assuming invalid
10-22 17:22:58.592  1873  2958 W MediaProvider: Missing volume for /system/media/audio; assuming invalid
10-22 17:22:58.594  1873  2958 W MediaProvider: Missing volume for /system/media/audio/alarms; assuming invalid
10-22 17:22:58.595  2095  2238 I chatty  : uid=10010(com.google.android.gms) lowpool[0] expire 14 lines
10-22 17:22:58.603  1873  2958 W MediaProvider: Missing volume for /system/media/audio/notifications; assuming invalid
10-22 17:22:58.612  1370  2907 W ActivityManager: Unable to start service Intent { act=android.intent.action.USER_PRESENT cmp=com.google.android.gms/.cast.service.CastPersistentService } U=0: not found
10-22 17:22:58.614  1370  1597 I ActivityManager: Killing 2446:com.android.providers.calendar/u0a2 (adj 15): empty #17
10-22 17:22:58.619  1370  1601 D ActivityManager: cleanUpApplicationRecord -- 2446
10-22 17:22:58.620  1873  2958 W MediaProvider: Missing volume for /system/media/audio/ringtones; assuming invalid
10-22 17:22:58.627  1873  2958 W MediaProvider: Missing volume for /system/media/audio/alarms/Barium.ogg; assuming invalid
10-22 17:22:58.629  1873  2958 W MediaProvider: Missing volume for /system/media/audio/alarms/Cesium.ogg; assuming invalid
10-22 17:22:58.633  1873  2958 W MediaProvider: Missing volume for /system/media/audio/alarms/Plutonium.ogg; assuming invalid
10-22 17:22:58.636  1066  1066 E MetadataRetrieverClient: failed to extract an album art
10-22 17:22:58.640  1873  2958 W MediaProvider: Missing volume for /system/media/audio/alarms/Scandium.ogg; assuming invalid
10-22 17:22:58.646  1873  2958 W MediaProvider: Missing volume for /system/media/audio/notifications/Antimony.ogg; assuming invalid
10-22 17:22:58.647  1873  2958 W MediaProvider: Missing volume for /system/media/audio/notifications/Argon.ogg; assuming invalid
10-22 17:22:58.649  1873  2958 W MediaProvider: Missing volume for /system/media/audio/notifications/Beryllium.ogg; assuming invalid
10-22 17:22:58.650  1873  2958 W MediaProvider: Missing volume for /system/media/audio/notifications/Cobalt.ogg; assuming invalid
10-22 17:22:58.652  1873  2958 W MediaProvider: Missing volume for /system/media/audio/notifications/Fluorine.ogg; assuming invalid
10-22 17:22:58.654  1873  2958 W MediaProvider: Missing volume for /system/media/audio/notifications/Gallium.ogg; assuming invalid
10-22 17:22:58.655  1873  2958 W MediaProvider: Missing volume for /system/media/audio/notifications/Helium.ogg; assuming invalid
10-22 17:22:58.657  1873  2958 W MediaProvider: Missing volume for /system/media/audio/notifications/Iridium.ogg; assuming invalid
10-22 17:22:58.658  1873  2958 W MediaProvider: Missing volume for /system/media/audio/notifications/Krypton.ogg; assuming invalid
10-22 17:22:58.661  1873  2958 W MediaProvider: Missing volume for /system/media/audio/notifications/Palladium.ogg; assuming invalid
10-22 17:22:58.662  1873  2958 W MediaProvider: Missing volume for /system/media/audio/notifications/Radon.ogg; assuming invalid
10-22 17:22:58.664  1066  1066 E MetadataRetrieverClient: failed to extract an album art
10-22 17:22:58.665  1873  2958 W MediaProvider: Missing volume for /system/media/audio/notifications/Rubidium.ogg; assuming invalid
10-22 17:22:58.669  1873  2958 W MediaProvider: Missing volume for /system/media/audio/notifications/Selenium.ogg; assuming invalid
10-22 17:22:58.674  1873  2958 W MediaProvider: Missing volume for /system/media/audio/notifications/Strontium.ogg; assuming invalid
10-22 17:22:58.684  1873  2958 W MediaProvider: Missing volume for /system/media/audio/notifications/Thallium.ogg; assuming invalid
10-22 17:22:58.689  1873  2958 W MediaProvider: Missing volume for /system/media/audio/notifications/Xenon.ogg; assuming invalid
10-22 17:22:58.695  3106  3106 W libnb   : Native bridge is disabled
10-22 17:22:58.697  1873  2958 W MediaProvider: Missing volume for /system/media/audio/notifications/Zirconium.ogg; assuming invalid
10-22 17:22:58.701  1370  2883 I ActivityManager: Start proc 3106:com.google.android.gm/u0a45 for content provider com.google.android.gm/com.android.exchange.provider.ExchangeDirectoryProvider
10-22 17:22:58.704  2893  2893 W Finsky  : [1] com.google.android.finsky.application.FinskyAppImpl.ak(1866): No account configured on this device.
10-22 17:22:58.711  1370  2881 I ActivityManager: Killing 1987:com.cyanogenmod.eleven/u0a40 (adj 15): empty #17
10-22 17:22:58.713  1873  2958 W MediaProvider: Missing volume for /system/media/audio/ringtones/Sceptrum.ogg; assuming invalid
10-22 17:22:58.716  3106  3106 W System  : ClassLoader referenced unknown path: /system/app/Gmail2/lib/x86_64
10-22 17:22:58.719  1066  1066 E MetadataRetrieverClient: failed to extract an album art
10-22 17:22:58.728  1370  1600 D ActivityManager: cleanUpApplicationRecord -- 1987
10-22 17:22:58.758  3106  3106 W EasBundling: in EasBundling.init, isBundlingEnabled=true
10-22 17:22:58.784  3106  3129 D ActivityThread: Loading provider com.google.android.gmail.provider;com.android.mail.notifier;com.google.android.gm.email.provider;com.google.android.gm.tasks.provider;com.google.android.gm.email.notifier: com.android.email.provider.EmailProvider
10-22 17:22:58.786  3106  3128 I UnifiedEmail: getAccountsCursor
10-22 17:22:58.813  3106  3106 W GAV2    : Thread[main,5,main]: Need to call initialize() and be in fallback mode to start dispatch.
10-22 17:22:58.826  3106  3129 I UnifiedEmail: Initiated Service map for: [gPop3, gLegacyImap, gEas, gmail]
10-22 17:22:58.838  1370  1601 W ActivityManager: Unable to start service Intent { cmp=com.google.android.gm/com.android.email.service.AttachmentService } U=0: not found
10-22 17:22:58.852  2095  2288 I chatty  : uid=10010(com.google.android.gms) lowpool[2] expire 13 lines
10-22 17:22:58.852  3106  3138 I Gmail   : Observing account changes for notifications
10-22 17:22:58.860  1370  3140 I CertBlacklister: Certificate blacklist changed, updating...
10-22 17:22:58.860  1370  3140 I CertBlacklister: Certificate blacklist updated
10-22 17:22:58.861  3106  3106 I Gmail   : Recorded initial entry point: OTHER_NON_UI.
10-22 17:22:58.861  3106  3106 I Exchange: EasService.onCreate
10-22 17:22:58.861  1370  2907 W ActivityManager: Unable to start service Intent { cmp=com.google.android.gm.exchange/com.android.exchange.service.EasService } U=0: not found
10-22 17:22:58.861  3106  3106 I Exchange: EasService.onCreate stoppedOldService=false
10-22 17:22:58.864  3106  3106 I Exchange: needResyncCalendar: false, hasCalendarPermission: false, needResyncContacts: false, hasContactsPermission: false
10-22 17:22:58.864  1370  3141 I CertBlacklister: Certificate blacklist changed, updating...
10-22 17:22:58.865  1370  3141 I CertBlacklister: Certificate blacklist updated
10-22 17:22:58.865  3106  3128 I UnifiedEmail: getAccountsCursor
10-22 17:22:58.870  3106  3142 I Exchange: RestartPingTask
10-22 17:22:58.881  3106  3106 I Exchange: RestartPingsTask did not start any pings.
10-22 17:22:58.893  3106  3106 I Exchange: onDestroy
10-22 17:22:58.893  3106  3129 I UnifiedEmail: getAccountsCursor
10-22 17:22:58.899  3106  3139 I UnifiedEmail: getAccountsCursor
10-22 17:22:58.912  2026  2170 I chatty  : uid=10010(com.google.android.gms) Binder_3 expire 1 line
10-22 17:22:58.919  2775  3156 I ConfigUpdater: Update started
10-22 17:22:58.919  1370  1598 D AlarmManagerService: Kernel timezone updated to -210 minutes west of GMT
10-22 17:22:58.921  2775  2775 E ConfigUpdater: Received malformed URL while handling Gservices.CHANGED_ACTION intent_firewall: null null
10-22 17:22:58.933  2775  2775 E ConfigUpdater: Received malformed URL while handling Gservices.CHANGED_ACTION apn_db: null null
10-22 17:22:58.933  2775  3157 I ConfigUpdater: Update started
10-22 17:22:58.935  2775  2775 E ConfigUpdater: Received malformed URL while handling Gservices.CHANGED_ACTION tzdata: null null
10-22 17:22:58.937  2775  2775 E ConfigUpdater: Received malformed URL while handling Gservices.CHANGED_ACTION selinux: null null
10-22 17:22:58.938  2775  2775 E ConfigUpdater: Received malformed URL while handling Gservices.CHANGED_ACTION carrier_provisioning_urls: null null
10-22 17:22:58.943  2095  2189 E ActivityThread: Failed to find provider info for com.google.android.wearable.settings
10-22 17:22:58.966  2397  2525 I GlobalDismissManager: no sender configured
10-22 17:22:58.967  2397  2525 D AlertService: Beginning updateAlertNotification
10-22 17:22:58.975  3167  3167 W libnb   : Native bridge is disabled
10-22 17:22:58.977  1370  1602 I ActivityManager: Start proc 3167:com.android.providers.calendar/u0a2 for content provider com.android.providers.calendar/.CalendarProvider2
10-22 17:22:58.982  1873  3165 D DownloadManager: [2] Starting
10-22 17:22:58.990  1873  3174 D DownloadManager: [3] Starting
10-22 17:22:58.997  3167  3167 W System  : ClassLoader referenced unknown path: /system/priv-app/CalendarProvider/lib/x86_64
10-22 17:22:59.009  3167  3167 I CalendarProvider2: Created com.android.providers.calendar.CalendarAlarmManager@6799e55(com.android.providers.calendar.CalendarProvider2@ac4806a)
10-22 17:22:59.033  2397  2525 D AlertService: No fired or scheduled alerts
10-22 17:22:59.069  2397  2525 D AlertService: Scheduling next alarm with AlarmScheduler. sEventReminderReceived: null
10-22 17:22:59.140  2397  2525 D AlarmScheduler: No events found starting within 1 week.
10-22 17:22:59.142  2397  2525 D AlertService: 0 Action = android.intent.action.LOCALE_CHANGED
10-22 17:22:59.142  2397  2525 I GlobalDismissManager: no sender configured
10-22 17:22:59.142  2397  2525 D AlertService: Beginning updateAlertNotification
10-22 17:22:59.172  2397  2525 D AlertService: No fired or scheduled alerts
10-22 17:22:59.195  2397  2525 D AlertService: Scheduling next alarm with AlarmScheduler. sEventReminderReceived: null
10-22 17:22:59.207  2893  2893 W Finsky  : [1] com.google.android.finsky.application.FinskyAppImpl.ak(1866): No account configured on this device.
10-22 17:22:59.216  2893  2893 W Finsky  : [1] com.google.android.finsky.application.FinskyAppImpl.ak(1866): No account configured on this device.
10-22 17:22:59.216  2893  2893 W Finsky  : [1] com.google.android.finsky.application.FinskyAppImpl.ak(1866): No account configured on this device.
10-22 17:22:59.217  2893  2893 I Finsky  : [1] com.google.android.finsky.dailyhygiene.DailyHygiene$DailyHygieneService.onStartCommand(21526): DailyHygiene holdoff continue
10-22 17:22:59.217  2893  2893 W Finsky  : [1] com.google.android.finsky.application.FinskyAppImpl.ak(1866): No account configured on this device.
10-22 17:22:59.247  2009  2073 E ELEVEN  : calling refresh!
10-22 17:22:59.254  2397  2525 D AlarmScheduler: No events found starting within 1 week.
10-22 17:22:59.257  2397  2525 D AlertService: 0 Action = android.intent.action.BOOT_COMPLETED
10-22 17:22:59.276  2397  2525 D AlertService: Scheduling next alarm with AlarmScheduler. sEventReminderReceived: null
10-22 17:22:59.282  2397  2525 D AlarmScheduler: No events found starting within 1 week.
10-22 17:22:59.323  1066  1894 W APM::AudioPolicyManager: getOutput() could not find output for stream 1, samplingRate 0,format 0, channels 3, flags 0
10-22 17:22:59.324  1066  1066 W APM::AudioPolicyManager: getOutput() could not find output for stream 1, samplingRate 0,format 0, channels 3, flags 0
10-22 17:22:59.325  1066  1782 W APM::AudioPolicyManager: getOutput() could not find output for stream 1, samplingRate 44100,format 1, channels 3, flags 4
10-22 17:22:59.325  1370  1439 E AudioTrack: Could not get audio output for session 9, stream type -1, usage 13, sample rate 44100, format 0x1, channel mask 0x3, flags 0x4
10-22 17:22:59.325  1370  1439 E SoundPool: Error creating AudioTrack
10-22 17:22:59.335  2095  2095 I chatty  : uid=10010(com.google.android.gms) expire 10 lines
10-22 17:22:59.377  1764  3203 I chatty  : uid=10010 com.google.android.gms.persistent expire 7 lines
10-22 17:22:59.400  1743  3208 I chatty  : uid=10050(com.android.inputmethod.latin) RenderThread expire 10 lines
10-22 17:22:59.445  1743  1743 I chatty  : uid=10050(com.android.inputmethod.latin) expire 14 lines
10-22 17:22:59.462  1873  2958 W MediaScanner: Error opening directory '/oem/media/', skipping: No such file or directory.
10-22 17:22:59.465  1873  2958 W MediaProvider: Missing volume for /system/media/audio/ui; assuming invalid
10-22 17:22:59.497  1873  2958 W MediaProvider: Missing volume for /system/media/audio/ui/Dock.ogg; assuming invalid
10-22 17:22:59.500  1873  2958 W MediaProvider: Missing volume for /system/media/audio/ui/Effect_Tick.ogg; assuming invalid
10-22 17:22:59.513  1066  1894 E MetadataRetrieverClient: failed to extract an album art
10-22 17:22:59.514  1873  2958 W MediaProvider: Missing volume for /system/media/audio/ui/KeypressDelete.ogg; assuming invalid
10-22 17:22:59.522  1873  2958 W MediaProvider: Missing volume for /system/media/audio/ui/KeypressInvalid.ogg; assuming invalid
10-22 17:22:59.547  1873  2958 W MediaProvider: Missing volume for /system/media/audio/ui/KeypressReturn.ogg; assuming invalid
10-22 17:22:59.553  1873  2958 W MediaProvider: Missing volume for /system/media/audio/ui/KeypressSpacebar.ogg; assuming invalid
10-22 17:22:59.561  1873  2958 W MediaProvider: Missing volume for /system/media/audio/ui/KeypressStandard.ogg; assuming invalid
10-22 17:22:59.570  1873  2958 W MediaProvider: Missing volume for /system/media/audio/ui/Lock.ogg; assuming invalid
10-22 17:22:59.625  1873  2958 W MediaProvider: Missing volume for /system/media/audio/ui/LowBattery.ogg; assuming invalid
10-22 17:22:59.634  1873  2958 W MediaProvider: Missing volume for /system/media/audio/ui/Trusted.ogg; assuming invalid
10-22 17:22:59.645  1873  2958 W MediaProvider: Missing volume for /system/media/audio/ui/Undock.ogg; assuming invalid
10-22 17:22:59.645  1764  3175 I chatty  : uid=10010(com.google.android.gms) lowpool[8] expire 10 lines
10-22 17:22:59.676  1873  2958 W MediaProvider: Missing volume for /system/media/audio/ui/Unlock.ogg; assuming invalid
10-22 17:22:59.682  1873  2958 W MediaProvider: Missing volume for /system/media/audio/ui/VideoRecord.ogg; assuming invalid
10-22 17:22:59.683  1873  2958 W MediaProvider: Missing volume for /system/media/audio/ui/camera_click.ogg; assuming invalid
10-22 17:22:59.685  1873  2958 W MediaProvider: Missing volume for /system/media/audio/ui/camera_focus.ogg; assuming invalid
10-22 17:22:59.816  1873  2958 V MediaScanner: pruneDeadThumbnailFiles... android.database.sqlite.SQLiteCursor@34db2ef
10-22 17:22:59.816  1873  2958 V MediaScanner: /pruneDeadThumbnailFiles... android.database.sqlite.SQLiteCursor@34db2ef
10-22 17:22:59.835  2095  3224 I chatty  : uid=10010(com.google.android.gms) expire 2 lines
10-22 17:22:59.865  1370  1382 W ActivityManager: Unable to start service Intent { cmp=com.google.android.gms/.analytics.service.RefreshEnabledStateService } U=0: not found
10-22 17:22:59.869  2095  3226 I chatty  : uid=10010(com.google.android.gms) expire 2 lines
10-22 17:22:59.882  2095  3227 I chatty  : uid=10010(com.google.android.gms) expire 2 lines
10-22 17:22:59.932  2095  3230 I chatty  : uid=10010(com.google.android.gms) expire 2 lines
10-22 17:22:59.965  1370  1600 I BroadcastQueue: Delay finish: com.google.android.partnersetup/.GservicesChangedReceiver
10-22 17:22:59.970  2154  3231 I RlzPingService: Setting next ping for 1508766779964
10-22 17:22:59.997  1370  2881 I BroadcastQueue: Resuming delayed broadcast
10-22 17:23:00.010  1370  1393 I ActivityManager: Force stopping com.google.android.youtube appid=10060 user=0: pkg changed
10-22 17:23:00.010  1370  1393 I ActivityManager: Killing 2409:com.google.android.youtube/u0a60 (adj 13): stop com.google.android.youtube
10-22 17:23:00.032  1370  1393 D ActivityManager: cleanUpApplicationRecord -- 2409
10-22 17:23:00.032  3167  3167 I CalendarProvider2: Sending notification intent: Intent { act=android.intent.action.PROVIDER_CHANGED dat=content://com.android.calendar flg=0x20000000 }
10-22 17:23:00.033  1370  1393 I ActivityManager: Force stopping com.android.vending appid=10018 user=0: pkg changed
10-22 17:23:00.033  3167  3167 W ContentResolver: Failed to get type for: content://com.android.calendar (Unknown URL content://com.android.calendar)
10-22 17:23:00.033  1370  1393 I ActivityManager: Killing 2893:com.android.vending/u0a18 (adj 5): stop com.android.vending
10-22 17:23:00.063  1370  1393 D ActivityManager: cleanUpApplicationRecord -- 2893
10-22 17:23:00.064  1370  1393 W ActivityManager: Scheduling restart of crashed service com.android.vending/com.google.android.finsky.dailyhygiene.DailyHygiene$DailyHygieneService in 1000ms
10-22 17:23:00.069  1370  2907 W ActivityManager: Spurious death for ProcessRecord{446da48 0:com.android.vending/u0a18}, curProc for 2893: null
10-22 17:23:00.070  1370  1600 W ActivityManager: Spurious death for ProcessRecord{f755554 0:com.google.android.youtube/u0a60}, curProc for 2409: null
10-22 17:23:00.082  1370  1414 I InputReader: Reconfiguring input devices.  changes=0x00000010
10-22 17:23:00.084  2433  2433 V AlarmClock: AlarmInitReceiver android.intent.action.TIMEZONE_CHANGED
10-22 17:23:00.086  1061  3225 W SocketClient: write error (Broken pipe)
10-22 17:23:00.086  1061  3225 I chatty  : uid=0(root) /system/bin/netd expire 1 line
10-22 17:23:00.098  2433  2469 V AlarmClock: AlarmInitReceiver finished
10-22 17:23:00.100  1963  2146 I GservicesUpdateTask: Updating Gservices keys
10-22 17:23:00.111  1370  1431 E WifiStateMachine: Error! unhandled message{ when=-1ms what=131156 target=com.android.internal.util.StateMachine$SmHandler }
