10-22 17:27:30.762  3760  3760 W ViewRootImpl: Cancelling event due to no window focus: MotionEvent { action=ACTION_CANCEL, actionButton=0, id[0]=0, x[0]=781.0, y[0]=279.0, toolType[0]=TOOL_TYPE_MOUSE, buttonState=0, metaState=0, flags=0x0, edgeFlags=0x0, pointerCount=1, historySize=0, eventTime=309458, downTime=307693, deviceId=1, source=0x2002 }
10-22 17:27:37.009  3934  3934 I chatty  : uid=0(root) /system/bin/app_process expire 364 lines
10-22 17:27:37.089  1370  3239 I ActivityManager: START u0 {flg=0x10000000 cmp=com.android.settings/.cyanogenmod.superuser.RequestActivity (has extras)} from uid 0 on display 0
10-22 17:27:37.126  1370  1600 I ActivityManager: Start proc 3943:com.android.settings:superuser/1000 for activity com.android.settings/.cyanogenmod.superuser.RequestActivity
10-22 17:27:37.143  3943  3943 W System  : ClassLoader referenced unknown path: /system/priv-app/Settings/lib/x86_64
10-22 17:27:37.181  1370  1597 I ActivityManager: START u0 {flg=0x10800000 cmp=com.android.settings/.cyanogenmod.superuser.MultitaskSuRequestActivity (has extras)} from uid 1000 on display 0
10-22 17:27:37.298  3943  3957 D OpenGLRenderer: Use EGL_SWAP_BEHAVIOR_PRESERVED: true
10-22 17:27:37.322  3943  3957 I EGL-DRI2: found extension DRI_Core version 1
10-22 17:27:37.322  3943  3957 I EGL-DRI2: found extension DRI_SWRast version 5
10-22 17:27:37.323  3943  3957 I EGL-DRI2: found extension DRI_TexBuffer version 2
10-22 17:27:37.323  3943  3957 I EGL-DRI2: found extension DRI_IMAGE version 11
10-22 17:27:37.323  3943  3957 I EGL-DRI2: found extension DRI_RENDERER_QUERY version 1
10-22 17:27:37.323  3943  3957 I EGL-DRI2: found extension DRI_CONFIG_QUERY version 1
10-22 17:27:37.323  3943  3957 I EGL-DRI2: found extension DRI2_Fence version 2
10-22 17:27:37.323  3943  3957 I OpenGLRenderer: Initialized EGL, version 1.4
10-22 17:27:37.323  3943  3957 W OpenGLRenderer: Failed to choose config with EGL_SWAP_BEHAVIOR_PRESERVED, retrying without...
10-22 17:27:37.493  1370  1389 I ActivityManager: Displayed com.android.settings/.cyanogenmod.superuser.MultitaskSuRequestActivity: +310ms (total +379ms)
10-22 17:27:59.013  1370  1381 I MediaFocusControl:  AudioFocus  abandonAudioFocus() from android.media.AudioManager@7930309com.cyanogenmod.eleven.MusicPlaybackService$3@67b390e
10-22 17:27:59.029  1370  1600 I MediaFocusControl:  AudioFocus  abandonAudioFocus() from android.media.AudioManager@7930309com.cyanogenmod.eleven.MusicPlaybackService$3@67b390e
10-22 17:28:00.458  3244  3260 I PlayCommon: [222] com.google.android.play.a.g.e(940): Preparing logs for uploading
10-22 17:28:00.458  3244  3260 I PlayCommon: [222] com.google.android.play.a.g.e(942): No file ready to send
10-22 17:28:02.429  1066  1782 W APM::AudioPolicyManager: getOutput() could not find output for stream 1, samplingRate 0,format 0, channels 3, flags 0
10-22 17:28:02.429  1066  1407 W APM::AudioPolicyManager: getOutput() could not find output for stream 1, samplingRate 0,format 0, channels 3, flags 0
10-22 17:28:02.429  1066  1440 W APM::AudioPolicyManager: getOutput() could not find output for stream 1, samplingRate 44100,format 1, channels 3, flags 4
10-22 17:28:02.429  1370  1439 E AudioTrack: Could not get audio output for session 32, stream type -1, usage 13, sample rate 44100, format 0x1, channel mask 0x3, flags 0x4
10-22 17:28:02.429  1370  1439 E SoundPool: Error creating AudioTrack
10-22 17:28:04.674  1066  1894 W APM::AudioPolicyManager: getOutput() could not find output for stream 1, samplingRate 0,format 0, channels 3, flags 0
10-22 17:28:04.674  1066  1782 W APM::AudioPolicyManager: getOutput() could not find output for stream 1, samplingRate 0,format 0, channels 3, flags 0
10-22 17:28:04.674  1066  1066 W APM::AudioPolicyManager: getOutput() could not find output for stream 1, samplingRate 44100,format 1, channels 3, flags 4
10-22 17:28:04.674  1370  1439 E AudioTrack: Could not get audio output for session 33, stream type -1, usage 13, sample rate 44100, format 0x1, channel mask 0x3, flags 0x4
10-22 17:28:04.674  1370  1439 E SoundPool: Error creating AudioTrack
10-22 17:28:04.737  1743  1743 I chatty  : uid=10050(com.android.inputmethod.latin) expire 58 lines
10-22 17:28:04.744  1370  2883 I ActivityManager: Killing 2009:com.cyanogenmod.eleven:main/u0a40 (adj 15): empty #17
10-22 17:28:04.783  1370  2881 D ActivityManager: cleanUpApplicationRecord -- 2009
10-22 17:28:04.971  3964  3964 I chatty  : uid=0(root) /system/bin/app_process expire 228 lines
10-22 17:28:04.974  3964  3964 W art     : 7f6ad12d1000-7f6ad12d2000 rw-p 00008000 07:01 5377                       /system/lib64/libhardware_legacy.so
10-22 17:28:04.974  3964  3964 W art     : 7f6ad12d2000-7f6ad12d3000 rw-p 00000000 00:00 0 
10-22 17:28:04.974  3964  3964 W art     : 7f6ad12d3000-7f6ad12d4000 r-xp 00000000 07:01 5376                       /system/lib64/libhardware.so
10-22 17:28:04.974  3964  3964 W art     : 7f6ad12d4000-7f6ad12d5000 ---p 00000000 00:00 0 
10-22 17:28:04.974  3964  3964 W art     : 7f6ad12d5000-7f6ad12d6000 r--p 00001000 07:01 5376                       /system/lib64/libhardware.so
10-22 17:28:04.974  3964  3964 W art     : 7f6ad12d6000-7f6ad12d7000 rw-p 00002000 07:01 5376                       /system/lib64/libhardware.so
10-22 17:28:04.974  3964  3964 W art     : 7f6ad12d7000-7f6ad12dd000 r-xp 00000000 07:01 5291                       /system/lib64/libETC1.so
10-22 17:28:04.974  3964  3964 W art     : 7f6ad12dd000-7f6ad12de000 ---p 00000000 00:00 0 
10-22 17:28:04.974  3964  3964 W art     : 7f6ad12de000-7f6ad12df000 r--p 00006000 07:01 5291                       /system/lib64/libETC1.so
10-22 17:28:04.974  3964  3964 W art     : 7f6ad12df000-7f6ad12e0000 rw-p 00007000 07:01 5291                       /system/lib64/libETC1.so
10-22 17:28:04.974  3964  3964 W art     : 7f6ad12e0000-7f6ad12f1000 r-xp 00000000 07:01 5295                       /system/lib64/libGLESv2.so
10-22 17:28:04.974  3964  3964 W art     : 7f6ad12f1000-7f6ad12f2000 r--p 00010000 07:01 5295                       /system/lib64/libGLESv2.so
10-22 17:28:04.974  3964  3964 W art     : 7f6ad12f2000-7f6ad12f3000 rw-p 00011000 07:01 5295                       /system/lib64/libGLESv2.so
10-22 17:28:04.974  3964  3964 W art     : 7f6ad12f3000-7f6ad12fc000 r-xp 00000000 07:01 5294                       /system/lib64/libGLESv1_CM.so
10-22 17:28:04.974  3964  3964 W art     : 7f6ad12fc000-7f6ad12fd000 ---p 00000000 00:00 0 
10-22 17:28:04.974  3964  3964 W art     : 7f6ad12fd000-7f6ad12fe000 r--p 00009000 07:01 5294                       /system/lib64/libGLESv1_CM.so
10-22 17:28:04.974  3964  3964 W art     : 7f6ad12fe000-7f6ad12ff000 rw-p 0000a000 07:01 5294                       /system/lib64/libGLESv1_CM.so
10-22 17:28:04.974  3964  3964 W art     : 7f6ad12ff000-7f6ad1300000 r--p 00000000 00:00 0                          [anon:linker_alloc]
10-22 17:28:04.974  3964  3964 W art     : 7f6ad1300000-7f6ad13c9000 r-xp 00000000 07:01 5290                       /system/lib64/libEGL.so
10-22 17:28:04.974  3964  3964 W art     : 7f6ad13c9000-7f6ad13cd000 r--p 000c8000 07:01 5290                       /system/lib64/libEGL.so
10-22 17:28:04.974  3964  3964 W art     : 7f6ad13cd000-7f6ad13d9000 rw-p 000cc000 07:01 5290                       /system/lib64/libEGL.so
10-22 17:28:04.974  3964  3964 W art     : 7f6ad13d9000-7f6ad13df000 rw-p 00000000 00:00 0 
10-22 17:28:04.974  3964  3964 W art     : 7f6ad13df000-7f6ad14d1000 r-xp 00000000 07:01 5459                       /system/lib64/libsqlite.so
10-22 17:28:04.974  3964  3964 W art     : 7f6ad14d1000-7f6ad14d4000 r--p 000f1000 07:01 5459                       /system/lib64/libsqlite.so
10-22 17:28:04.974  3964  3964 W art     : 7f6ad14d4000-7f6ad14d6000 rw-p 000f4000 07:01 5459                       /system/lib64/libsqlite.so
10-22 17:28:04.974  3964  3964 W art     : 7f6ad14d6000-7f6ad14d7000 rw-p 00000000 00:00 0 
10-22 17:28:04.974  3964  3964 W art     : 7f6ad14d7000-7f6ad1a56000 r-xp 00000000 07:01 5449                       /system/lib64/libskia.so
10-22 17:28:04.974  3964  3964 W art     : 7f6ad1a56000-7f6ad1a57000 ---p 00000000 00:00 0 
10-22 17:28:04.974  3964  3964 W art     : 7f6ad1a57000-7f6ad1a96000 r--p 0057f000 07:01 5449                       /system/lib64/libskia.so
10-22 17:28:04.974  3964  3964 W art     : 7f6ad1a96000-7f6ad1a99000 rw-p 005be000 07:01 5449                       /system/lib64/libskia.so
10-22 17:28:04.974  3964  3964 W art     : 7f6ad1a99000-7f6ad1aa3000 rw-p 00000000 00:00 0 
10-22 17:28:04.974  3964  3964 W art     : 7f6ad1aa3000-7f6ad1aac000 r-xp 00000000 07:01 5333                       /system/lib64/libcamera_metadata.so
10-22 17:28:04.974  3964  3964 W art     : 7f6ad1aac000-7f6ad1aad000 r--p 00008000 07:01 5333                       /system/lib64/libcamera_metadata.so
10-22 17:28:04.974  3964  3964 W art     : 7f6ad1aad000-7f6ad1aaf000 rw-p 00009000 07:01 5333                       /system/lib64/libcamera_metadata.so
10-22 17:28:04.974  3964  3964 W art     : 7f6ad1aaf000-7f6ad1af6000 r-xp 00000000 07:01 5332                       /system/lib64/libcamera_client.so
10-22 17:28:04.974  3964  3964 W art     : 7f6ad1af6000-7f6ad1af7000 ---p 00000000 00:00 0 
10-22 17:28:04.974  3964  3964 W art     : 7f6ad1af7000-7f6ad1b03000 r--p 00047000 07:01 5332                       /system/lib64/libcamera_client.so
10-22 17:28:04.974  3964  3964 W art     : 7f6ad1b03000-7f6ad1b04000 rw-p 00053000 07:01 5332                       /system/lib64/libcamera_client.so
10-22 17:28:04.974  3964  3964 W art     : 7f6ad1b04000-7f6ad1b66000 r-xp 00000000 07:01 5385                       /system/lib64/libinputflinger.so
10-22 17:28:04.974  3964  3964 W art     : 7f6ad1b66000-7f6ad1b6c000 r--p 00061000 07:01 5385                       /system/lib64/libinputflinger.so
10-22 17:28:04.974  3964  3964 W art     : 7f6ad1b6c000-7f6ad1b6d000 rw-p 00067000 07:01 5385                       /system/lib64/libinputflinger.so
10-22 17:28:04.974  3964  3964 W art     : 7f6ad1b6d000-7f6ad1b9a000 r-xp 00000000 07:01 5384                       /system/lib64/libinput.so
10-22 17:28:04.974  3964  3964 W art     : 7f6ad1b9a000-7f6ad1b9b000 ---p 00000000 00:00 0 
10-22 17:28:04.974  3964  3964 W art     : 7f6ad1b9b000-7f6ad1ba2000 r--p 0002d000 07:01 5384                       /system/lib64/libinput.so
10-22 17:28:04.974  3964  3964 W art     : 7f6ad1ba2000-7f6ad1ba3000 rw-p 00034000 07:01 5384                       /system/lib64/libinput.so
10-22 17:28:04.974  3964  3964 W art     : 7f6ad1ba3000-7f6ad1c3e000 r-xp 00000000 07:01 5375                       /system/lib64/libgui.so
10-22 17:28:04.974  3964  3964 W art     : 7f6ad1c3e000-7f6ad1c56000 r--p 0009a000 07:01 5375                       /system/lib64/libgui.so
10-22 17:28:04.974  3964  3964 W art     : 7f6ad1c56000-7f6ad1c57000 rw-p 000b2000 07:01 5375                       /system/lib64/libgui.so
10-22 17:28:04.974  3964  3964 W art     : 7f6ad1c57000-7f6ad1c68000 r-xp 00000000 07:01 5501                       /system/lib64/libui.so
10-22 17:28:04.974  3964  3964 W art     : 7f6ad1c68000-7f6ad1c69000 ---p 00000000 00:00 0 
10-22 17:28:04.985  3964  3964 D ICU     : No timezone override file found: /data/misc/zoneinfo/current/icu/icu_tzdata.dat
10-22 17:28:04.990  3964  3964 W         : Failed to bind-mount /system/lib64/x86_64/cpuinfo as /proc/cpuinfo: No such file or directory
10-22 17:28:04.990  3964  3964 W         : Cannot create code cache directory ./code_cache: Read-only file system.
10-22 17:28:04.990  3964  3964 W libnb   : Native bridge is disabled
10-22 17:28:05.012  3964  3964 E memtrack: Couldn't load memtrack module (No such file or directory)
10-22 17:28:05.012  3964  3964 E android.os.Debug: failed to load memtrack module: -2
10-22 17:28:05.013  3964  3964 I Radio-JNI: register_android_hardware_Radio DONE
10-22 17:28:05.018  3964  3964 D AndroidRuntime: Calling main entry com.android.commands.am.Am
10-22 17:28:05.034  3964  3964 D AndroidRuntime: Shutting down VM
10-22 17:28:05.036  1059  1059 W SurfaceFlinger: couldn't log to binary event log: overflow.
10-22 17:28:05.122  3550  3568 V RenderScript: 0x7f90606d5000 Launching thread(s), CPUs 3
10-22 17:28:59.166  1370  1601 I ActivityManager: Killing 2154:com.google.android.partnersetup/u0a13 (adj 15): empty #17
10-22 17:28:59.177  1370  2881 D ActivityManager: cleanUpApplicationRecord -- 2154
10-22 17:29:54.658  3901  3924 I Term    : Subprocess exited: 130
10-22 17:29:54.702  1059  1059 D gralloc : Registering a buffer in the process that created it. This may cause memory ordering problems.
10-22 17:29:54.714  1743  1743 I chatty  : uid=10050(com.android.inputmethod.latin) expire 41 lines
10-22 17:29:54.716  3901  3901 W ViewRootImpl: Cancelling event due to no window focus: KeyEvent { action=ACTION_UP, keyCode=KEYCODE_D, scanCode=32, metaState=META_CTRL_ON|META_CTRL_LEFT_ON, flags=0x28, repeatCount=0, eventTime=453397, downTime=453352, deviceId=4, source=0x101 }
10-22 17:29:54.716  3901  3901 W ViewRootImpl: Cancelling event due to no window focus: KeyEvent { action=ACTION_UP, keyCode=KEYCODE_D, scanCode=32, metaState=META_CTRL_ON|META_CTRL_LEFT_ON, flags=0x28, repeatCount=0, eventTime=453397, downTime=453352, deviceId=4, source=0x101 }
10-22 17:29:54.716  3901  3901 W ViewRootImpl: Cancelling event due to no window focus: KeyEvent { action=ACTION_UP, keyCode=KEYCODE_D, scanCode=32, metaState=META_CTRL_ON|META_CTRL_LEFT_ON, flags=0x28, repeatCount=0, eventTime=453397, downTime=453352, deviceId=4, source=0x101 }
10-22 17:29:55.050  1370  2909 I ActivityManager: Killing 2433:com.android.deskclock/u0a37 (adj 15): empty #17
10-22 17:29:55.061  1370  1600 D ActivityManager: cleanUpApplicationRecord -- 2433
10-22 17:30:01.006  3984  3984 W libnb   : Native bridge is disabled
10-22 17:30:01.011  1370  1384 I ActivityManager: Start proc 3984:com.android.deskclock/u0a37 for broadcast com.android.deskclock/com.android.alarmclock.DigitalAppWidgetProvider
10-22 17:30:01.016  3984  3984 W System  : ClassLoader referenced unknown path: /system/app/DeskClock/lib/x86_64
10-22 17:30:01.027  1370  2763 I ActivityManager: Killing 2397:com.android.calendar/u0a33 (adj 15): empty #17
10-22 17:30:01.037  1370  2899 D ActivityManager: cleanUpApplicationRecord -- 2397
10-22 17:30:09.996  1066  1894 W APM::AudioPolicyManager: getOutput() could not find output for stream 1, samplingRate 0,format 0, channels 3, flags 0
10-22 17:30:09.996  1370  2899 I ActivityManager: START u0 {act=android.intent.action.MAIN cat=[android.intent.category.LAUNCHER] flg=0x10200000 cmp=com.android.browser/.BrowserActivity (has extras)} from uid 10015 on display 0
10-22 17:30:09.996  1066  1782 W APM::AudioPolicyManager: getOutput() could not find output for stream 1, samplingRate 0,format 0, channels 3, flags 0
10-22 17:30:09.997  1066  1066 W APM::AudioPolicyManager: getOutput() could not find output for stream 1, samplingRate 44100,format 1, channels 3, flags 4
10-22 17:30:09.997  1370  1439 E AudioTrack: Could not get audio output for session 34, stream type -1, usage 13, sample rate 44100, format 0x1, channel mask 0x3, flags 0x4
10-22 17:30:09.997  1370  1439 E SoundPool: Error creating AudioTrack
10-22 17:30:10.001  1370  1384 W BroadcastQueue: Permission Denial: receiving Intent { act=com.android.launcher3.action.LAUNCH flg=0x10 (has extras) } to com.google.android.gms/.chimera.GmsIntentOperationService$GmsExternalReceiver requires com.android.launcher3.permission.RECEIVE_LAUNCH_BROADCASTS due to sender com.android.launcher3 (uid 10015)
10-22 17:30:10.001  1370  1384 W BroadcastQueue: Permission Denial: broadcasting Intent { act=com.android.launcher3.action.LAUNCH flg=0x10 (has extras) } from com.android.launcher3 (pid=3760, uid=10015) requires com.google.android.launcher.permission.RECEIVE_LAUNCH_BROADCASTS due to receiver com.google.android.gms/.icing.proxy.ApplicationLauncherReceiver
10-22 17:30:10.012  1370  1597 I ActivityManager: Start proc 3999:com.android.browser/u0a31 for activity com.android.browser/.BrowserActivity
10-22 17:30:10.012  3999  3999 W libnb   : Native bridge is disabled
10-22 17:30:10.129  3999  3999 W System  : ClassLoader referenced unknown path: /system/app/Browser/lib/x86_64
10-22 17:30:10.241  1370  2883 D VoldConnector: SND -> {33 volume mkdirs /storage/emulated/0/Android/data/com.android.browser/files/}
10-22 17:30:10.248  1370  1416 D VoldConnector: RCV <- {200 33 Command succeeded}
10-22 17:30:10.400  3999  3999 I WebViewFactory: Loading com.android.webview version 52.0.2743.100 (code 275610060)
10-22 17:30:10.474  3999  3999 W System  : ClassLoader referenced unknown path: /system/app/webview/lib/x86_64
10-22 17:30:10.475  3999  3999 I art     : Rejecting re-init on previously-failed class java.lang.Class<com.android.webview.chromium.ServiceWorkerControllerAdapter>
10-22 17:30:10.475  3999  3999 I art     : Rejecting re-init on previously-failed class java.lang.Class<com.android.webview.chromium.ServiceWorkerControllerAdapter>
10-22 17:30:10.476  3999  3999 I art     : Rejecting re-init on previously-failed class java.lang.Class<com.android.webview.chromium.TokenBindingManagerAdapter>
10-22 17:30:10.476  3999  3999 I art     : Rejecting re-init on previously-failed class java.lang.Class<com.android.webview.chromium.TokenBindingManagerAdapter>
10-22 17:30:10.478  3999  3999 I cr_LibraryLoader: Time to load native libraries: 1 ms (timestamps 9174-9175)
10-22 17:30:10.478  3999  3999 I cr_LibraryLoader: Expected native library version number "52.0.2743.100", actual native library version number "52.0.2743.100"
10-22 17:30:10.481  3999  3999 V WebViewChromiumFactoryProvider: Binding Chromium to main looper Looper (main, tid 1) {c5f68d3}
10-22 17:30:10.481  3999  3999 I cr_LibraryLoader: Expected native library version number "52.0.2743.100", actual native library version number "52.0.2743.100"
10-22 17:30:10.481  3999  3999 I chromium: [INFO:library_loader_hooks.cc(143)] Chromium logging enabled: level = 0, default verbosity = 0
10-22 17:30:10.492  3999  3999 I cr_BrowserStartup: Initializing chromium process, singleProcess=true
10-22 17:30:10.501  3999  3999 I EGL-DRI2: found extension DRI_Core version 1
10-22 17:30:10.501  3999  3999 I EGL-DRI2: found extension DRI_SWRast version 5
10-22 17:30:10.502  3999  3999 I EGL-DRI2: found extension DRI_TexBuffer version 2
10-22 17:30:10.502  3999  3999 I EGL-DRI2: found extension DRI_IMAGE version 11
10-22 17:30:10.502  3999  3999 I EGL-DRI2: found extension DRI_RENDERER_QUERY version 1
10-22 17:30:10.502  3999  3999 I EGL-DRI2: found extension DRI_CONFIG_QUERY version 1
10-22 17:30:10.502  3999  3999 I EGL-DRI2: found extension DRI2_Fence version 2
10-22 17:30:10.518  3999  4030 W cr_media: Requires BLUETOOTH permission
10-22 17:30:10.519  3999  3999 I cr_DRP  : No DRP key due to exception:java.lang.ClassNotFoundException: com.android.webview.chromium.Drp
10-22 17:30:10.527  1370  1413 I InputDispatcher: Dropping event because there is no touchable window at (82, 171).
10-22 17:30:10.527  1370  1413 I InputDispatcher: Dropping event because there is no touchable window at (136, 147).
10-22 17:30:10.553  1370  1602 D ConnectivityService: listenForNetwork for Listen from uid/pid:10031/3999 for NetworkRequest [ id=8, legacyType=-1, [ Capabilities: INTERNET&NOT_RESTRICTED&TRUSTED] ]
10-22 17:30:10.559  3999  3999 W cr_AwContents: onDetachedFromWindow called when already detached. Ignoring
10-22 17:30:10.567  3999  3999 D WebViewTimersControl: onBrowserActivityResume
10-22 17:30:10.567  3999  3999 D WebViewTimersControl: Resuming webview timers, view=com.android.browser.BrowserWebView{4e766af VFEDHVCL. .F....I. 0,0-0,0}
10-22 17:30:10.572  3999  3999 I cr_Ime  : ImeThread is not enabled.
10-22 17:30:10.579  3999  3999 V NFC     : this device does not have NFC support
10-22 17:30:10.582  3999  4041 D OpenGLRenderer: Use EGL_SWAP_BEHAVIOR_PRESERVED: true
10-22 17:30:10.583  3999  4034 E SQLiteLog: (1) no such table: _sync_state_metadata
10-22 17:30:10.586  1370  2907 D ConnectivityService: listenForNetwork for Listen from uid/pid:10031/3999 for NetworkRequest [ id=9, legacyType=-1, [ Capabilities: INTERNET&NOT_RESTRICTED&TRUSTED] ]
10-22 17:30:10.593  1370  1413 I InputDispatcher: Dropping event because there is no touchable window at (160, 141).
10-22 17:30:10.593  1370  1413 I InputDispatcher: Dropping event because there is no touchable window at (226, 117).
10-22 17:30:10.593  1370  1413 I InputDispatcher: Dropping event because there is no touchable window at (244, 111).
10-22 17:30:10.596  3999  4045 E libEGL  : validate_display:255 error 3008 (EGL_BAD_DISPLAY)
10-22 17:30:10.608  3999  4041 I OpenGLRenderer: Initialized EGL, version 1.4
10-22 17:30:10.608  3999  4041 W OpenGLRenderer: Failed to choose config with EGL_SWAP_BEHAVIOR_PRESERVED, retrying without...
10-22 17:30:10.615  3999  4045 I VideoCapabilities: Unsupported profile 4 for video/mp4v-es
10-22 17:30:10.896  1370  1389 I ActivityManager: Displayed com.android.browser/.BrowserActivity: +895ms
10-22 17:30:12.212  3999  3999 W cr_BindingManager: Cannot call determinedVisibility() - never saw a connection for the pid: 3999
10-22 17:30:13.674  1066  1407 W APM::AudioPolicyManager: getOutput() could not find output for stream 1, samplingRate 0,format 0, channels 3, flags 0
10-22 17:30:13.674  1066  1066 W APM::AudioPolicyManager: getOutput() could not find output for stream 1, samplingRate 0,format 0, channels 3, flags 0
10-22 17:30:13.674  1066  1894 W APM::AudioPolicyManager: getOutput() could not find output for stream 1, samplingRate 44100,format 1, channels 3, flags 4
10-22 17:30:13.674  1370  1439 E AudioTrack: Could not get audio output for session 35, stream type -1, usage 13, sample rate 44100, format 0x1, channel mask 0x3, flags 0x4
10-22 17:30:13.685  1370  1439 E SoundPool: Error creating AudioTrack
10-22 17:30:19.793  3999  3999 W cr_BindingManager: Cannot call determinedVisibility() - never saw a connection for the pid: 3999
10-22 17:30:25.054  1066  1782 W APM::AudioPolicyManager: getOutput() could not find output for stream 1, samplingRate 0,format 0, channels 3, flags 0
10-22 17:30:25.054  1066  1407 W APM::AudioPolicyManager: getOutput() could not find output for stream 1, samplingRate 0,format 0, channels 3, flags 0
10-22 17:30:25.055  1066  1440 W APM::AudioPolicyManager: getOutput() could not find output for stream 1, samplingRate 44100,format 1, channels 3, flags 4
10-22 17:30:25.055  1370  1439 E AudioTrack: Could not get audio output for session 36, stream type -1, usage 13, sample rate 44100, format 0x1, channel mask 0x3, flags 0x4
10-22 17:30:25.055  1370  1439 E SoundPool: Error creating AudioTrack
10-22 17:30:25.059  1370  2881 I ActivityManager: START u0 {act=com.android.systemui.recents.SHOW_RECENTS flg=0x10804000 cmp=com.android.systemui/.recents.RecentsActivity} from uid 10023 on display 0
10-22 17:30:25.066  1059  1059 D gralloc : Registering a buffer in the process that created it. This may cause memory ordering problems.
10-22 17:30:25.071  3999  3999 D WebViewTimersControl: onBrowserActivityPause
10-22 17:30:25.071  3999  3999 D WebViewTimersControl: Pausing webview timers, view=com.android.browser.BrowserWebView{4e766af VFEDHVCL. .F...... 0,0-1024,592}
10-22 17:30:25.346  1370  1389 I ActivityManager: Displayed com.android.systemui/.recents.RecentsActivity: +274ms
10-22 17:30:26.940  1066  1894 W APM::AudioPolicyManager: getOutput() could not find output for stream 1, samplingRate 0,format 0, channels 3, flags 0
10-22 17:30:26.940  1066  1782 W APM::AudioPolicyManager: getOutput() could not find output for stream 1, samplingRate 0,format 0, channels 3, flags 0
10-22 17:30:26.940  1066  1066 W APM::AudioPolicyManager: getOutput() could not find output for stream 1, samplingRate 44100,format 1, channels 3, flags 4
10-22 17:30:26.940  1370  1439 E AudioTrack: Could not get audio output for session 37, stream type -1, usage 13, sample rate 44100, format 0x1, channel mask 0x3, flags 0x4
10-22 17:30:26.940  1370  1439 E SoundPool: Error creating AudioTrack
10-22 17:30:26.979  1370  2883 I ActivityManager: START u0 {act=com.google.android.gms.auth.GOOGLE_SERVICES cmp=com.google.android.gms/.auth.uiflows.addaccount.GoogleServicesActivity (has extras)} from uid 10020 on display 0
10-22 17:30:26.986  2223  2223 I SetupWizard.GoogleServicesWrapper: Starting activity with USER_SETUP_COMPLETE=true, time to go!!!
10-22 17:30:26.986  1370  2907 I ActivityManager: START u0 {cmp=com.google.android.setupwizard/.SetupWizardExitActivity (has extras)} from uid 10020 on display 0
10-22 17:30:26.995  2977  2977 D ChimeraActivityProxy: Loading activity implementation for ComponentInfo{com.google.android.gms/com.google.android.gms.auth.uiflows.addaccount.GoogleServicesActivity}
10-22 17:30:26.995  2977  2977 D ChimeraActivityProxy: Proxying container activity ComponentInfo{com.google.android.gms/com.google.android.gms.auth.uiflows.addaccount.GoogleServicesActivity} to Chimera activity impl .auth.uiflows.addaccount.GoogleServicesChimeraActivity
10-22 17:30:27.003  2223  2223 I SetupWizard.SetupStatusBarManager: Skip enabling notfications - sStatusBarManager is null
10-22 17:30:27.012  1370  1384 W BroadcastQueue: Permission Denial: broadcasting Intent { act=com.google.android.gsf.settings.GoogleLocationSettings.UPDATE_LOCATION_SETTINGS flg=0x10 } from com.google.android.setupwizard (pid=2223, uid=10020) is not exported from uid 10010 due to receiver com.google.android.gms/.chimera.GmsIntentOperationService$PersistentInternalReceiver
10-22 17:30:27.014  2223  2223 W SetupWizard.ComponentHelper: Home component not found. Skipping.
10-22 17:30:27.015  2223  2223 I SetupWizard.SetupWizardExitActivity: *** SetupWizard Exit ***
10-22 17:30:27.015  2223  2223 I SetupWizard.SetupWizardExitActivity: Setup Wizard is launching HOME.
10-22 17:30:27.020  1370  1490 I ActivityManager: START u0 {act=android.intent.action.MAIN cat=[android.intent.category.HOME] flg=0x10208000 cmp=com.android.launcher3/.Launcher} from uid 10020 on display 0
10-22 17:30:27.114  3760  3760 W Launcher: setApplicationContext called twice! old=android.app.Application@ac4806a new=android.app.Application@ac4806a
10-22 17:30:27.117  1370  1599 I ActivityManager: Activity reported stop, but no longer stopping: ActivityRecord{9fcca66 u0 com.google.android.setupwizard/.SetupWizardExitActivity t4 f}
10-22 17:30:27.137  1370  1597 I ActivityManager: Killing 2775:com.google.android.configupdater/u0a5 (adj 15): empty #17
10-22 17:30:27.156  1370  1601 D ActivityManager: cleanUpApplicationRecord -- 2775
10-22 17:30:27.271  1370  1389 I ActivityManager: Displayed com.android.launcher3/.Launcher: +190ms
10-22 17:30:30.450  1066  1440 W APM::AudioPolicyManager: getOutput() could not find output for stream 1, samplingRate 0,format 0, channels 3, flags 0
10-22 17:30:30.451  1066  1894 W APM::AudioPolicyManager: getOutput() could not find output for stream 1, samplingRate 0,format 0, channels 3, flags 0
10-22 17:30:30.451  1066  1407 W APM::AudioPolicyManager: getOutput() could not find output for stream 1, samplingRate 44100,format 1, channels 3, flags 4
10-22 17:30:30.451  1370  1439 E AudioTrack: Could not get audio output for session 38, stream type -1, usage 13, sample rate 44100, format 0x1, channel mask 0x3, flags 0x4
10-22 17:30:30.451  1370  1439 E SoundPool: Error creating AudioTrack
10-22 17:30:30.451  1370  3239 I ActivityManager: START u0 {act=com.android.systemui.recents.SHOW_RECENTS flg=0x10804000 cmp=com.android.systemui/.recents.RecentsActivity} from uid 10023 on display 0
10-22 17:30:59.710  1066  1066 W APM::AudioPolicyManager: getOutput() could not find output for stream 1, samplingRate 0,format 0, channels 3, flags 0
10-22 17:30:59.710  1066  1440 W APM::AudioPolicyManager: getOutput() could not find output for stream 1, samplingRate 0,format 0, channels 3, flags 0
10-22 17:30:59.711  1066  1782 W APM::AudioPolicyManager: getOutput() could not find output for stream 1, samplingRate 44100,format 1, channels 3, flags 4
10-22 17:30:59.711  1370  1439 E AudioTrack: Could not get audio output for session 39, stream type -1, usage 13, sample rate 44100, format 0x1, channel mask 0x3, flags 0x4
10-22 17:30:59.711  1370  1439 E SoundPool: Error creating AudioTrack
10-22 17:30:59.712  1370  1382 I ActivityManager: START u0 {act=android.intent.action.MAIN cat=[android.intent.category.LAUNCHER] flg=0x10300000 cmp=jackpal.androidterm/.Term bnds=[822,239][894,311] (has extras)} from uid 10015 on display 0
10-22 17:30:59.764  3901  3901 V Term    : onCreate
10-22 17:30:59.799  3901  3901 D Term    : TermService started
10-22 17:30:59.799  3901  3901 I TermService: Activity called onBind()
10-22 17:30:59.850  3901  3901 I Term    : Bound to TermService
10-22 17:30:59.850  3901  3901 I TermService: Activity binding to service
10-22 17:30:59.869  1743  1743 I LatinIME: Starting input. Cursor position = -1,-1
10-22 17:30:59.869  1743  1743 I InputAttributes: InputType.TYPE_NULL is specified
10-22 17:30:59.903  3901  4087 I Term    : waiting for: 4083
10-22 17:30:59.972  1370  1389 I ActivityManager: Displayed jackpal.androidterm/.Term: +210ms (total +32s983ms)
10-22 17:31:15.828  1743  1743 D EmojiAltPhysicalKeyDetector: onKeyUp() : KeyEvent { action=ACTION_UP, keyCode=KEYCODE_L, scanCode=38, metaState=0, flags=0x8, repeatCount=0, eventTime=534524, downTime=534345, deviceId=4, source=0x101 }
10-22 17:31:15.828  1743  1743 D EmojiAltPhysicalKeyDetector: onKeyUp() : Not Mapped: 40
10-22 17:31:16.233  1743  1743 D EmojiAltPhysicalKeyDetector: onKeyUp() : KeyEvent { action=ACTION_UP, keyCode=KEYCODE_DEL, scanCode=14, metaState=0, flags=0x8, repeatCount=0, eventTime=534930, downTime=534823, deviceId=4, source=0x101 }
10-22 17:31:16.233  1743  1743 D EmojiAltPhysicalKeyDetector: onKeyUp() : Not Mapped: 67
10-22 17:31:16.555  1743  1743 D EmojiAltPhysicalKeyDetector: onKeyUp() : KeyEvent { action=ACTION_UP, keyCode=KEYCODE_L, scanCode=38, metaState=0, flags=0x8, repeatCount=0, eventTime=535251, downTime=535175, deviceId=4, source=0x101 }
10-22 17:31:16.555  1743  1743 D EmojiAltPhysicalKeyDetector: onKeyUp() : Not Mapped: 40
10-22 17:31:16.609  1743  1743 D EmojiAltPhysicalKeyDetector: onKeyUp() : KeyEvent { action=ACTION_UP, keyCode=KEYCODE_S, scanCode=31, metaState=0, flags=0x8, repeatCount=0, eventTime=535306, downTime=535175, deviceId=4, source=0x101 }
10-22 17:31:16.609  1743  1743 D EmojiAltPhysicalKeyDetector: onKeyUp() : Not Mapped: 47
10-22 17:31:16.818  1743  1743 D EmojiAltPhysicalKeyDetector: onKeyUp() : KeyEvent { action=ACTION_UP, keyCode=KEYCODE_ENTER, scanCode=28, metaState=0, flags=0x8, repeatCount=0, eventTime=535515, downTime=535426, deviceId=4, source=0x101 }
10-22 17:31:16.818  1743  1743 D EmojiAltPhysicalKeyDetector: onKeyUp() : Not Mapped: 66
10-22 17:31:20.005  1743  1743 D EmojiAltPhysicalKeyDetector: onKeyUp() : KeyEvent { action=ACTION_UP, keyCode=KEYCODE_L, scanCode=38, metaState=0, flags=0x8, repeatCount=0, eventTime=538702, downTime=538630, deviceId=4, source=0x101 }
10-22 17:31:20.005  1743  1743 D EmojiAltPhysicalKeyDetector: onKeyUp() : Not Mapped: 40
10-22 17:31:20.222  1743  1743 D EmojiAltPhysicalKeyDetector: onKeyUp() : KeyEvent { action=ACTION_UP, keyCode=KEYCODE_O, scanCode=24, metaState=0, flags=0x8, repeatCount=0, eventTime=538918, downTime=538791, deviceId=4, source=0x101 }
10-22 17:31:20.222  1743  1743 D EmojiAltPhysicalKeyDetector: onKeyUp() : Not Mapped: 43
10-22 17:31:20.641  1743  1743 D EmojiAltPhysicalKeyDetector: onKeyUp() : KeyEvent { action=ACTION_UP, keyCode=KEYCODE_G, scanCode=34, metaState=0, flags=0x8, repeatCount=0, eventTime=539338, downTime=539219, deviceId=4, source=0x101 }
10-22 17:31:20.641  1743  1743 D EmojiAltPhysicalKeyDetector: onKeyUp() : Not Mapped: 35
10-22 17:31:21.477  1743  1743 D EmojiAltPhysicalKeyDetector: onKeyUp() : KeyEvent { action=ACTION_UP, keyCode=KEYCODE_C, scanCode=46, metaState=0, flags=0x8, repeatCount=0, eventTime=540173, downTime=540029, deviceId=4, source=0x101 }
10-22 17:31:21.477  1743  1743 D EmojiAltPhysicalKeyDetector: onKeyUp() : Not Mapped: 31
10-22 17:31:21.602  1743  1743 D EmojiAltPhysicalKeyDetector: onKeyUp() : KeyEvent { action=ACTION_UP, keyCode=KEYCODE_A, scanCode=30, metaState=0, flags=0x8, repeatCount=0, eventTime=540299, downTime=540174, deviceId=4, source=0x101 }
10-22 17:31:21.602  1743  1743 D EmojiAltPhysicalKeyDetector: onKeyUp() : Not Mapped: 29
10-22 17:31:21.809  1743  1743 D EmojiAltPhysicalKeyDetector: onKeyUp() : KeyEvent { action=ACTION_UP, keyCode=KEYCODE_T, scanCode=20, metaState=0, flags=0x8, repeatCount=0, eventTime=540506, downTime=540389, deviceId=4, source=0x101 }
10-22 17:31:21.809  1743  1743 D EmojiAltPhysicalKeyDetector: onKeyUp() : Not Mapped: 48
10-22 17:31:22.168  1743  1743 D EmojiAltPhysicalKeyDetector: onKeyUp() : KeyEvent { action=ACTION_UP, keyCode=KEYCODE_ENTER, scanCode=28, metaState=0, flags=0x8, repeatCount=0, eventTime=540865, downTime=540746, deviceId=4, source=0x101 }
10-22 17:31:22.168  1743  1743 D EmojiAltPhysicalKeyDetector: onKeyUp() : Not Mapped: 66
10-22 17:31:33.070  1743  1743 D EmojiAltPhysicalKeyDetector: onKeyUp() : KeyEvent { action=ACTION_UP, keyCode=KEYCODE_D, scanCode=32, metaState=META_CTRL_ON|META_CTRL_LEFT_ON, flags=0x8, repeatCount=0, eventTime=551766, downTime=551677, deviceId=4, source=0x101 }
10-22 17:31:33.071  1743  1743 D EmojiAltPhysicalKeyDetector: onKeyUp() : Not Mapped: 32
10-22 17:31:34.384  1743  1743 D EmojiAltPhysicalKeyDetector: onKeyUp() : KeyEvent { action=ACTION_UP, keyCode=KEYCODE_C, scanCode=46, metaState=META_CTRL_ON|META_CTRL_LEFT_ON, flags=0x8, repeatCount=0, eventTime=553080, downTime=552966, deviceId=4, source=0x101 }
10-22 17:31:34.384  1743  1743 D EmojiAltPhysicalKeyDetector: onKeyUp() : Not Mapped: 31
10-22 17:31:37.313  1743  1743 D EmojiAltPhysicalKeyDetector: onKeyUp() : KeyEvent { action=ACTION_UP, keyCode=KEYCODE_C, scanCode=46, metaState=0, flags=0x8, repeatCount=0, eventTime=556010, downTime=555920, deviceId=4, source=0x101 }
10-22 17:31:37.313  1743  1743 D EmojiAltPhysicalKeyDetector: onKeyUp() : Not Mapped: 31
10-22 17:31:37.374  1743  1743 D EmojiAltPhysicalKeyDetector: onKeyUp() : KeyEvent { action=ACTION_UP, keyCode=KEYCODE_D, scanCode=32, metaState=0, flags=0x8, repeatCount=0, eventTime=556070, downTime=555920, deviceId=4, source=0x101 }
10-22 17:31:37.374  1743  1743 D EmojiAltPhysicalKeyDetector: onKeyUp() : Not Mapped: 32
10-22 17:31:38.335  1743  1743 D EmojiAltPhysicalKeyDetector: onKeyUp() : KeyEvent { action=ACTION_UP, keyCode=KEYCODE_DEL, scanCode=14, metaState=0, flags=0x8, repeatCount=0, eventTime=557031, downTime=556941, deviceId=4, source=0x101 }
10-22 17:31:38.335  1743  1743 D EmojiAltPhysicalKeyDetector: onKeyUp() : Not Mapped: 67
10-22 17:31:38.560  1743  1743 D EmojiAltPhysicalKeyDetector: onKeyUp() : KeyEvent { action=ACTION_UP, keyCode=KEYCODE_DEL, scanCode=14, metaState=0, flags=0x8, repeatCount=0, eventTime=557256, downTime=557092, deviceId=4, source=0x101 }
10-22 17:31:38.560  1743  1743 D EmojiAltPhysicalKeyDetector: onKeyUp() : Not Mapped: 67
10-22 17:31:39.220  1743  1743 D EmojiAltPhysicalKeyDetector: onKeyUp() : KeyEvent { action=ACTION_UP, keyCode=KEYCODE_S, scanCode=31, metaState=0, flags=0x8, repeatCount=0, eventTime=557917, downTime=557797, deviceId=4, source=0x101 }
10-22 17:31:39.220  1743  1743 D EmojiAltPhysicalKeyDetector: onKeyUp() : Not Mapped: 47
10-22 17:31:39.342  1743  1743 D EmojiAltPhysicalKeyDetector: onKeyUp() : KeyEvent { action=ACTION_UP, keyCode=KEYCODE_U, scanCode=22, metaState=0, flags=0x8, repeatCount=0, eventTime=558039, downTime=557946, deviceId=4, source=0x101 }
10-22 17:31:39.342  1743  1743 D EmojiAltPhysicalKeyDetector: onKeyUp() : Not Mapped: 49
10-22 17:31:39.967  1743  1743 D EmojiAltPhysicalKeyDetector: onKeyUp() : KeyEvent { action=ACTION_UP, keyCode=KEYCODE_SPACE, scanCode=57, metaState=0, flags=0x8, repeatCount=0, eventTime=558663, downTime=558633, deviceId=4, source=0x101 }
10-22 17:31:39.967  1743  1743 D EmojiAltPhysicalKeyDetector: onKeyUp() : Not Mapped: 62
10-22 17:31:40.082  1743  1743 D EmojiAltPhysicalKeyDetector: onKeyUp() : KeyEvent { action=ACTION_UP, keyCode=KEYCODE_MINUS, scanCode=12, metaState=0, flags=0x8, repeatCount=0, eventTime=558778, downTime=558633, deviceId=4, source=0x101 }
10-22 17:31:40.082  1743  1743 D EmojiAltPhysicalKeyDetector: onKeyUp() : Not Mapped: 69
10-22 17:31:40.767  1743  1743 D EmojiAltPhysicalKeyDetector: onKeyUp() : KeyEvent { action=ACTION_UP, keyCode=KEYCODE_ENTER, scanCode=28, metaState=0, flags=0x8, repeatCount=0, eventTime=559463, downTime=559319, deviceId=4, source=0x101 }
10-22 17:31:40.767  1743  1743 D EmojiAltPhysicalKeyDetector: onKeyUp() : Not Mapped: 66
10-22 17:31:40.796  4100  4100 D AndroidRuntime: >>>>>> START com.android.internal.os.RuntimeInit uid 0 <<<<<<
10-22 17:31:40.796  4100  4100 D AndroidRuntime: CheckJNI is OFF
10-22 17:31:40.797  4100  4100 W art     : 6f1cf000-6fec3000 rw-p 00000000 00:0f 4710                               /data/dalvik-cache/x86_64/system@framework@boot.art
10-22 17:31:40.797  4100  4100 W art     : 55a080981000-55a080985000 r-xp 00000000 07:01 242                        /system/bin/app_process64
10-22 17:31:40.797  4100  4100 W art     : 55a080986000-55a080987000 r--p 00004000 07:01 242                        /system/bin/app_process64
10-22 17:31:40.797  4100  4100 W art     : 55a080987000-55a080988000 rw-p 00000000 00:00 0 
10-22 17:31:40.797  4100  4100 W art     : 7fcc14840000-7fcc16748000 r--p 00000000 07:01 1046                       /system/framework/x86_64/boot.oat
10-22 17:31:40.797  4100  4100 W art     : 7fcc16748000-7fcc186ff000 r-xp 01f08000 07:01 1046                       /system/framework/x86_64/boot.oat
10-22 17:31:40.797  4100  4100 W art     : 7fcc186ff000-7fcc18700000 rw-p 03ebf000 07:01 1046                       /system/framework/x86_64/boot.oat
10-22 17:31:40.797  4100  4100 W art     : 7fcc18700000-7fcc18740000 rw-p 00000000 00:00 0                          [anon:libc_malloc]
10-22 17:31:40.797  4100  4100 W art     : 7fcc18760000-7fcc18e64000 r-xp 00000000 07:01 5312                       /system/lib64/libart.so
10-22 17:31:40.797  4100  4100 W art     : 7fcc18e64000-7fcc18e65000 ---p 00000000 00:00 0 
10-22 17:31:40.797  4100  4100 W art     : 7fcc18e65000-7fcc18e7b000 r--p 00704000 07:01 5312                       /system/lib64/libart.so
10-22 17:31:40.797  4100  4100 W art     : 7fcc18e7b000-7fcc18e7d000 rw-p 0071a000 07:01 5312                       /system/lib64/libart.so
10-22 17:31:40.797  4100  4100 W art     : 7fcc18e7d000-7fcc18e80000 rw-p 00000000 00:00 0 
10-22 17:31:40.797  4100  4100 W art     : 7fcc18e80000-7fcc19140000 rw-p 00000000 00:00 0                          [anon:libc_malloc]
10-22 17:31:40.797  4100  4100 W art     : 7fcc19140000-7fcc19166000 r--p 00cf4000 00:0f 4710                       /data/dalvik-cache/x86_64/system@framework@boot.art
10-22 17:31:40.797  4100  4100 W art     : 7fcc19166000-7fcc19167000 r-xp 00000000 07:01 5448                       /system/lib64/libsigchain.so
10-22 17:31:40.797  4100  4100 W art     : 7fcc19167000-7fcc19168000 r--p 00000000 07:01 5448                       /system/lib64/libsigchain.so
10-22 17:31:40.797  4100  4100 W art     : 7fcc19168000-7fcc19169000 rw-p 00001000 07:01 5448                       /system/lib64/libsigchain.so
10-22 17:31:40.797  4100  4100 W art     : 7fcc19169000-7fcc1916c000 r--p 00000000 00:00 0 
10-22 17:31:40.797  4100  4100 W art     : 7fcc1916c000-7fcc1918c000 r--s 00000000 00:10 5139                       /dev/__properties__
10-22 17:31:40.797  4100  4100 W art     : 7fcc1918c000-7fcc1918d000 rw-p 00000000 00:00 0                          [anon:linker_alloc_vector]
10-22 17:31:40.797  4100  4100 W art     : 7fcc1918d000-7fcc1918e000 r--p 00000000 00:00 0 
10-22 17:31:40.797  4100  4100 W art     : 7fcc1918e000-7fcc1918f000 rw-p 00000000 00:00 0                          [anon:linker_alloc_vector]
10-22 17:31:40.797  4100  4100 W art     : 7fcc1918f000-7fcc1a831000 r-xp 00000000 07:01 5297                       /system/lib64/libLLVM.so
10-22 17:31:40.797  4100  4100 W art     : 7fcc1a831000-7fcc1a832000 ---p 00000000 00:00 0 
10-22 17:31:40.797  4100  4100 W art     : 7fcc1a832000-7fcc1a99e000 r--p 016a2000 07:01 5297                       /system/lib64/libLLVM.so
10-22 17:31:40.797  4100  4100 W art     : 7fcc1a99e000-7fcc1a99f000 rw-p 0180e000 07:01 5297                       /system/lib64/libLLVM.so
10-22 17:31:40.797  4100  4100 W art     : 7fcc1a99f000-7fcc1a9ad000 rw-p 00000000 00:00 0 
10-22 17:31:40.797  4100  4100 W art     : 7fcc1a9ad000-7fcc1aa07000 r-xp 00000000 07:01 5323                       /system/lib64/libbcinfo.so
10-22 17:31:40.797  4100  4100 W art     : 7fcc1aa07000-7fcc1aa09000 r--p 00059000 07:01 5323                       /system/lib64/libbcinfo.so
10-22 17:31:40.797  4100  4100 W art     : 7fcc1aa09000-7fcc1aa0a000 rw-p 0005b000 07:01 5323                       /system/lib64/libbcinfo.so
10-22 17:31:40.797  4100  4100 W art     : 7fcc1aa0a000-7fcc1aa0b000 r--p 00000000 00:00 0                          [anon:linker_alloc]
10-22 17:31:40.797  4100  4100 W art     : 7fcc1aa0b000-7fcc1aa75000 r-xp 00000000 07:01 5322                       /system/lib64/libbcc.so
10-22 17:31:40.797  4100  4100 W art     : 7fcc1aa75000-7fcc1aa77000 r--p 00069000 07:01 5322                       /system/lib64/libbcc.so
10-22 17:31:40.797  4100  4100 W art     : 7fcc1aa77000-7fcc1aa78000 rw-p 0006b000 07:01 5322                       /system/lib64/libbcc.so
10-22 17:31:40.797  4100  4100 W art     : 7fcc1aa78000-7fcc1aa79000 r--p 00000000 00:00 0 
10-22 17:31:40.797  4100  4100 W art     : 7fcc1aa79000-7fcc1aa8b000 r-xp 00000000 07:01 5338                       /system/lib64/libcommon_time_client.s
10-22 17:31:40.797  4100  4100 W art     : o
10-22 17:31:40.797  4100  4100 W art     : 7fcc1aa8b000-7fcc1aa90000 r--p 00011000 07:01 5338                       /system/lib64/libcommon_time_client.so
10-22 17:31:40.797  4100  4100 W art     : 7fcc1aa90000-7fcc1aa91000 rw-p 00016000 07:01 5338                       /system/lib64/libcommon_time_client.so
10-22 17:31:40.797  4100  4100 W art     : 7fcc1aa91000-7fcc1aab7000 r-xp 0
10-22 17:31:40.797  4100  4100 W art     : 0000000 07:01 5434                       /system/lib64/libprotobuf-cpp-lite.so
10-22 17:31:40.797  4100  4100 W art     : 7fcc1aab7000-7fcc1aab8000 ---p 00000000 00:00 0 
10-22 17:31:40.797  4100  4100 W art     : 7fcc1aab8000-7fcc1aab9000 r--p 00026000 07:01 5434                       /system/lib64/libprotobuf-cpp-lite.so
10-22 17:31:40.797  4100  4100 W art     : 7fcc1aab9000-7fcc1aaba000 rw-p 00027000 07:01 5434                       /system/lib64/libprotob
10-22 17:31:40.797  4100  4100 W art     : uf-cpp-lite.so
10-22 17:31:40.797  4100  4100 W art     : 7fcc1aaba000-7fcc1aac6000 r-xp 00000000 07:01 5465                       /system/lib64/libstagefright_avc_common.so
10-22 17:31:40.797  4100  4100 W art     : 7fcc1aac6000-7fcc1aac7000 r--p 0000b000 07:01 5465                       /system/lib64/libstagefright_avc_common.so
10-22 17:31:40.797  4100  4100 W art     : 7fcc1aac7000-7fcc1aac800
10-22 17:31:40.797  4100  4100 W art     : 0 rw-p 0000c000 07:01 5465                       /system/lib64/libstagefright_avc_common.so
10-22 17:31:40.797  4100  4100 W art     : 7fcc1aac8000-7fcc1aac9000 r-xp 00000000 07:01 5466                       /system/lib64/libstagefright_enc_common.so
10-22 17:31:40.797  4100  4100 W art     : 7fcc1aac9000-7fcc1aaca000 r--p 00000000 07:01 5466                       /system/lib64/libstagefright_enc_common.so
10-22 17:31:40.797  4100  4100 W art     : 7fcc1aaca000-7fcc1aacb000 rw-p 00001000 07:01 5466                       /system/lib64/libstagefright_enc_common.so
10-22 17:31:40.797  4100  4100 W art     : 7fcc1aacb000-7fcc1aacf000 r-xp 00000000 07:01 5431                       /system/lib64/libpowermanager.so
10-22 17:31:40.797  4100  4100 W art     : 7fcc1aacf000-7fcc1aad0000 r--p 00003000 07:01 5431                       /system/lib64/libpowermanager.so
10-22 17:31:40.797  4100  4100 W art     : 7fcc1aad0000-7fcc1aad1000 rw-p 00004000 07:01 5431                       /system/lib64/libpowermanager.so
10-22 17:31:40.798  4100  4100 W art     : 7fcc1aad1000-7fcc1aaf5000 r-xp 00000000 07:01 5506                       /system/lib64/libvorbisidec.so
10-22 17:31:40.798  4100  4100 W art     : 7fcc1aaf5000-7fcc1aaf6000 r--p 00023000 07:01 5506                       /system/lib64/libvorbisidec.so
10-22 17:31:40.798  4100  4100 W art     : 7fcc1aaf6000-7fcc1aaf7000 rw-p 00024000 07:01 5506                       /system/lib64/libvorbisidec.so
10-22 17:31:40.798  4100  4100 W art     : 7fcc1aaf7000-7fcc1aaf8000 r--p 00000000 00:00 0                          [anon:linker_alloc]
10-22 17:31:40.798  4100  4100 W art     : 7fcc1aaf8000-7fcc1aafb000 r-xp 00000000 07:01 5490                       /system/lib64/libstagefright_yuv.so
10-22 17:31:40.798  4100  4100 W art     : 7fcc1aafb000-7fcc1aafc000 ---p 00000000 00:00 0 
10-22 17:31:40.798  4100  4100 W art     : 7fcc1aafc000-7fcc1aafd000 r--p 00003000 07:01 5490                       /system/lib64/libstagefright_yuv.so
10-22 17:31:40.798  4100  4100 W art     : 7fcc1aafd000-7fcc1aafe000 rw-p 00004000 07:01 5490                       /system/lib64/libstagefright_yuv.so
10-22 17:31:40.798  4100  4100 W art     : 7fcc1aafe000-7fcc1ab41000 r-xp 00000000 07:01 5469                       /system/lib64/libstagefright_omx.so
10-22 17:31:40.798  4100  4100 W art     : 7fcc1ab41000-7fcc1ab46000 r--p 00042000 07:01 5469                       /system/lib64/libstagefright_omx.so
10-22 17:31:40.798  4100  4100 W art     : 7fcc1ab46000-7fcc1ab47000 rw-p 00047000 07:01 5469                       /system/lib64/libstagefright_omx.so
10-22 17:31:40.798  4100  4100 W art     : 7fcc1ab47000-7fcc1ab96000 r-xp 00000000 07:01 5423                       /system/lib64/libopus.so
10-22 17:31:40.798  4100  4100 W art     : 7fcc1ab96000-7fcc1ab98000 r--p 0004e000 07:01 5423                       /system/lib64/libopus.so
10-22 17:31:40.798  4100  4100 W art     : 7fcc1ab98000-7fcc1ab99000 rw-p 00050000 07:01 5423                       /system/lib64/libopus.so
10-22 17:31:40.798  4100  4100 W art     : 7fcc1ab99000-7fcc1aba1000 r-xp 00000000 07:01 5410                       /system/lib64/libmediautils.so
10-22 17:31:40.798  4100  4100 W art     : 7fcc1aba1000-7fcc1aba2000 ---p 00000000 00:00 0 
10-22 17:31:40.798  4100  4100 W art     : 7fcc1aba2000-7fcc1aba4000 r--p 00008000 07:01 5410                       /system/lib64/libmediautils.so
10-22 17:31:40.798  4100  4100 W art     : 7fcc1aba4000-7fcc1aba5000 rw-p 0000a000 07:01 5410                       /system/lib64/libmediautils.so
10-22 17:31:40.798  4100  4100 W art     : 7fcc1aba5000-7fcc1abcc000 r-xp 00000000 07:01 5350                       /system/lib64/libdrmframework.so
10-22 17:31:40.798  4100  4100 W art     : 7fcc1abcc000-7fcc1abcd000 ---p 00000000 00:00 
10-22 17:31:40.798  4100  4100 W art     : 0 
10-22 17:31:40.798  4100  4100 W art     : 7fcc1abcd000-7fcc1abd2000 r--p 00027000 07:01 5350                       /system/lib64/libdrmframework.so
10-22 17:31:40.798  4100  4100 W art     : 7fcc1abd2000-7fcc1abd3000 rw-p 0002c000 07:01 5350                       /system/lib64/libdrmframework.so
10-22 17:31:40.798  4100  4100 W art     : 7fcc1abd3000-7fcc1abf9000 r-xp 00000000 07:0
10-22 17:31:40.798  4100  4100 W art     : 1 5304                       /system/lib64/libRScpp.so
10-22 17:31:40.798  4100  4100 W art     : 7fcc1abf9000-7fcc1abfa000 r--p 00025000 07:01 5304                       /system/lib64/libRScpp.so
10-22 17:31:40.798  4100  4100 W art     : 7fcc1abfa000-7fcc1abfb000 rw-p 00026000 07:01 5304                       /system/lib64/libRScpp.so
10-22 17:31:40.798  4100  4100 W art     : 7fcc1abfb000-7fcc1abfc000 r--p 00000000 00:00 0           
10-22 17:31:40.798  4100  4100 W art     :                [anon:linker_alloc]
10-22 17:31:40.798  4100  4100 W art     : 7fcc1abfc000-7fcc1ac5a000 r-xp 00000000 07:01 5300                       /system/lib64/libRS.so
10-22 17:31:40.798  4100  4100 W art     : 7fcc1ac5a000-7fcc1ac5e000 r--p 0005d000 07:01 5300                       /system/lib64/libRS.so
10-22 17:31:40.798  4100  4100 W art     : 7fcc1ac5e000-7fcc1ac5f000 rw-p 00061000 07:01 5300              
10-22 17:31:40.798  4100  4100 W art     :          /system/lib64/libRS.so
10-22 17:31:40.798  4100  4100 W art     : 7fcc1ac5f000-7fcc1ac60000 rw-p 00000000 00:00 0                          [anon:linker_alloc_vector]
10-22 17:31:40.798  4100  4100 W art     : 7fcc1ac60000-7fcc1ac63000 r-xp 00000000 07:01 5458                       /system/lib64/libspeexresampler.so
10-22 17:31:40.798  4100  4100 W art     : 7fcc1ac63000-7fcc1ac64000 ---p 00000000 00:00 0 
10-22 17:31:40.798  4100  4100 W art     : 7fcc1ac64000-7fcc1ac65000 r--p 00003000 07:01 5458                       /system/lib64/libspeexresampler.so
10-22 17:31:40.798  4100  4100 W art     : 7fcc1ac65000-7fcc1ac66000 rw-p 00004000 07:01 5458                       /system/lib64/libspeexresampler.so
10-22 17:31:40.798  4100  4100 W art     : 7fcc1ac66000-7fcc1ac72000 r-xp 00000000 
10-22 17:31:40.798  4100  4100 W art     : 07:01 5417                       /system/lib64/libnbaio.so
10-22 17:31:40.798  4100  4100 W art     : 7fcc1ac72000-7fcc1ac74000 r--p 0000b000 07:01 5417                       /system/lib64/libnbaio.so
10-22 17:31:40.798  4100  4100 W art     : 7fcc1ac74000-7fcc1ac75000 rw-p 0000d000 07:01 5417                       /system/lib64/libnbaio.so
10-22 17:31:40.798  4100  4100 W art     : 7fcc1ac75000-7fcc1ac76000 r--p 00000000 00:00 0                          [anon:linker_alloc]
