10-22 17:23:00.213  1963  2146 I GStaticConfiguration: #getNewConfigurationUrl [pref=2013_10_04_22_22_03, gservice=2017_10_05_21_17_08]
10-22 17:23:00.253  2009  2073 E ELEVEN  : calling refresh!
10-22 17:23:00.254  2223  2223 I SetupWizard: Connected to Gservices successfully
10-22 17:23:00.297  3244  3244 W libnb   : Native bridge is disabled
10-22 17:23:00.304  1370  1382 I ActivityManager: Start proc 3244:com.android.vending/u0a18 for broadcast com.android.vending/com.google.android.finsky.receivers.PackageMonitorReceiver$RegisteredReceiver
10-22 17:23:00.310  3244  3244 W System  : ClassLoader referenced unknown path: /system/priv-app/Phonesky/lib/x86_64
10-22 17:23:00.324  2095  2651 I chatty  : uid=10010(com.google.android.gms) expire 25 lines
10-22 17:23:00.343  3244  3254 W art     : Suspending all threads took: 7.197ms
10-22 17:23:00.345  3244  3244 W Finsky  : [1] com.google.android.finsky.application.FinskyAppImpl.ak(1866): No account configured on this device.
10-22 17:23:00.352  3244  3244 W Finsky  : [1] com.google.android.finsky.application.FinskyAppImpl.ak(1866): No account configured on this device.
10-22 17:23:00.359  3244  3244 W Finsky  : [1] com.google.android.finsky.application.FinskyAppImpl.ak(1866): No account configured on this device.
10-22 17:23:00.360  3244  3244 W Finsky  : [1] com.google.android.finsky.application.FinskyAppImpl.ak(1866): No account configured on this device.
10-22 17:23:00.360  3244  3244 W Finsky  : [1] com.google.android.finsky.application.FinskyAppImpl.ak(1866): No account configured on this device.
10-22 17:23:00.360  3244  3244 W Finsky  : [1] com.google.android.finsky.application.FinskyAppImpl.ak(1866): No account configured on this device.
10-22 17:23:00.361  3244  3244 W Finsky  : [1] com.google.android.finsky.application.FinskyAppImpl.ak(1866): No account configured on this device.
10-22 17:23:00.388  1873  3165 D DownloadManager: [2] Finished with status SUCCESS
10-22 17:23:00.390  3244  3244 W Finsky  : [1] com.google.android.finsky.application.FinskyAppImpl.ak(1866): No account configured on this device.
10-22 17:23:00.391  3244  3244 W Finsky  : [1] com.google.android.finsky.application.FinskyAppImpl.ak(1866): No account configured on this device.
10-22 17:23:00.392  3244  3244 W Finsky  : [1] com.google.android.finsky.application.FinskyAppImpl.ak(1866): No account configured on this device.
10-22 17:23:00.395  3244  3244 W Finsky  : [1] com.google.android.finsky.application.FinskyAppImpl.ak(1866): No account configured on this device.
10-22 17:23:00.396  3244  3244 W Finsky  : [1] com.google.android.finsky.application.FinskyAppImpl.ak(1866): No account configured on this device.
10-22 17:23:00.402  3244  3244 W Finsky  : [1] com.google.android.finsky.application.FinskyAppImpl.ak(1866): No account configured on this device.
10-22 17:23:00.412  3244  3244 W Finsky  : [1] com.google.android.finsky.application.FinskyAppImpl.ak(1866): No account configured on this device.
10-22 17:23:00.416  3244  3244 W Finsky  : [1] com.google.android.finsky.application.FinskyAppImpl.ak(1866): No account configured on this device.
10-22 17:23:00.418  3244  3244 W Finsky  : [1] com.google.android.finsky.application.FinskyAppImpl.ak(1866): No account configured on this device.
10-22 17:23:00.418  3244  3244 W Finsky  : [1] com.google.android.finsky.application.FinskyAppImpl.ak(1866): No account configured on this device.
10-22 17:23:00.418  3244  3244 W Finsky  : [1] com.google.android.finsky.application.FinskyAppImpl.ak(1866): No account configured on this device.
10-22 17:23:00.419  3244  3244 W Finsky  : [1] com.google.android.finsky.application.FinskyAppImpl.ak(1866): No account configured on this device.
10-22 17:23:00.422  3244  3244 W Finsky  : [1] com.google.android.finsky.application.FinskyAppImpl.ak(1866): No account configured on this device.
10-22 17:23:00.423  3244  3244 W Finsky  : [1] com.google.android.finsky.application.FinskyAppImpl.ak(1866): No account configured on this device.
10-22 17:23:00.424  3244  3244 W Finsky  : [1] com.google.android.finsky.application.FinskyAppImpl.ak(1866): No account configured on this device.
10-22 17:23:00.425  3244  3244 W Finsky  : [1] com.google.android.finsky.application.FinskyAppImpl.ak(1866): No account configured on this device.
10-22 17:23:00.425  3244  3244 W Finsky  : [1] com.google.android.finsky.application.FinskyAppImpl.ak(1866): No account configured on this device.
10-22 17:23:00.425  3244  3244 I Finsky  : [1] com.google.android.finsky.dailyhygiene.DailyHygiene.a(297): No recent hygiene success, needs more hygiene.
10-22 17:23:00.425  3244  3244 W Finsky  : [1] com.google.android.finsky.application.FinskyAppImpl.ak(1866): No account configured on this device.
10-22 17:23:00.431  3244  3244 W Finsky  : [1] com.google.android.finsky.application.FinskyAppImpl.ak(1866): No account configured on this device.
10-22 17:23:00.432  3244  3244 W Finsky  : [1] com.google.android.finsky.application.FinskyAppImpl.ak(1866): No account configured on this device.
10-22 17:23:00.432  3244  3244 W Settings: Setting download_manager_max_bytes_over_mobile has moved from android.provider.Settings.Secure to android.provider.Settings.Global.
10-22 17:23:00.432  3244  3244 W Settings: Setting download_manager_recommended_max_bytes_over_mobile has moved from android.provider.Settings.Secure to android.provider.Settings.Global.
10-22 17:23:00.433  3244  3244 W Finsky  : [1] com.google.android.finsky.application.FinskyAppImpl.ak(1866): No account configured on this device.
10-22 17:23:00.435  3244  3244 W Finsky  : [1] com.google.android.finsky.application.FinskyAppImpl.ak(1866): No account configured on this device.
10-22 17:23:00.437  3244  3244 W Finsky  : [1] com.google.android.finsky.application.FinskyAppImpl.ak(1866): No account configured on this device.
10-22 17:23:00.437  3244  3244 W Finsky  : [1] com.google.android.finsky.application.FinskyAppImpl.ak(1866): No account configured on this device.
10-22 17:23:00.438  3244  3244 W Finsky  : [1] com.google.android.finsky.application.FinskyAppImpl.ak(1866): No account configured on this device.
10-22 17:23:00.439  3244  3244 W Finsky  : [1] com.google.android.finsky.application.FinskyAppImpl.ak(1866): No account configured on this device.
10-22 17:23:00.440  3244  3244 W Finsky  : [1] com.google.android.finsky.application.FinskyAppImpl.ak(1866): No account configured on this device.
10-22 17:23:00.441  3244  3244 W Finsky  : [1] com.google.android.finsky.application.FinskyAppImpl.ak(1866): No account configured on this device.
10-22 17:23:00.441  3244  3244 W Finsky  : [1] com.google.android.finsky.application.FinskyAppImpl.ak(1866): No account configured on this device.
10-22 17:23:00.442  3244  3244 W Finsky  : [1] com.google.android.finsky.application.FinskyAppImpl.ak(1866): No account configured on this device.
10-22 17:23:00.442  3244  3244 W Finsky  : [1] com.google.android.finsky.application.FinskyAppImpl.ak(1866): No account configured on this device.
10-22 17:23:00.445  3244  3244 W Finsky  : [1] com.google.android.finsky.application.FinskyAppImpl.ak(1866): No account configured on this device.
10-22 17:23:00.447  3244  3244 W Finsky  : [1] com.google.android.finsky.application.FinskyAppImpl.ak(1866): No account configured on this device.
10-22 17:23:00.447  3244  3244 W Finsky  : [1] com.google.android.finsky.application.FinskyAppImpl.ak(1866): No account configured on this device.
10-22 17:23:00.447  3244  3244 W Finsky  : [1] com.google.android.finsky.application.FinskyAppImpl.ak(1866): No account configured on this device.
10-22 17:23:00.449  3244  3244 W Finsky  : [1] com.google.android.finsky.application.FinskyAppImpl.ak(1866): No account configured on this device.
10-22 17:23:00.449  3244  3244 W Finsky  : [1] com.google.android.finsky.application.FinskyAppImpl.a(1472): No account configured on this device.
10-22 17:23:00.450  3244  3244 W Finsky  : [1] com.google.android.finsky.application.FinskyAppImpl.ak(1866): No account configured on this device.
10-22 17:23:00.450  3244  3244 W Finsky  : [1] com.google.android.finsky.application.FinskyAppImpl.ak(1866): No account configured on this device.
10-22 17:23:00.450  3244  3244 W Finsky  : [1] com.google.android.finsky.application.FinskyAppImpl.ak(1866): No account configured on this device.
10-22 17:23:00.451  3244  3244 W Finsky  : [1] com.google.android.finsky.application.FinskyAppImpl.ak(1866): No account configured on this device.
10-22 17:23:00.452  3244  3244 W Finsky  : [1] com.google.android.finsky.application.FinskyAppImpl.ak(1866): No account configured on this device.
10-22 17:23:00.465  3244  3281 W Finsky  : [242] com.google.android.finsky.application.FinskyAppImpl.ak(1866): No account configured on this device.
10-22 17:23:00.469  3244  3244 W Finsky  : [1] com.google.android.finsky.application.FinskyAppImpl.ak(1866): No account configured on this device.
10-22 17:23:00.470  3244  3244 W Finsky  : [1] com.google.android.finsky.application.FinskyAppImpl.ak(1866): No account configured on this device.
10-22 17:23:00.470  3244  3244 I Finsky  : [1] com.google.android.finsky.f.a.a.a(16889): result=false type=4
10-22 17:23:00.471  3244  3244 W Finsky  : [1] com.google.android.finsky.application.FinskyAppImpl.ak(1866): No account configured on this device.
10-22 17:23:00.471  3244  3244 W Finsky  : [1] com.google.android.finsky.application.FinskyAppImpl.ak(1866): No account configured on this device.
10-22 17:23:00.472  3244  3244 W Finsky  : [1] com.google.android.finsky.application.FinskyAppImpl.ak(1866): No account configured on this device.
10-22 17:23:00.473  3244  3244 W Finsky  : [1] com.google.android.finsky.application.FinskyAppImpl.ak(1866): No account configured on this device.
10-22 17:23:00.478  3244  3244 W Finsky  : [1] com.google.android.finsky.application.FinskyAppImpl.ak(1866): No account configured on this device.
10-22 17:23:00.479  3244  3244 W Finsky  : [1] com.google.android.finsky.application.FinskyAppImpl.ak(1866): No account configured on this device.
10-22 17:23:00.479  3244  3244 W Finsky  : [1] com.google.android.finsky.application.FinskyAppImpl.ak(1866): No account configured on this device.
10-22 17:23:00.480  2397  2397 D AlertReceiver: onReceive: a=android.intent.action.PROVIDER_CHANGED Intent { act=android.intent.action.PROVIDER_CHANGED dat=content://com.android.calendar flg=0x20000010 cmp=com.android.calendar/.alerts.AlertReceiver }
10-22 17:23:00.482  2397  3286 D AlertService: 0 Action = android.intent.action.PROVIDER_CHANGED
10-22 17:23:00.485  3244  3244 W Finsky  : [1] com.google.android.finsky.application.FinskyAppImpl.ak(1866): No account configured on this device.
10-22 17:23:00.487  3244  3281 W Finsky  : [242] com.google.android.finsky.application.FinskyAppImpl.ak(1866): No account configured on this device.
10-22 17:23:00.489  3244  3281 W Finsky  : [242] com.google.android.finsky.application.FinskyAppImpl.ak(1866): No account configured on this device.
10-22 17:23:00.490  3244  3244 W Finsky  : [1] com.google.android.finsky.application.FinskyAppImpl.ak(1866): No account configured on this device.
10-22 17:23:00.490  3244  3244 I Finsky  : [1] com.google.android.finsky.services.ax.a(963): Restore complete with 0 success and 0 failed.
10-22 17:23:00.491  3244  3244 E Finsky  : [1] com.google.android.finsky.wear.bl.a(847): onConnectionFailed: ConnectionResult{statusCode=API_UNAVAILABLE, resolution=null, message=null}
10-22 17:23:00.492  3244  3244 I Finsky  : [1] com.google.android.finsky.wear.aj.run(20402): Dropping command=send_installed_apps due to Gms not connected
10-22 17:23:00.528  1873  3291 D DownloadManager: [4] Starting
10-22 17:23:00.584  1370  1381 I ActivityManager: Killing 2845:com.google.android.onetimeinitializer/u0a12 (adj 15): empty #17
10-22 17:23:00.595  1370  2899 D ActivityManager: cleanUpApplicationRecord -- 2845
10-22 17:23:00.635  1764  3297 I chatty  : uid=10010 com.google.android.gms.persistent expire 1 line
10-22 17:23:01.427  3244  3244 W Finsky  : [1] com.google.android.finsky.application.FinskyAppImpl.ak(1866): No account configured on this device.
10-22 17:23:01.427  3244  3244 W Finsky  : [1] com.google.android.finsky.application.FinskyAppImpl.ak(1866): No account configured on this device.
10-22 17:23:01.427  3244  3244 W Finsky  : [1] com.google.android.finsky.application.FinskyAppImpl.ak(1866): No account configured on this device.
10-22 17:23:01.427  3244  3244 I Finsky  : [1] com.google.android.finsky.dailyhygiene.DailyHygiene$DailyHygieneService.onStartCommand(21526): DailyHygiene holdoff continue
10-22 17:23:01.427  3244  3244 W Finsky  : [1] com.google.android.finsky.application.FinskyAppImpl.ak(1866): No account configured on this device.
10-22 17:23:01.814  1370  1601 W ActivityManager: Unable to start service Intent { act=com.google.android.gms.analytics.service.START cmp=com.google.android.gms/.analytics.service.AnalyticsService (has extras) } U=0: not found
10-22 17:23:01.814  1783  2774 W GAV3    : Thread[GAThread,5,main]: Service unavailable (code=1), will retry.
10-22 17:23:01.815  1783  2774 I GAV3    : Thread[GAThread,5,main]: No campaign data found.
10-22 17:23:02.140  1873  3291 D DownloadManager: [4] Finished with status SUCCESS
10-22 17:23:02.162  2775  3302 I ConfigUpdater: Update downloaded, starting installation
10-22 17:23:02.168  1764  2268 I chatty  : uid=10010(com.google.android.gms) netscheduler-qu expire 2 lines
10-22 17:23:02.200  2775  3302 I ConfigUpdater: doneInstall
10-22 17:23:02.202  1370  3305 I ConfigUpdateInstallReceiver: Couldn't find current metadata, assuming first update
10-22 17:23:02.202  1370  3305 I ConfigUpdateInstallReceiver: Failed to read current content, assuming first update!
10-22 17:23:02.202  1370  3305 I ConfigUpdateInstallReceiver: Found new update, installing...
10-22 17:23:02.210  1370  3305 I ConfigUpdateInstallReceiver: Installation successful
10-22 17:23:02.213  1873  2669 V DownloadManager: Deleting /data/data/com.android.providers.downloads/cache/07252017-sms-blacklist.metadata.txt via provider delete
10-22 17:23:02.218  1873  2669 V DownloadManager: Deleting /data/data/com.android.providers.downloads/cache/07252017-sms-blacklist.txt via provider delete
10-22 17:23:02.223  1066  1782 E Drm     : Failed to find drm plugin
10-22 17:23:02.226  2304  3309 I chatty  : uid=10010(com.google.android.gms) highpool[0] expire 1 line
10-22 17:23:02.310  2787  2787 I bluetoothd: Stopping SDP server
10-22 17:23:02.310  2787  2787 I bluetoothd: Exit
10-22 17:23:02.315  3310  3310 I chatty  : uid=0(root) /system/bin/logwrapper expire 1 line
10-22 17:23:02.325  3319  3319 I chatty  : uid=0(root) log expire 1 line
10-22 17:23:02.498  1802  2053 E PhoneInterfaceManager: [PhoneIntfMgr] getIccId: No UICC
10-22 17:23:02.506  1066  1894 E Drm     : Failed to find drm plugin
10-22 17:23:02.506  2304  3322 I chatty  : uid=10010(com.google.android.gms) highpool[1] expire 1 line
10-22 17:23:02.512  2095  3324 I chatty  : uid=10010(com.google.android.gms) expire 2 lines
10-22 17:23:02.698  1873  3174 D DownloadManager: [3] Finished with status SUCCESS
10-22 17:23:02.720  1873  3329 D DownloadManager: [5] Starting
10-22 17:23:03.063  2304  2315 I chatty  : uid=10010(com.google.android.gms) Binder_1 expire 14 lines
10-22 17:23:03.453  3244  3244 W Finsky  : [1] com.google.android.finsky.application.FinskyAppImpl.ak(1866): No account configured on this device.
10-22 17:23:03.828  1370  1597 W ActivityManager: Unable to start service Intent { act=com.google.android.gms.analytics.service.START cmp=com.google.android.gms/.analytics.service.AnalyticsService (has extras) } U=0: not found
10-22 17:23:03.829  3106  3135 W GAV2    : Thread[GAThread,5,main]: Service unavailable (code=1), will retry.
10-22 17:23:03.832  3106  3135 I GAV2    : Thread[GAThread,5,main]: No campaign data found.
10-22 17:23:05.033  1370  1384 I ActivityManager: Waited long enough for: ServiceRecord{b0a851d u0 com.google.android.googlequicksearchbox/com.google.android.apps.gsa.tasks.VelvetBackgroundTasksIntentService}
10-22 17:23:05.087  2095  2125 I chatty  : uid=10010(com.google.android.gms) expire 1 line
10-22 17:23:05.097  1764  2336 I chatty  : uid=10010 com.google.android.gms.persistent expire 1 line
10-22 17:23:05.101  2095  3340 I chatty  : uid=10010(com.google.android.gms) expire 1 line
10-22 17:23:05.162  1764  3176 I chatty  : uid=10010 com.google.android.gms.persistent expire 11 lines
10-22 17:23:05.482  2397  3286 I GlobalDismissManager: no sender configured
10-22 17:23:05.482  2397  3286 D AlertService: Beginning updateAlertNotification
10-22 17:23:05.485  2397  3286 D AlertService: No fired or scheduled alerts
10-22 17:23:05.486  2397  3286 D AlertService: Scheduling next alarm with AlarmScheduler. sEventReminderReceived: null
10-22 17:23:05.487  2397  3286 D AlarmScheduler: No events found starting within 1 week.
10-22 17:23:05.761  2304  2316 I chatty  : uid=10010(com.google.android.gms) Binder_2 expire 15 lines
10-22 17:23:05.805  1873  3329 D DownloadManager: [5] Finished with status SUCCESS
10-22 17:23:05.814  2775  3342 I ConfigUpdater: Update downloaded, starting installation
10-22 17:23:05.817  2775  3342 I ConfigUpdater: doneInstall
10-22 17:23:05.829  1873  2669 V DownloadManager: Deleting /data/data/com.android.providers.downloads/cache/08202014-metadata.txt via provider delete
10-22 17:23:05.830  1370  3343 I ConfigUpdateInstallReceiver: Couldn't find current metadata, assuming first update
10-22 17:23:05.830  1370  3343 I ConfigUpdateInstallReceiver: Failed to read current content, assuming first update!
10-22 17:23:05.830  1370  3343 I ConfigUpdateInstallReceiver: Found new update, installing...
10-22 17:23:05.830  1370  3343 I ConfigUpdateInstallReceiver: Installation successful
10-22 17:23:05.831  1873  2669 V DownloadManager: Deleting /data/data/com.android.providers.downloads/cache/08202014-pins.txt via provider delete
10-22 17:23:06.141  1370  1414 I InputReader: Reconfiguring input devices.  changes=0x00000010
10-22 17:23:06.143  1370  1414 I InputReader: Reconfiguring input devices.  changes=0x00000010
10-22 17:23:06.143  1370  1414 I InputReader: Reconfiguring input devices.  changes=0x00000010
10-22 17:23:06.143  1370  1414 I InputReader: Reconfiguring input devices.  changes=0x00000010
10-22 17:23:06.143  1370  1414 I InputReader: Reconfiguring input devices.  changes=0x00000010
10-22 17:23:06.144  1370  1414 I InputReader: Reconfiguring input devices.  changes=0x00000010
10-22 17:23:06.144  1370  1414 I InputReader: Reconfiguring input devices.  changes=0x00000010
10-22 17:23:06.144  1370  1414 I InputReader: Reconfiguring input devices.  changes=0x00000010
10-22 17:23:06.146  2095  3353 I chatty  : uid=10010(com.google.android.gms) expire 4 lines
10-22 17:23:06.148  3244  3244 W Finsky  : [1] com.google.android.finsky.application.FinskyAppImpl.ak(1866): No account configured on this device.
10-22 17:23:06.149  1370  1414 I InputReader: Reconfiguring input devices.  changes=0x00000010
10-22 17:23:06.174  3244  3244 W Finsky  : [1] com.google.android.finsky.application.FinskyAppImpl.ak(1866): No account configured on this device.
10-22 17:23:06.180  3244  3244 W Finsky  : [1] com.google.android.finsky.application.FinskyAppImpl.ak(1866): No account configured on this device.
10-22 17:23:06.192  3244  3244 W Finsky  : [1] com.google.android.finsky.application.FinskyAppImpl.ak(1866): No account configured on this device.
10-22 17:23:06.199  3244  3244 W Finsky  : [1] com.google.android.finsky.application.FinskyAppImpl.ak(1866): No account configured on this device.
10-22 17:23:06.209  3244  3244 W Finsky  : [1] com.google.android.finsky.application.FinskyAppImpl.ak(1866): No account configured on this device.
10-22 17:23:06.217  1370  1370 W BackupManagerService: Proposed transport ComponentInfo{com.google.android.gms/com.google.android.gms.backup.BackupTransportService} not whitelisted; ignoring
10-22 17:23:06.225  3244  3244 W Finsky  : [1] com.google.android.finsky.application.FinskyAppImpl.ak(1866): No account configured on this device.
10-22 17:23:06.232  3244  3244 W Finsky  : [1] com.google.android.finsky.application.FinskyAppImpl.ak(1866): No account configured on this device.
10-22 17:23:06.246  3244  3244 W Finsky  : [1] com.google.android.finsky.application.FinskyAppImpl.ak(1866): No account configured on this device.
10-22 17:23:06.253  3244  3244 W Finsky  : [1] com.google.android.finsky.application.FinskyAppImpl.ak(1866): No account configured on this device.
10-22 17:23:06.265  3244  3244 W Finsky  : [1] com.google.android.finsky.application.FinskyAppImpl.ak(1866): No account configured on this device.
10-22 17:23:06.287  2095  3354 I chatty  : uid=10010(com.google.android.gms) expire 3 lines
10-22 17:23:06.295  2095  3355 I chatty  : uid=10010(com.google.android.gms) expire 3 lines
10-22 17:23:06.430  2095  2251 I chatty  : uid=10010(com.google.android.gms) expire 8 lines
10-22 17:23:06.435  2095  3372 I chatty  : uid=10010(com.google.android.gms) lowpool[6] expire 10 lines
10-22 17:23:06.816  1370  1597 W ActivityManager: Unable to start service Intent { act=com.google.android.gms.analytics.service.START cmp=com.google.android.gms/.analytics.service.AnalyticsService (has extras) } U=0: not found
10-22 17:23:06.816  1783  3301 W GAV3    : Thread[Service Reconnect,5,main]: Service unavailable (code=1), using local store.
10-22 17:23:06.828  2690  2690 E BlueZ   : bluetoothd connect timeout
10-22 17:23:06.828  2690  2690 E BluetoothServiceJni: Error while setting the callbacks: 1
10-22 17:23:06.838  2690  2690 E BluetoothSdpJni: Bluetooth module is not loaded
10-22 17:23:06.841  1370  1388 E BluetoothManagerService: IBluetooth.configHciSnoopLog return false
10-22 17:23:07.396  2095  2467 I chatty  : uid=10010(com.google.android.gms) lowpool[3] expire 11 lines
10-22 17:23:08.353  1370  1388 W BluetoothManagerService: Maximum name/address remote retrieval retry exceeded
10-22 17:23:08.355  2690  2690 E BluetoothSdpJni: Bluetooth module is not loaded
10-22 17:23:08.356  2690  2690 I art     : System.exit called, status: 0
10-22 17:23:08.356  2690  2690 I AndroidRuntime: VM exiting with result code 0, cleanup skipped.
10-22 17:23:08.367  1370  2907 I ActivityManager: Process com.android.bluetooth (pid 2690) has died
10-22 17:23:08.367  1370  2907 D ActivityManager: cleanUpApplicationRecord -- 2690
10-22 17:23:08.803  1802  1824 E PhoneInterfaceManager: [PhoneIntfMgr] getIccId: No UICC
10-22 17:23:08.829  1370  3239 W ActivityManager: Unable to start service Intent { act=com.google.android.gms.analytics.service.START cmp=com.google.android.gms/.analytics.service.AnalyticsService (has extras) } U=0: not found
10-22 17:23:08.829  3106  3339 W GAV2    : Thread[Service Reconnect,5,main]: Service unavailable (code=1), using local store.
10-22 17:23:09.769  2095  3390 I chatty  : uid=10010(com.google.android.gms) expire 1 line
10-22 17:23:11.108  2304  2304 I chatty  : uid=10010 com.google.android.gms.unstable expire 4 lines
10-22 17:23:11.113  2095  3391 I chatty  : uid=10010(com.google.android.gms) expire 2 lines
10-22 17:23:11.115  2095  3392 I chatty  : uid=10010(com.google.android.gms) expire 2 lines
10-22 17:23:11.187  2095  3400 I chatty  : uid=10010(com.google.android.gms) expire 2 lines
10-22 17:23:11.256  2095  2645 I chatty  : uid=10010(com.google.android.gms) highpool[1] expire 7 lines
10-22 17:23:11.503  1764  1764 I chatty  : uid=10010 com.google.android.gms.persistent expire 16 lines
10-22 17:23:11.567  1764  3421 I chatty  : uid=10010(com.google.android.gms) NearbyDirectMai expire 1 line
10-22 17:23:11.618  2095  3425 I chatty  : uid=10010(com.google.android.gms) AsyncTask #3 expire 1 line
10-22 17:23:11.674  2095  3446 I chatty  : uid=10010(com.google.android.gms) expire 2 lines
10-22 17:23:11.721  3244  3255 W Finsky  : [218] com.google.android.finsky.application.FinskyAppImpl.ak(1866): No account configured on this device.
10-22 17:23:11.722  3244  3255 I Finsky  : [218] com.google.android.finsky.services.e.a(58): Received content filters request from sharedUserId=com.google.uid.shared:10010
10-22 17:23:11.723  3244  3255 W Finsky  : [218] com.google.android.finsky.application.FinskyAppImpl.ak(1866): No account configured on this device.
10-22 17:23:11.724  1764  3456 I chatty  : uid=10010 com.google.android.gms.persistent expire 1 line
10-22 17:23:11.724  3244  3255 W Finsky  : [218] com.google.android.finsky.application.FinskyAppImpl.ak(1866): No account configured on this device.
10-22 17:23:11.734  2095  3448 I chatty  : uid=10010(com.google.android.gms) expire 13 lines
10-22 17:23:11.758  2095  3461 I chatty  : uid=10010(com.google.android.gms) expire 1 line
10-22 17:23:11.775  2095  3466 I chatty  : uid=10010(com.google.android.gms) expire 2 lines
10-22 17:23:11.777  2095  3465 I chatty  : uid=10010(com.google.android.gms) expire 2 lines
10-22 17:23:11.799  2095  3452 I chatty  : uid=10010(com.google.android.gms) expire 18 lines
10-22 17:23:11.801  2095  3467 I chatty  : uid=10010(com.google.android.gms) expire 2 lines
10-22 17:23:11.940  2095  2222 I chatty  : uid=10010(com.google.android.gms) GAC_Executor[1] expire 8 lines
10-22 17:23:11.988  2095  3476 I chatty  : uid=10010(com.google.android.gms) AsyncTask #4 expire 1 line
10-22 17:23:12.090  2095  3453 I chatty  : uid=10010(com.google.android.gms) expire 20 lines
10-22 17:23:12.111  1764  3479 I chatty  : uid=10010 com.google.android.gms.persistent expire 1 line
10-22 17:23:12.120  3244  3255 W Finsky  : [218] com.google.android.finsky.application.FinskyAppImpl.ak(1866): No account configured on this device.
10-22 17:23:12.120  3244  3255 I Finsky  : [218] com.google.android.finsky.services.e.a(58): Received content filters request from sharedUserId=com.google.uid.shared:10010
10-22 17:23:12.120  3244  3255 W Finsky  : [218] com.google.android.finsky.application.FinskyAppImpl.ak(1866): No account configured on this device.
10-22 17:23:12.121  3244  3255 W Finsky  : [218] com.google.android.finsky.application.FinskyAppImpl.ak(1866): No account configured on this device.
10-22 17:23:12.130  2095  3450 I chatty  : uid=10010(com.google.android.gms) expire 4 lines
10-22 17:23:12.133  2095  3483 I chatty  : uid=10010(com.google.android.gms) expire 1 line
10-22 17:23:12.135  2095  3484 I chatty  : uid=10010(com.google.android.gms) expire 2 lines
10-22 17:23:12.144  2095  3485 I chatty  : uid=10010(com.google.android.gms) expire 2 lines
10-22 17:23:12.259  2095  3451 I chatty  : uid=10010(com.google.android.gms) expire 1 line
10-22 17:23:12.265  2095  2426 I chatty  : uid=10010(com.google.android.gms) AsyncTask #1 expire 1 line
10-22 17:23:13.109  2095  3384 I chatty  : uid=10010(com.google.android.gms) expire 1 line
10-22 17:23:14.278  1370  1384 I ActivityManager: Waited long enough for: ServiceRecord{234de0f u0 com.android.calendar/.alerts.InitAlarmsService}
10-22 17:23:14.522  2304  3401 I chatty  : uid=10010 com.google.android.gms.unstable expire 1 line
10-22 17:23:15.902  1632  1887 I vol.Events: writeEvent level_changed STREAM_MUSIC 10
10-22 17:23:20.064  1370  1414 I InputReader: Reconfiguring input devices.  changes=0x00000010
10-22 17:23:20.065  1370  1414 I InputReader: Reconfiguring input devices.  changes=0x00000010
10-22 17:23:20.065  3244  3244 W Finsky  : [1] com.google.android.finsky.application.FinskyAppImpl.ak(1866): No account configured on this device.
10-22 17:23:20.068  2095  3514 I chatty  : uid=10010(com.google.android.gms) expire 2 lines
10-22 17:23:20.081  1370  1370 W BackupManagerService: Proposed transport ComponentInfo{com.google.android.gms/com.google.android.gms.backup.BackupTransportService} not whitelisted; ignoring
10-22 17:23:20.081  3244  3244 W Finsky  : [1] com.google.android.finsky.application.FinskyAppImpl.ak(1866): No account configured on this device.
10-22 17:23:20.094  2095  3511 I chatty  : uid=10010(com.google.android.gms) expire 1 line
10-22 17:23:21.120  2095  2288 I chatty  : uid=10010(com.google.android.gms) lowpool[2] expire 8 lines
10-22 17:23:23.572  2095  3482 I chatty  : uid=10010(com.google.android.gms) expire 4 lines
10-22 17:23:23.574  2095  3457 I chatty  : uid=10010(com.google.android.gms) expire 3 lines
10-22 17:23:24.180  1743  1743 I chatty  : uid=10050(com.android.inputmethod.latin) expire 20 lines
10-22 17:23:29.086  1066  1066 W APM::AudioPolicyManager: getOutput() could not find output for stream 1, samplingRate 0,format 0, channels 3, flags 0
10-22 17:23:29.086  1066  1894 W APM::AudioPolicyManager: getOutput() could not find output for stream 1, samplingRate 0,format 0, channels 3, flags 0
10-22 17:23:29.090  1066  1407 W APM::AudioPolicyManager: getOutput() could not find output for stream 1, samplingRate 44100,format 1, channels 3, flags 4
10-22 17:23:29.090  1370  1439 E AudioTrack: Could not get audio output for session 10, stream type -1, usage 13, sample rate 44100, format 0x1, channel mask 0x3, flags 0x4
10-22 17:23:29.090  1370  1439 E SoundPool: Error creating AudioTrack
10-22 17:23:29.150  1632  1632 D PhoneStatusBar: disable: < EXPAND icons ALERTS system_info back* HOME RECENT CLOCK SEARCH quick_settings >
10-22 17:23:29.282  2397  3194 D InitAlarmsService: Clearing and rescheduling alarms.
10-22 17:23:29.286  1370  1599 I ActivityManager: Killing 2876:org.android_x86.hardwarecollector/u0a14 (adj 15): empty #17
10-22 17:23:29.308  1370  1600 D ActivityManager: cleanUpApplicationRecord -- 2876
10-22 17:23:33.910  1066  1440 W APM::AudioPolicyManager: getOutput() could not find output for stream 1, samplingRate 0,format 0, channels 3, flags 0
10-22 17:23:33.910  1066  1066 W APM::AudioPolicyManager: getOutput() could not find output for stream 1, samplingRate 0,format 0, channels 3, flags 0
10-22 17:23:33.910  1066  1782 W APM::AudioPolicyManager: getOutput() could not find output for stream 1, samplingRate 44100,format 1, channels 3, flags 4
10-22 17:23:33.910  1370  1439 E AudioTrack: Could not get audio output for session 11, stream type -1, usage 13, sample rate 44100, format 0x1, channel mask 0x3, flags 0x4
10-22 17:23:33.910  1370  1439 E SoundPool: Error creating AudioTrack
10-22 17:23:33.934  2223  2766 D OpenGLRenderer: endAllStagingAnimators on 0x7f904b83f000 (RippleDrawable) with handle 0x7f904b7ba340
10-22 17:23:33.936  1632  1632 D PhoneStatusBar: disable: < EXPAND icons ALERTS system_info BACK* HOME RECENT CLOCK SEARCH quick_settings >
10-22 17:23:33.939  1370  1598 W InputMethodManagerService: Window already focused, ignoring focus gain of: com.android.internal.view.IInputMethodClient$Stub$Proxy@5b534f7 attribute=android.view.inputmethod.EditorInfo@254ff64, token = android.os.BinderProxy@a6758c2
10-22 17:23:39.604  1370  1413 I WindowManager: Not starting activity because user setup is in progress: Intent { act=android.intent.action.MAIN cat=[android.intent.category.HOME] flg=0x10200000 (has extras) }
10-22 17:23:40.900  1873  2671 D DownloadManager: [1] Finished with status SUCCESS
10-22 17:23:40.917  2095  3527 D ActivityThread: Loading provider com.google.android.gms.matchstick.dataprovider: com.google.android.gms.matchstick.data.DatabaseProvider
10-22 17:23:40.933  1370  1599 I ActivityManager: Killing 2913:com.android.launcher3/u0a15 (adj 15): empty #17
10-22 17:23:40.951  1370  2881 D ActivityManager: cleanUpApplicationRecord -- 2913
10-22 17:23:40.983  1873  3529 V DownloadManager: Deleting /data/data/com.android.providers.downloads/cache/libAppDataSearchExt_x86_64.v7.so via provider delete
10-22 17:23:41.430  1743  1743 I chatty  : uid=10050(com.android.inputmethod.latin) expire 15 lines
10-22 17:23:41.767  1066  1894 E Drm     : Failed to find drm plugin
10-22 17:23:41.767  2304  3536 I chatty  : uid=10010(com.google.android.gms) highpool[2] expire 1 line
10-22 17:23:42.161  2304  2316 I chatty  : uid=10010(com.google.android.gms) Binder_2 expire 14 lines
10-22 17:23:42.481  1370  1413 I WindowManager: Not starting activity because user setup is in progress: Intent { act=android.intent.action.MAIN cat=[android.intent.category.HOME] flg=0x10200000 (has extras) }
10-22 17:23:42.482  1764  2200 I chatty  : uid=10010 com.google.android.gms.persistent expire 8 lines
10-22 17:23:43.235  1764  2357 I chatty  : uid=10010(com.google.android.gms) highpool[3] expire 3 lines
10-22 17:23:50.443  1963  1963 W SearchService: Abort, client detached.
10-22 17:23:50.985  1632  1632 V DeadZone: consuming errant click: (257.96307,9.0)
10-22 17:23:52.462  1066  1782 W APM::AudioPolicyManager: getOutput() could not find output for stream 1, samplingRate 0,format 0, channels 3, flags 0
10-22 17:23:52.462  1066  1407 W APM::AudioPolicyManager: getOutput() could not find output for stream 1, samplingRate 0,format 0, channels 3, flags 0
10-22 17:23:52.463  1066  1066 W APM::AudioPolicyManager: getOutput() could not find output for stream 1, samplingRate 44100,format 1, channels 3, flags 4
10-22 17:23:52.463  1370  1439 E AudioTrack: Could not get audio output for session 12, stream type -1, usage 13, sample rate 44100, format 0x1, channel mask 0x3, flags 0x4
10-22 17:23:52.463  1370  1439 E SoundPool: Error creating AudioTrack
10-22 17:23:54.411  1743  1743 I chatty  : uid=10050(com.android.inputmethod.latin) expire 10 lines
10-22 17:23:56.900  1370  1490 I ActivityManager: Killing 2941:com.android.managedprovisioning/u0a16 (adj 15): empty #17
10-22 17:23:56.910  1370  2907 D ActivityManager: cleanUpApplicationRecord -- 2941
10-22 17:24:12.424  1066  1894 W APM::AudioPolicyManager: getOutput() could not find output for stream 1, samplingRate 0,format 0, channels 3, flags 0
10-22 17:24:12.425  1066  1782 W APM::AudioPolicyManager: getOutput() could not find output for stream 1, samplingRate 0,format 0, channels 3, flags 0
10-22 17:24:12.425  1066  1440 W APM::AudioPolicyManager: getOutput() could not find output for stream 1, samplingRate 44100,format 1, channels 3, flags 4
10-22 17:24:12.425  1370  1439 E AudioTrack: Could not get audio output for session 13, stream type -1, usage 13, sample rate 44100, format 0x1, channel mask 0x3, flags 0x4
10-22 17:24:12.425  1370  1439 E SoundPool: Error creating AudioTrack
10-22 17:24:12.428  1370  1601 I ActivityManager: START u0 {act=com.android.wizard.NEXT cmp=com.google.android.setupwizard/.WizardManager (has extras)} from uid 10020 on display 0
10-22 17:24:12.469  2223  2223 I SetupWizard.WizardManager: onNext actionId=welcome resultCode=-1
10-22 17:24:12.498  2223  2223 I SetupWizard.WizardManager: sendAction action=WizardAction (id=carrier_setup uri=intent:#Intent;action=com.android.setupwizard.CARRIER_SETUP;end transitions={-1=check_frp, 1=check_frp} default: activation_check)
10-22 17:24:12.499  1370  1600 I ActivityManager: START u0 {act=com.android.setupwizard.CARRIER_SETUP flg=0x4000000 cmp=com.google.android.setupwizard/.CarrierSetup (has extras)} from uid 10020 on display 0
10-22 17:24:12.513  1370  1602 I ActivityManager: START u0 {act=android.intent.action.ACTION_CARRIER_SETUP flg=0x2000000 pkg=com.google.android.setupwizard (has extras)} from uid 10020 on display 0
10-22 17:24:12.514  2223  2223 W SetupWizard.CarrierSetupWrapper: intent has no matching activity; start next screen and finish; intent=Intent { act=com.android.setupwizard.CARRIER_SETUP flg=0x4000000 cmp=com.google.android.setupwizard/.CarrierSetup (has extras) }
10-22 17:24:12.514  1370  3239 I ActivityManager: START u0 {act=com.android.wizard.NEXT cmp=com.google.android.setupwizard/.WizardManager (has extras)} from uid 10020 on display 0
10-22 17:24:12.577  2223  2223 I SetupWizard.WizardManager: onNext actionId=carrier_setup resultCode=3
10-22 17:24:12.577  2223  2223 I SetupWizard.WizardManager: sendAction action=WizardAction (id=activation_check uri=intent:#Intent;action=com.android.setupwizard.ACTIVATION_CHECK;end transitions={101=sim_missing, 102=activate_mobile_data} default: sim_setup)
10-22 17:24:12.578  1370  1381 I ActivityManager: START u0 {act=com.android.setupwizard.ACTIVATION_CHECK flg=0x4000000 cmp=com.google.android.setupwizard/.ActivationCheckActivity (has extras)} from uid 10020 on display 0
10-22 17:24:12.590  1370  1599 I ActivityManager: START u0 {act=com.android.wizard.NEXT cmp=com.google.android.setupwizard/.WizardManager (has extras)} from uid 10020 on display 0
10-22 17:24:12.593  2223  2223 I SetupWizard.WizardManager: onNext actionId=activation_check resultCode=1
10-22 17:24:12.593  2223  2223 I SetupWizard.WizardManager: sendAction action=WizardAction (id=sim_setup uri=intent:#Intent;action=com.android.setupwizard.SIM_SETUP;end transitions={} default: check_frp)
10-22 17:24:12.594  1370  1381 I ActivityManager: START u0 {act=com.android.setupwizard.SIM_SETUP flg=0x4000000 cmp=com.google.android.setupwizard/.SimSetupActivity (has extras)} from uid 10020 on display 0
10-22 17:24:12.600  1370  1597 I ActivityManager: START u0 {act=com.android.wizard.NEXT cmp=com.google.android.setupwizard/.WizardManager (has extras)} from uid 10020 on display 0
10-22 17:24:12.613  2223  2223 I SetupWizard.WizardManager: onNext actionId=sim_setup resultCode=1
10-22 17:24:12.614  2223  2223 I SetupWizard.WizardManager: sendAction action=WizardAction (id=check_frp uri=intent:#Intent;action=com.google.android.setupwizard.PROGRESS;S.fragment=com.google.android.setupwizard.account.CheckFrpFragment;end transitions={} default: wifi_settings)
10-22 17:24:12.614  1370  2883 I ActivityManager: START u0 {act=com.google.android.setupwizard.PROGRESS flg=0x4000000 cmp=com.google.android.setupwizard/.ProgressActivity (has extras)} from uid 10020 on display 0
10-22 17:24:12.628  1370  2907 I ActivityManager: START u0 {act=com.android.wizard.NEXT cmp=com.google.android.setupwizard/.WizardManager (has extras)} from uid 10020 on display 0
10-22 17:24:12.634  2223  2223 I SetupWizard.WizardManager: onNext actionId=check_frp resultCode=-1
10-22 17:24:12.634  2223  2223 I SetupWizard.WizardManager: sendAction action=WizardAction (id=wifi_settings uri=intent:#Intent;action=com.android.setupwizard.WIFI_SETTINGS;end transitions={} default: connection_check)
10-22 17:24:12.635  1370  2763 I ActivityManager: START u0 {act=com.android.setupwizard.WIFI_SETTINGS flg=0x4000000 cmp=com.google.android.setupwizard/.WifiSettingsWrapper (has extras)} from uid 10020 on display 0
10-22 17:24:12.649  1370  2881 D WifiService: setWifiEnabled: true pid=2223, uid=10020
10-22 17:24:12.649  1370  2881 E WifiService: Invoking mWifiStateMachine.setWifiEnabled
10-22 17:24:12.649  1370  2899 I ActivityManager: START u0 {act=com.android.net.wifi.SETUP_WIFI_NETWORK cmp=com.android.settings/.wifi.WifiSetupActivity (has extras)} from uid 10020 on display 0
10-22 17:24:12.667  1370  1389 W WindowManager: Token{f3bfd42 ActivityRecord{150278d u0 com.android.settings/.wifi.WifiSetupActivity t3}} failed creating starting window
10-22 17:24:12.667  1370  1389 W WindowManager: android.view.InflateException: Binary XML file line #32: Failed to resolve attribute at index 6: TypedValue{t=0x0/d=0x0}
10-22 17:24:12.667  1370  1389 W WindowManager: 	at android.view.LayoutInflater.inflate(LayoutInflater.java:539)
10-22 17:24:12.667  1370  1389 W WindowManager: 	at android.view.LayoutInflater.inflate(LayoutInflater.java:423)
10-22 17:24:12.667  1370  1389 W WindowManager: 	at android.view.LayoutInflater.inflate(LayoutInflater.java:374)
10-22 17:24:12.667  1370  1389 W WindowManager: 	at com.android.internal.policy.PhoneWindow.generateLayout(PhoneWindow.java:3909)
10-22 17:24:12.667  1370  1389 W WindowManager: 	at com.android.internal.policy.PhoneWindow.installDecor(PhoneWindow.java:3981)
10-22 17:24:12.667  1370  1389 W WindowManager: 	at com.android.internal.policy.PhoneWindow.getDecorView(PhoneWindow.java:1969)
10-22 17:24:12.667  1370  1389 W WindowManager: 	at com.android.server.policy.PhoneWindowManager.addStartingWindow(PhoneWindowManager.java:2351)
10-22 17:24:12.667  1370  1389 W WindowManager: 	at com.android.server.wm.WindowManagerService$H.handleMessage(WindowManagerService.java:7850)
10-22 17:24:12.667  1370  1389 W WindowManager: 	at android.os.Handler.dispatchMessage(Handler.java:102)
10-22 17:24:12.667  1370  1389 W WindowManager: 	at android.os.Looper.loop(Looper.java:148)
10-22 17:24:12.667  1370  1389 W WindowManager: 	at android.os.HandlerThread.run(HandlerThread.java:61)
10-22 17:24:12.667  1370  1389 W WindowManager: 	at com.android.server.ServiceThread.run(ServiceThread.java:46)
10-22 17:24:12.667  1370  1389 W WindowManager: Caused by: java.lang.UnsupportedOperationException: Failed to resolve attribute at index 6: TypedValue{t=0x0/d=0x0}
10-22 17:24:12.667  1370  1389 W WindowManager: 	at android.content.res.TypedArray.getLayoutDimension(TypedArray.java:705)
10-22 17:24:12.667  1370  1389 W WindowManager: 	at android.view.ViewGroup$LayoutParams.setBaseAttributes(ViewGroup.java:6890)
10-22 17:24:12.667  1370  1389 W WindowManager: 	at android.view.ViewGroup$MarginLayoutParams.<init>(ViewGroup.java:7071)
10-22 17:24:12.667  1370  1389 W WindowManager: 	at android.widget.LinearLayout$LayoutParams.<init>(LinearLayout.java:1911)
10-22 17:24:12.667  1370  1389 W WindowManager: 	at android.widget.LinearLayout.generateLayoutParams(LinearLayout.java:1816)
10-22 17:24:12.667  1370  1389 W WindowManager: 	at android.widget.LinearLayout.generateLayoutParams(LinearLayout.java:1815)
10-22 17:24:12.667  1370  1389 W WindowManager: 	at android.view.LayoutInflater.rInflate(LayoutInflater.java:837)
10-22 17:24:12.667  1370  1389 W WindowManager: 	at android.view.LayoutInflater.rInflateChildren(LayoutInflater.java:798)
10-22 17:24:12.667  1370  1389 W WindowManager: 	at android.view.LayoutInflater.inflate(LayoutInflater.java:515)
10-22 17:24:12.667  1370  1389 W WindowManager: 	... 11 more
10-22 17:24:12.678  1370  1490 I ActivityManager: Start proc 3550:com.android.settings/1000 for activity com.android.settings/.wifi.WifiSetupActivity
10-22 17:24:12.715  3550  3550 W System  : ClassLoader referenced unknown path: /system/priv-app/Settings/lib/x86_64
10-22 17:24:12.875  1370  1432 D WifiService: New client listening to asynchronous messages
10-22 17:24:12.932  3550  3568 D OpenGLRenderer: Use EGL_SWAP_BEHAVIOR_PRESERVED: true
10-22 17:24:13.017  1632  1632 D PhoneStatusBar: disable: < EXPAND icons ALERTS system_info back* HOME RECENT CLOCK SEARCH quick_settings >
10-22 17:24:13.028  3550  3568 I EGL-DRI2: found extension DRI_Core version 1
10-22 17:24:13.028  3550  3568 I EGL-DRI2: found extension DRI_SWRast version 5
10-22 17:24:13.029  3550  3568 I EGL-DRI2: found extension DRI_TexBuffer version 2
10-22 17:24:13.029  3550  3568 I EGL-DRI2: found extension DRI_IMAGE version 11
10-22 17:24:13.029  3550  3568 I EGL-DRI2: found extension DRI_RENDERER_QUERY version 1
10-22 17:24:13.029  3550  3568 I EGL-DRI2: found extension DRI_CONFIG_QUERY version 1
10-22 17:24:13.029  3550  3568 I EGL-DRI2: found extension DRI2_Fence version 2
10-22 17:24:13.029  3550  3568 I OpenGLRenderer: Initialized EGL, version 1.4
10-22 17:24:13.029  3550  3568 W OpenGLRenderer: Failed to choose config with EGL_SWAP_BEHAVIOR_PRESERVED, retrying without...
10-22 17:24:13.471  1370  1389 I ActivityManager: Displayed com.android.settings/.wifi.WifiSetupActivity: +803ms (total +1s4ms)
10-22 17:24:13.621  3550  3550 I Choreographer: Skipped 35 frames!  The application may be doing too much work on its main thread.
10-22 17:24:19.308  1066  1066 W APM::AudioPolicyManager: getOutput() could not find output for stream 1, samplingRate 0,format 0, channels 3, flags 0
10-22 17:24:19.308  1066  1894 W APM::AudioPolicyManager: getOutput() could not find output for stream 1, samplingRate 0,format 0, channels 3, flags 0
10-22 17:24:19.309  1066  1407 W APM::AudioPolicyManager: getOutput() could not find output for stream 1, samplingRate 44100,format 1, channels 3, flags 4
10-22 17:24:19.309  1370  1439 E AudioTrack: Could not get audio output for session 14, stream type -1, usage 13, sample rate 44100, format 0x1, channel mask 0x3, flags 0x4
10-22 17:24:19.318  1370  1439 E SoundPool: Error creating AudioTrack
10-22 17:24:21.305  3244  3244 W Finsky  : [1] com.google.android.finsky.application.FinskyAppImpl.ak(1866): No account configured on this device.
10-22 17:24:21.305  3244  3244 W Finsky  : [1] com.google.android.finsky.application.FinskyAppImpl.ak(1866): No account configured on this device.
10-22 17:24:21.305  3244  3244 W Finsky  : [1] com.google.android.finsky.application.FinskyAppImpl.ak(1866): No account configured on this device.
10-22 17:24:21.306  3244  3244 I Finsky  : [1] com.google.android.finsky.dailyhygiene.DailyHygiene$DailyHygieneService.onStartCommand(21526): DailyHygiene holdoff continue
10-22 17:24:21.306  3244  3244 W Finsky  : [1] com.google.android.finsky.application.FinskyAppImpl.ak(1866): No account configured on this device.
10-22 17:24:21.377  1370  2883 D ConnectivityService: listenForNetwork for Listen from uid/pid:10010/2095 for NetworkRequest [ id=5, legacyType=-1, [ Capabilities: INTERNET&NOT_RESTRICTED&TRUSTED&NOT_VPN] ]
10-22 17:24:21.388  2095  3579 I chatty  : uid=10010(com.google.android.gms) expire 2 lines
10-22 17:24:21.412  2095  3576 I chatty  : uid=10010(com.google.android.gms) expire 3 lines
10-22 17:24:24.360  1066  1440 W APM::AudioPolicyManager: getOutput() could not find output for stream 1, samplingRate 0,format 0, channels 3, flags 0
10-22 17:24:24.360  1066  1066 W APM::AudioPolicyManager: getOutput() could not find output for stream 1, samplingRate 0,format 0, channels 3, flags 0
10-22 17:24:24.361  1066  1782 W APM::AudioPolicyManager: getOutput() could not find output for stream 1, samplingRate 44100,format 1, channels 3, flags 4
10-22 17:24:24.361  1370  1439 E AudioTrack: Could not get audio output for session 15, stream type -1, usage 13, sample rate 44100, format 0x1, channel mask 0x3, flags 0x4
10-22 17:24:24.362  1370  1439 E SoundPool: Error creating AudioTrack
10-22 17:24:24.370  3550  3550 D WifiSetupActivity: finishing, resultCode=1
10-22 17:24:24.373  3550  3568 D OpenGLRenderer: endAllStagingAnimators on 0x7f904b86c000 (RippleDrawable) with handle 0x7f90606af140
10-22 17:24:24.375  2223  2223 I SetupWizard.WifiSettingsWrapper: subactivity result {WIFI_ACTIVITY_REQUEST(10004), RESULT_WIFI_SKIP(1), null}
10-22 17:24:24.375  1370  2899 I ActivityManager: START u0 {act=com.android.wizard.NEXT cmp=com.google.android.setupwizard/.WizardManager (has extras)} from uid 10020 on display 0
10-22 17:24:24.406  2223  2223 I SetupWizard.WizardManager: onNext actionId=wifi_settings resultCode=1
10-22 17:24:24.409  2223  2223 I SetupWizard.WizardManager: sendAction action=WizardAction (id=connection_check uri=intent:#Intent;action=com.android.setupwizard.CONNECTION_CHECK;end transitions={1=no_account_date_time_check} default: walled_garden)
10-22 17:24:24.410  1370  1490 I ActivityManager: START u0 {act=com.android.setupwizard.CONNECTION_CHECK flg=0x4000000 cmp=com.google.android.setupwizard/.ConnectionCheckActivity (has extras)} from uid 10020 on display 0
10-22 17:24:24.639  1370  3239 I ActivityManager: START u0 {act=com.android.wizard.NEXT cmp=com.google.android.setupwizard/.WizardManager (has extras)} from uid 10020 on display 0
10-22 17:24:24.663  2223  2223 I SetupWizard.WizardManager: onNext actionId=connection_check resultCode=-1
10-22 17:24:24.664  2223  2223 I SetupWizard.WizardManager: sendAction action=WizardAction (id=walled_garden uri=intent:#Intent;action=com.android.setupwizard.WALLED_GARDEN;end transitions={1=no_account_date_time_check} default: ota_update)
10-22 17:24:24.664  1370  1599 I ActivityManager: START u0 {act=com.android.setupwizard.WALLED_GARDEN flg=0x4000000 cmp=com.google.android.setupwizard/.WalledGardenActivity (has extras)} from uid 10020 on display 0
10-22 17:24:24.716  2223  3589 I SetupWizard.CheckConnectionTask: connecting to walled garden server. retries=0
10-22 17:24:24.797  1370  1389 I ActivityManager: Displayed com.google.android.setupwizard/.WalledGardenActivity: +117ms (total +420ms)
10-22 17:24:25.047  2223  3589 I SetupWizard.CheckConnectionTask: responseCode=204
10-22 17:24:25.344  1370  1384 I ActivityManager: Killing 3033:com.android.camera2/u0a34 (adj 15): empty #17
10-22 17:24:25.354  1370  1602 D ActivityManager: cleanUpApplicationRecord -- 3033
10-22 17:24:26.057  1370  1490 I ActivityManager: START u0 {act=com.android.wizard.NEXT cmp=com.google.android.setupwizard/.WizardManager (has extras)} from uid 10020 on display 0
10-22 17:24:26.098  2223  2223 I SetupWizard.WizardManager: onNext actionId=walled_garden resultCode=-1
10-22 17:24:26.098  2223  2223 I SetupWizard.WizardManager: sendAction action=WizardAction (id=ota_update uri=intent:#Intent;action=com.google.android.setupwizard.OTA_UPDATE;end transitions={1=early_update} default: system_update)
10-22 17:24:26.098  1370  2881 I ActivityManager: START u0 {act=com.google.android.setupwizard.OTA_UPDATE flg=0x4000000 cmp=com.google.android.setupwizard/.OtaUpdateActivity (has extras)} from uid 10020 on display 0
10-22 17:24:26.167  1370  1490 I ActivityManager: START u0 {act=com.android.wizard.NEXT cmp=com.google.android.setupwizard/.WizardManager (has extras)} from uid 10020 on display 0
10-22 17:24:26.190  2223  2223 I SetupWizard.WizardManager: onNext actionId=ota_update resultCode=1
10-22 17:24:26.190  2223  2223 I SetupWizard.WizardManager: sendAction action=WizardAction (id=early_update uri=intent:#Intent;action=com.google.android.setupwizard.PROGRESS;S.fragment=com.google.android.setupwizard.update.EarlyUpdateFragment;end transitions={} default: load_account_intent)
10-22 17:24:26.191  1370  1600 I ActivityManager: START u0 {act=com.google.android.setupwizard.PROGRESS flg=0x4000000 cmp=com.google.android.setupwizard/.ProgressActivity (has extras)} from uid 10020 on display 0
