10-22 17:22:56.532  1370  1370 W ActivityManager: Wtf, activity ActivityRecord{8b14947 u0 com.android.settings/.CryptKeeper t1 f} in proc activity list not using proc ProcessRecord{d58131d 1808:com.android.settings:CryptKeeper/1000}?!? Using null instead.
10-22 17:22:56.535  1370  1370 W ActivityManager: Wtf, activity ActivityRecord{8b14947 u0 com.android.settings/.CryptKeeper t1 f} in proc activity list not using proc ProcessRecord{d58131d 1808:com.android.settings:CryptKeeper/1000}?!? Using null instead.
10-22 17:22:56.537  1370  1381 W ActivityManager: Wtf, activity ActivityRecord{8b14947 u0 com.android.settings/.CryptKeeper t1 f} in proc activity list not using proc ProcessRecord{d58131d 1808:com.android.settings:CryptKeeper/1000}?!? Using null instead.
10-22 17:22:56.537  1370  1602 W ActivityManager: Wtf, activity ActivityRecord{8b14947 u0 com.android.settings/.CryptKeeper t1 f} in proc activity list not using proc ProcessRecord{d58131d 1808:com.android.settings:CryptKeeper/1000}?!? Using null instead.
10-22 17:22:56.538  1370  1602 W ActivityManager: Wtf, activity ActivityRecord{8b14947 u0 com.android.settings/.CryptKeeper t1 f} in proc activity list not using proc ProcessRecord{d58131d 1808:com.android.settings:CryptKeeper/1000}?!? Using null instead.
10-22 17:22:56.538  1370  1370 W ActivityManager: Wtf, activity ActivityRecord{8b14947 u0 com.android.settings/.CryptKeeper t1 f} in proc activity list not using proc ProcessRecord{d58131d 1808:com.android.settings:CryptKeeper/1000}?!? Using null instead.
10-22 17:22:56.538  1370  1370 W ActivityManager: Wtf, activity ActivityRecord{8b14947 u0 com.android.settings/.CryptKeeper t1 f} in proc activity list not using proc ProcessRecord{d58131d 1808:com.android.settings:CryptKeeper/1000}?!? Using null instead.
10-22 17:22:56.545  1370  2706 I RecoverySystem: No recovery log file
10-22 17:22:56.546  2707  2707 W libnb   : Native bridge is disabled
10-22 17:22:56.546  1370  2706 I BootReceiver: Copying audit failures to DropBox
10-22 17:22:56.546  1370  2706 I BootReceiver: Checking for fsck errors
10-22 17:22:56.549  1370  1382 I ActivityManager: Start proc 2707:com.android.dialer/u0a7 for broadcast com.android.dialer/.calllog.CallLogReceiver
10-22 17:22:56.549  1370  1382 W ActivityManager: Wtf, activity ActivityRecord{8b14947 u0 com.android.settings/.CryptKeeper t1 f} in proc activity list not using proc ProcessRecord{d58131d 1808:com.android.settings:CryptKeeper/1000}?!? Using null instead.
10-22 17:22:56.559  1370  2704 I ActivityManager: Start proc 2716:com.android.keychain/1000 for service com.android.keychain/.KeyChainService
10-22 17:22:56.561  1370  1370 W ActivityManager: Wtf, activity ActivityRecord{8b14947 u0 com.android.settings/.CryptKeeper t1 f} in proc activity list not using proc ProcessRecord{d58131d 1808:com.android.settings:CryptKeeper/1000}?!? Using null instead.
10-22 17:22:56.561  1370  1599 W ActivityManager: Wtf, activity ActivityRecord{8b14947 u0 com.android.settings/.CryptKeeper t1 f} in proc activity list not using proc ProcessRecord{d58131d 1808:com.android.settings:CryptKeeper/1000}?!? Using null instead.
10-22 17:22:56.563  2702  2702 I chatty  : uid=0(root) /system/bin/logwrapper expire 1 line
10-22 17:22:56.575  1370  1601 W ActivityManager: Wtf, activity ActivityRecord{8b14947 u0 com.android.settings/.CryptKeeper t1 f} in proc activity list not using proc ProcessRecord{d58131d 1808:com.android.settings:CryptKeeper/1000}?!? Using null instead.
10-22 17:22:56.579  2707  2707 W System  : ClassLoader referenced unknown path: /system/priv-app/Dialer/lib/x86_64
10-22 17:22:56.593  1370  1600 I ActivityManager: Start proc 2740:com.svox.pico/u0a56 for service com.svox.pico/.PicoService
10-22 17:22:56.593  2223  2223 I TextToSpeech: Sucessfully bound to com.svox.pico
10-22 17:22:56.598  2716  2716 W System  : ClassLoader referenced unknown path: /system/app/KeyChain/lib/x86_64
10-22 17:22:56.611  1370  1601 W ActivityManager: Wtf, activity ActivityRecord{8b14947 u0 com.android.settings/.CryptKeeper t1 f} in proc activity list not using proc ProcessRecord{d58131d 1808:com.android.settings:CryptKeeper/1000}?!? Using null instead.
10-22 17:22:56.611  2223  2223 D Ringtone: Problem opening; delegating to remote player
10-22 17:22:56.621  2223  2223 D Ringtone: Problem opening; delegating to remote player
10-22 17:22:56.625  1370  1381 W ActivityManager: Wtf, activity ActivityRecord{8b14947 u0 com.android.settings/.CryptKeeper t1 f} in proc activity list not using proc ProcessRecord{d58131d 1808:com.android.settings:CryptKeeper/1000}?!? Using null instead.
10-22 17:22:56.663  2740  2740 V SynthProxy: About to load libttspico.so, applyFilter=true
10-22 17:22:56.676  1370  1601 W ActivityManager: Wtf, activity ActivityRecord{8b14947 u0 com.android.settings/.CryptKeeper t1 f} in proc activity list not using proc ProcessRecord{d58131d 1808:com.android.settings:CryptKeeper/1000}?!? Using null instead.
10-22 17:22:56.690  1370  1601 W ActivityManager: Wtf, activity ActivityRecord{8b14947 u0 com.android.settings/.CryptKeeper t1 f} in proc activity list not using proc ProcessRecord{d58131d 1808:com.android.settings:CryptKeeper/1000}?!? Using null instead.
10-22 17:22:56.690  2707  2707 D ExtensionsFactory: No custom extensions.
10-22 17:22:56.698  1370  1381 I ActivityManager: Config changes=4 {1.0 ?mcc?mnc en_US ldltr sw768dp w1024dp h696dp 160dpi xlrg land -touch qwerty/v/v -nav/h s.6}
10-22 17:22:56.698  1370  1384 D ActivityManager: Storing locale en-US for decryption UI
10-22 17:22:56.698  1370  1384 D CryptdConnector: SND -> {2 cryptfs setfield SystemLocale en-US}
10-22 17:22:56.698  1053  1081 I Ext4Crypt: ext4 crypto complete called on /data
10-22 17:22:56.698  1053  1081 I Ext4Crypt: No master key, so not ext4enc
10-22 17:22:56.699  1370  1417 D CryptdConnector: RCV <- {200 2 0}
10-22 17:22:56.707  1370  1384 W ActivityManager: Wtf, activity ActivityRecord{8b14947 u0 com.android.settings/.CryptKeeper t1 f} in proc activity list not using proc ProcessRecord{d58131d 1808:com.android.settings:CryptKeeper/1000}?!? Using null instead.
10-22 17:22:56.708  1370  1382 W ActivityManager: Wtf, activity ActivityRecord{8b14947 u0 com.android.settings/.CryptKeeper t1 f} in proc activity list not using proc ProcessRecord{d58131d 1808:com.android.settings:CryptKeeper/1000}?!? Using null instead.
10-22 17:22:56.708  1370  1382 W ActivityManager: Wtf, activity ActivityRecord{8b14947 u0 com.android.settings/.CryptKeeper t1 f} in proc activity list not using proc ProcessRecord{d58131d 1808:com.android.settings:CryptKeeper/1000}?!? Using null instead.
10-22 17:22:56.714  1370  2763 W ActivityManager: Wtf, activity ActivityRecord{8b14947 u0 com.android.settings/.CryptKeeper t1 f} in proc activity list not using proc ProcessRecord{d58131d 1808:com.android.settings:CryptKeeper/1000}?!? Using null instead.
10-22 17:22:56.715  1370  2763 W ActivityManager: Wtf, activity ActivityRecord{8b14947 u0 com.android.settings/.CryptKeeper t1 f} in proc activity list not using proc ProcessRecord{d58131d 1808:com.android.settings:CryptKeeper/1000}?!? Using null instead.
10-22 17:22:56.723  1370  1600 W ActivityManager: Wtf, activity ActivityRecord{8b14947 u0 com.android.settings/.CryptKeeper t1 f} in proc activity list not using proc ProcessRecord{d58131d 1808:com.android.settings:CryptKeeper/1000}?!? Using null instead.
10-22 17:22:56.723  2223  2766 D OpenGLRenderer: Use EGL_SWAP_BEHAVIOR_PRESERVED: true
10-22 17:22:56.729  1370  1602 W ActivityManager: Wtf, activity ActivityRecord{8b14947 u0 com.android.settings/.CryptKeeper t1 f} in proc activity list not using proc ProcessRecord{d58131d 1808:com.android.settings:CryptKeeper/1000}?!? Using null instead.
10-22 17:22:56.730  1370  1382 W ActivityManager: Wtf, activity ActivityRecord{8b14947 u0 com.android.settings/.CryptKeeper t1 f} in proc activity list not using proc ProcessRecord{d58131d 1808:com.android.settings:CryptKeeper/1000}?!? Using null instead.
10-22 17:22:56.731  1370  1382 W ActivityManager: Wtf, activity ActivityRecord{8b14947 u0 com.android.settings/.CryptKeeper t1 f} in proc activity list not using proc ProcessRecord{d58131d 1808:com.android.settings:CryptKeeper/1000}?!? Using null instead.
10-22 17:22:56.732  2223  2223 I TextToSpeech: Connected to ComponentInfo{com.svox.pico/com.svox.pico.PicoService}
10-22 17:22:56.732  1370  1601 W ActivityManager: Wtf, activity ActivityRecord{8b14947 u0 com.android.settings/.CryptKeeper t1 f} in proc activity list not using proc ProcessRecord{d58131d 1808:com.android.settings:CryptKeeper/1000}?!? Using null instead.
10-22 17:22:56.732  1370  1370 W ActivityManager: Wtf, activity ActivityRecord{8b14947 u0 com.android.settings/.CryptKeeper t1 f} in proc activity list not using proc ProcessRecord{d58131d 1808:com.android.settings:CryptKeeper/1000}?!? Using null instead.
10-22 17:22:56.732  1370  1370 W ActivityManager: Wtf, activity ActivityRecord{8b14947 u0 com.android.settings/.CryptKeeper t1 f} in proc activity list not using proc ProcessRecord{d58131d 1808:com.android.settings:CryptKeeper/1000}?!? Using null instead.
10-22 17:22:56.732  1370  1370 W ActivityManager: Wtf, activity ActivityRecord{8b14947 u0 com.android.settings/.CryptKeeper t1 f} in proc activity list not using proc ProcessRecord{d58131d 1808:com.android.settings:CryptKeeper/1000}?!? Using null instead.
10-22 17:22:56.736  1370  1490 W ActivityManager: Wtf, activity ActivityRecord{8b14947 u0 com.android.settings/.CryptKeeper t1 f} in proc activity list not using proc ProcessRecord{d58131d 1808:com.android.settings:CryptKeeper/1000}?!? Using null instead.
10-22 17:22:56.736  1370  1490 W ActivityManager: Wtf, activity ActivityRecord{8b14947 u0 com.android.settings/.CryptKeeper t1 f} in proc activity list not using proc ProcessRecord{d58131d 1808:com.android.settings:CryptKeeper/1000}?!? Using null instead.
10-22 17:22:56.743  1370  1600 W ActivityManager: Unable to start service Intent { act=com.google.android.apps.libraries.matchstick.action.RUN_SYNC_CHECKER cmp=com.google.android.gms/.matchstick.net.MessagingService (has extras) } U=0: not found
10-22 17:22:56.757  1370  2763 W ActivityManager: Wtf, activity ActivityRecord{8b14947 u0 com.android.settings/.CryptKeeper t1 f} in proc activity list not using proc ProcessRecord{d58131d 1808:com.android.settings:CryptKeeper/1000}?!? Using null instead.
10-22 17:22:56.758  1370  1601 W ActivityManager: Wtf, activity ActivityRecord{8b14947 u0 com.android.settings/.CryptKeeper t1 f} in proc activity list not using proc ProcessRecord{d58131d 1808:com.android.settings:CryptKeeper/1000}?!? Using null instead.
10-22 17:22:56.762  2690  2690 D AdapterServiceConfig: Adding HeadsetService
10-22 17:22:56.762  2690  2690 D AdapterServiceConfig: Adding A2dpService
10-22 17:22:56.762  2690  2690 D AdapterServiceConfig: Adding HidService
10-22 17:22:56.762  2690  2690 D AdapterServiceConfig: Adding HealthService
10-22 17:22:56.762  2690  2690 D AdapterServiceConfig: Adding PanService
10-22 17:22:56.762  2690  2690 D AdapterServiceConfig: Adding GattService
10-22 17:22:56.762  2690  2690 D AdapterServiceConfig: Adding BluetoothMapService
10-22 17:22:56.763  1370  1598 W ActivityManager: Wtf, activity ActivityRecord{8b14947 u0 com.android.settings/.CryptKeeper t1 f} in proc activity list not using proc ProcessRecord{d58131d 1808:com.android.settings:CryptKeeper/1000}?!? Using null instead.
10-22 17:22:56.764  1370  2763 W ActivityManager: Wtf, activity ActivityRecord{8b14947 u0 com.android.settings/.CryptKeeper t1 f} in proc activity list not using proc ProcessRecord{d58131d 1808:com.android.settings:CryptKeeper/1000}?!? Using null instead.
10-22 17:22:56.766  1370  2763 W ActivityManager: Wtf, activity ActivityRecord{8b14947 u0 com.android.settings/.CryptKeeper t1 f} in proc activity list not using proc ProcessRecord{d58131d 1808:com.android.settings:CryptKeeper/1000}?!? Using null instead.
10-22 17:22:56.767  1370  2763 W ActivityManager: Wtf, activity ActivityRecord{8b14947 u0 com.android.settings/.CryptKeeper t1 f} in proc activity list not using proc ProcessRecord{d58131d 1808:com.android.settings:CryptKeeper/1000}?!? Using null instead.
10-22 17:22:56.767  1370  2763 W ActivityManager: Wtf, activity ActivityRecord{8b14947 u0 com.android.settings/.CryptKeeper t1 f} in proc activity list not using proc ProcessRecord{d58131d 1808:com.android.settings:CryptKeeper/1000}?!? Using null instead.
10-22 17:22:56.775  1370  1598 W ActivityManager: Wtf, activity ActivityRecord{8b14947 u0 com.android.settings/.CryptKeeper t1 f} in proc activity list not using proc ProcessRecord{d58131d 1808:com.android.settings:CryptKeeper/1000}?!? Using null instead.
10-22 17:22:56.775  1370  1598 W ActivityManager: Wtf, activity ActivityRecord{8b14947 u0 com.android.settings/.CryptKeeper t1 f} in proc activity list not using proc ProcessRecord{d58131d 1808:com.android.settings:CryptKeeper/1000}?!? Using null instead.
10-22 17:22:56.776  2204  2204 I Finsky  : [1] com.google.android.finsky.receivers.ClearCacheReceiver.onReceive(26): Received android.intent.action.LOCALE_CHANGED. Clearing cache and exiting.
10-22 17:22:56.777  2204  2351 D Volley  : [122] g.b: Cache cleared.
10-22 17:22:56.777  2204  2204 W Finsky  : [1] com.google.android.finsky.application.FinskyAppImpl.ak(1866): No account configured on this device.
10-22 17:22:56.778  2204  2364 D Volley  : [130] g.b: Cache cleared.
10-22 17:22:56.778  1370  1382 W ActivityManager: Wtf, activity ActivityRecord{8b14947 u0 com.android.settings/.CryptKeeper t1 f} in proc activity list not using proc ProcessRecord{d58131d 1808:com.android.settings:CryptKeeper/1000}?!? Using null instead.
10-22 17:22:56.780  1370  1381 W ActivityManager: Wtf, activity ActivityRecord{8b14947 u0 com.android.settings/.CryptKeeper t1 f} in proc activity list not using proc ProcessRecord{d58131d 1808:com.android.settings:CryptKeeper/1000}?!? Using null instead.
10-22 17:22:56.782  2690  2690 D BlueZ   : external/bluetooth/bluez/android/hal-bluetooth.c:open_bluetooth() 
10-22 17:22:56.782  2690  2690 D BlueZ   : external/bluetooth/bluez/android/hal-bluetooth.c:get_bluetooth_interface() 
10-22 17:22:56.792  1370  1597 I ActivityManager: Start proc 2775:com.google.android.configupdater/u0a5 for broadcast com.google.android.configupdater/.CertPin.CertPinUpdateRequestReceiver
10-22 17:22:56.795  1370  1388 D BluetoothManagerService: Added callback: android.bluetooth.IBluetoothManagerCallback$Stub$Proxy@6bf21e6:true
10-22 17:22:56.795  2690  2690 D BluetoothAdapterState: make() - Creating AdapterState
10-22 17:22:56.799  2223  2766 I EGL-DRI2: found extension DRI_Core version 1
10-22 17:22:56.799  2223  2766 I EGL-DRI2: found extension DRI_SWRast version 5
10-22 17:22:56.800  2223  2766 I EGL-DRI2: found extension DRI_TexBuffer version 2
10-22 17:22:56.800  2223  2766 I EGL-DRI2: found extension DRI_IMAGE version 11
10-22 17:22:56.800  2223  2766 I EGL-DRI2: found extension DRI_RENDERER_QUERY version 1
10-22 17:22:56.800  2223  2766 I EGL-DRI2: found extension DRI_CONFIG_QUERY version 1
10-22 17:22:56.800  2223  2766 I EGL-DRI2: found extension DRI2_Fence version 2
10-22 17:22:56.800  2223  2766 I OpenGLRenderer: Initialized EGL, version 1.4
10-22 17:22:56.800  2223  2766 W OpenGLRenderer: Failed to choose config with EGL_SWAP_BEHAVIOR_PRESERVED, retrying without...
10-22 17:22:56.812  2775  2775 W libnb   : Native bridge is disabled
10-22 17:22:56.814  2690  2690 D BlueZ   : external/bluetooth/bluez/android/hal-bluetooth.c:init() 
10-22 17:22:56.814  2690  2781 I BluetoothAdapterState: Entering OffState
10-22 17:22:56.832  1370  1597 W ActivityManager: Wtf, activity ActivityRecord{8b14947 u0 com.android.settings/.CryptKeeper t1 f} in proc activity list not using proc ProcessRecord{d58131d 1808:com.android.settings:CryptKeeper/1000}?!? Using null instead.
10-22 17:22:56.833  1370  1598 W ActivityManager: Wtf, activity ActivityRecord{8b14947 u0 com.android.settings/.CryptKeeper t1 f} in proc activity list not using proc ProcessRecord{d58131d 1808:com.android.settings:CryptKeeper/1000}?!? Using null instead.
10-22 17:22:56.834  1370  1597 W ActivityManager: Wtf, activity ActivityRecord{8b14947 u0 com.android.settings/.CryptKeeper t1 f} in proc activity list not using proc ProcessRecord{d58131d 1808:com.android.settings:CryptKeeper/1000}?!? Using null instead.
10-22 17:22:56.834  1370  1597 W ActivityManager: Wtf, activity ActivityRecord{8b14947 u0 com.android.settings/.CryptKeeper t1 f} in proc activity list not using proc ProcessRecord{d58131d 1808:com.android.settings:CryptKeeper/1000}?!? Using null instead.
10-22 17:22:56.840  1963  2138 W DownloadExpConfigTask: UPDATE_GSA_CONFIGS task interrupted
10-22 17:22:56.840  1963  2138 W DownloadExpConfigTask: java.lang.InterruptedException
10-22 17:22:56.840  1963  2138 W DownloadExpConfigTask: 	at com.google.common.util.concurrent.d.get(SourceFile:66)
10-22 17:22:56.840  1963  2138 W DownloadExpConfigTask: 	at com.google.android.apps.gsa.search.core.google.s.run(SourceFile:27)
10-22 17:22:56.840  1963  2138 W DownloadExpConfigTask: 	at com.google.android.apps.gsa.tasks.bk.run(SourceFile:5)
10-22 17:22:56.840  1963  2138 W DownloadExpConfigTask: 	at java.util.concurrent.Executors$RunnableAdapter.call(Executors.java:423)
10-22 17:22:56.840  1963  2138 W DownloadExpConfigTask: 	at java.util.concurrent.FutureTask.run(FutureTask.java:237)
10-22 17:22:56.840  1963  2138 W DownloadExpConfigTask: 	at java.util.concurrent.Executors$RunnableAdapter.call(Executors.java:423)
10-22 17:22:56.840  1963  2138 W DownloadExpConfigTask: 	at java.util.concurrent.FutureTask.run(FutureTask.java:237)
10-22 17:22:56.840  1963  2138 W DownloadExpConfigTask: 	at com.google.android.apps.gsa.shared.util.concurrent.a.at.run(SourceFile:18)
10-22 17:22:56.840  1963  2138 W DownloadExpConfigTask: 	at com.google.android.apps.gsa.shared.util.concurrent.a.bh.run(SourceFile:4)
10-22 17:22:56.840  1963  2138 W DownloadExpConfigTask: 	at com.google.android.apps.gsa.shared.util.concurrent.a.bh.run(SourceFile:4)
10-22 17:22:56.840  1963  2138 W DownloadExpConfigTask: 	at java.util.concurrent.ThreadPoolExecutor.runWorker(ThreadPoolExecutor.java:1113)
10-22 17:22:56.840  1963  2138 W DownloadExpConfigTask: 	at java.util.concurrent.ThreadPoolExecutor$Worker.run(ThreadPoolExecutor.java:588)
10-22 17:22:56.840  1963  2138 W DownloadExpConfigTask: 	at java.lang.Thread.run(Thread.java:818)
10-22 17:22:56.840  1963  2138 W DownloadExpConfigTask: 	at com.google.android.apps.gsa.shared.util.concurrent.a.ag.run(SourceFile:6)
10-22 17:22:56.849  1370  1601 W ActivityManager: Wtf, activity ActivityRecord{8b14947 u0 com.android.settings/.CryptKeeper t1 f} in proc activity list not using proc ProcessRecord{d58131d 1808:com.android.settings:CryptKeeper/1000}?!? Using null instead.
10-22 17:22:56.849  1370  1601 W ActivityManager: Wtf, activity ActivityRecord{8b14947 u0 com.android.settings/.CryptKeeper t1 f} in proc activity list not using proc ProcessRecord{d58131d 1808:com.android.settings:CryptKeeper/1000}?!? Using null instead.
10-22 17:22:56.849  2397  2397 D AlertReceiver: onReceive: a=android.intent.action.LOCALE_CHANGED Intent { act=android.intent.action.LOCALE_CHANGED flg=0x10000010 cmp=com.android.calendar/.alerts.AlertReceiver }
10-22 17:22:56.850  1370  1597 W ActivityManager: Wtf, activity ActivityRecord{8b14947 u0 com.android.settings/.CryptKeeper t1 f} in proc activity list not using proc ProcessRecord{d58131d 1808:com.android.settings:CryptKeeper/1000}?!? Using null instead.
10-22 17:22:56.850  1370  1597 W ActivityManager: Wtf, activity ActivityRecord{8b14947 u0 com.android.settings/.CryptKeeper t1 f} in proc activity list not using proc ProcessRecord{d58131d 1808:com.android.settings:CryptKeeper/1000}?!? Using null instead.
10-22 17:22:56.850  2204  2204 I art     : System.exit called, status: 0
10-22 17:22:56.850  2204  2204 I AndroidRuntime: VM exiting with result code 0, cleanup skipped.
10-22 17:22:56.860  1370  1600 W ActivityManager: Wtf, activity ActivityRecord{8b14947 u0 com.android.settings/.CryptKeeper t1 f} in proc activity list not using proc ProcessRecord{d58131d 1808:com.android.settings:CryptKeeper/1000}?!? Using null instead.
10-22 17:22:56.860  1370  1600 W ActivityManager: Wtf, activity ActivityRecord{8b14947 u0 com.android.settings/.CryptKeeper t1 f} in proc activity list not using proc ProcessRecord{d58131d 1808:com.android.settings:CryptKeeper/1000}?!? Using null instead.
10-22 17:22:56.861  2433  2433 V AlarmClock: AlarmInitReceiver android.intent.action.LOCALE_CHANGED
10-22 17:22:56.861  2788  2788 I chatty  : uid=0(root) /system/bin/logwrapper expire 1 line
10-22 17:22:56.862  1370  1381 W ActivityManager: Wtf, activity ActivityRecord{8b14947 u0 com.android.settings/.CryptKeeper t1 f} in proc activity list not using proc ProcessRecord{d58131d 1808:com.android.settings:CryptKeeper/1000}?!? Using null instead.
10-22 17:22:56.863  1370  1601 W ActivityManager: Wtf, activity ActivityRecord{8b14947 u0 com.android.settings/.CryptKeeper t1 f} in proc activity list not using proc ProcessRecord{d58131d 1808:com.android.settings:CryptKeeper/1000}?!? Using null instead.
10-22 17:22:56.863  1370  1601 W ActivityManager: Wtf, activity ActivityRecord{8b14947 u0 com.android.settings/.CryptKeeper t1 f} in proc activity list not using proc ProcessRecord{d58131d 1808:com.android.settings:CryptKeeper/1000}?!? Using null instead.
10-22 17:22:56.864  2433  2469 V AlarmClock: AlarmInitReceiver finished
10-22 17:22:56.865  1370  1490 W ActivityManager: Wtf, activity ActivityRecord{8b14947 u0 com.android.settings/.CryptKeeper t1 f} in proc activity list not using proc ProcessRecord{d58131d 1808:com.android.settings:CryptKeeper/1000}?!? Using null instead.
10-22 17:22:56.865  1370  1490 W ActivityManager: Wtf, activity ActivityRecord{8b14947 u0 com.android.settings/.CryptKeeper t1 f} in proc activity list not using proc ProcessRecord{d58131d 1808:com.android.settings:CryptKeeper/1000}?!? Using null instead.
10-22 17:22:56.869  1370  1381 W ActivityManager: Wtf, activity ActivityRecord{8b14947 u0 com.android.settings/.CryptKeeper t1 f} in proc activity list not using proc ProcessRecord{d58131d 1808:com.android.settings:CryptKeeper/1000}?!? Using null instead.
10-22 17:22:56.901  1370  1597 I ActivityManager: Start proc 2806:com.android.email/u0a41 for broadcast com.android.email/.service.EmailBroadcastReceiver
10-22 17:22:56.902  1370  1597 W ActivityManager: Wtf, activity ActivityRecord{8b14947 u0 com.android.settings/.CryptKeeper t1 f} in proc activity list not using proc ProcessRecord{d58131d 1808:com.android.settings:CryptKeeper/1000}?!? Using null instead.
10-22 17:22:56.902  1370  1600 W ActivityManager: Wtf, activity ActivityRecord{8b14947 u0 com.android.settings/.CryptKeeper t1 f} in proc activity list not using proc ProcessRecord{d58131d 1808:com.android.settings:CryptKeeper/1000}?!? Using null instead.
10-22 17:22:56.904  2806  2806 W libnb   : Native bridge is disabled
10-22 17:22:56.912  1370  1490 W ActivityManager: Wtf, activity ActivityRecord{8b14947 u0 com.android.settings/.CryptKeeper t1 f} in proc activity list not using proc ProcessRecord{d58131d 1808:com.android.settings:CryptKeeper/1000}?!? Using null instead.
10-22 17:22:56.920  1987  2805 D LocaleSetManager: Locale Changed from: null to en-US
10-22 17:22:56.921  1987  2805 I MusicLocale: AddressBook Labels [en-US]: [, A, B, C, D, E, F, G, H, I, J, K, L, M, N, O, P, Q, R, S, T, U, V, W, X, Y, Z, , , , , , , , , , , , , , , , , , , , , , , , , , , , , , , , , , , , , , , , , , , , , , , , , , , , , , , , , , , , , , , , , , , , , , , , , , , , , , , , , , , , , , , , , , , , , , , , , , , , , , , , , , , , , , , , , , , , , , , , , , , , , , , , , , , , , , , , , , , , , , , , , , , , , , , , , , , , , , , , , , , , , , , , , , , , , , , , , , , , , , , , , , , #, ]
10-22 17:22:56.948  2775  2775 W System  : ClassLoader referenced unknown path: /system/priv-app/ConfigUpdater/lib/x86_64
10-22 17:22:56.987  2821  2821 I chatty  : uid=0(root) expire 1 line
10-22 17:22:57.002  1370  1490 I ActivityManager: Process com.android.vending (pid 2204) has died
10-22 17:22:57.002  1370  1490 D ActivityManager: cleanUpApplicationRecord -- 2204
10-22 17:22:57.064  1370  1490 W ActivityManager: Scheduling restart of crashed service com.android.vending/com.google.android.finsky.dailyhygiene.DailyHygiene$DailyHygieneService in 1000ms
10-22 17:22:57.064  1370  1490 W ActivityManager: Wtf, activity ActivityRecord{8b14947 u0 com.android.settings/.CryptKeeper t1 f} in proc activity list not using proc ProcessRecord{d58131d 1808:com.android.settings:CryptKeeper/1000}?!? Using null instead.
10-22 17:22:57.065  1370  1381 W ActivityManager: Wtf, activity ActivityRecord{8b14947 u0 com.android.settings/.CryptKeeper t1 f} in proc activity list not using proc ProcessRecord{d58131d 1808:com.android.settings:CryptKeeper/1000}?!? Using null instead.
10-22 17:22:57.070  2223  2682 I SetupWizard.CheckConnectionTask: responseCode=204
10-22 17:22:57.073  2787  2787 I bluetoothd: Bluetooth daemon 5.44
10-22 17:22:57.073  2787  2787 I bluetoothd: Starting SDP server
10-22 17:22:57.080  2787  2787 I bluetoothd: Bluetooth management interface 1.10 initialized
10-22 17:22:57.080  2787  2787 I bluetoothd: Kernel connection control will be used
10-22 17:22:57.082  2806  2806 W System  : ClassLoader referenced unknown path: /system/app/Email/lib/x86_64
10-22 17:22:57.094  1370  1599 W ActivityManager: Wtf, activity ActivityRecord{8b14947 u0 com.android.settings/.CryptKeeper t1 f} in proc activity list not using proc ProcessRecord{d58131d 1808:com.android.settings:CryptKeeper/1000}?!? Using null instead.
10-22 17:22:57.130  1764  2357 I chatty  : uid=10010(com.google.android.gms) highpool[3] expire 14 lines
10-22 17:22:57.136  2223  2826 I TextToSpeech: Set up connection to ComponentInfo{com.svox.pico/com.svox.pico.PicoService}
10-22 17:22:57.346  1370  1382 W ActivityManager: Wtf, activity ActivityRecord{8b14947 u0 com.android.settings/.CryptKeeper t1 f} in proc activity list not using proc ProcessRecord{d58131d 1808:com.android.settings:CryptKeeper/1000}?!? Using null instead.
10-22 17:22:57.359  1370  1490 W ActivityManager: Wtf, activity ActivityRecord{8b14947 u0 com.android.settings/.CryptKeeper t1 f} in proc activity list not using proc ProcessRecord{d58131d 1808:com.android.settings:CryptKeeper/1000}?!? Using null instead.
10-22 17:22:57.389  1370  1600 W ActivityManager: Wtf, activity ActivityRecord{8b14947 u0 com.android.settings/.CryptKeeper t1 f} in proc activity list not using proc ProcessRecord{d58131d 1808:com.android.settings:CryptKeeper/1000}?!? Using null instead.
10-22 17:22:57.403  1370  1600 W ActivityManager: Wtf, activity ActivityRecord{8b14947 u0 com.android.settings/.CryptKeeper t1 f} in proc activity list not using proc ProcessRecord{d58131d 1808:com.android.settings:CryptKeeper/1000}?!? Using null instead.
10-22 17:22:57.410  2775  2775 E ConfigUpdater: ignoring update request
10-22 17:22:57.410  1370  1381 W ActivityManager: Wtf, activity ActivityRecord{8b14947 u0 com.android.settings/.CryptKeeper t1 f} in proc activity list not using proc ProcessRecord{d58131d 1808:com.android.settings:CryptKeeper/1000}?!? Using null instead.
10-22 17:22:57.411  1370  1381 W ActivityManager: Wtf, activity ActivityRecord{8b14947 u0 com.android.settings/.CryptKeeper t1 f} in proc activity list not using proc ProcessRecord{d58131d 1808:com.android.settings:CryptKeeper/1000}?!? Using null instead.
10-22 17:22:57.439  2775  2775 E ConfigUpdater: ignoring update request
10-22 17:22:57.439  1370  1599 W ActivityManager: Wtf, activity ActivityRecord{8b14947 u0 com.android.settings/.CryptKeeper t1 f} in proc activity list not using proc ProcessRecord{d58131d 1808:com.android.settings:CryptKeeper/1000}?!? Using null instead.
10-22 17:22:57.440  1370  1599 W ActivityManager: Wtf, activity ActivityRecord{8b14947 u0 com.android.settings/.CryptKeeper t1 f} in proc activity list not using proc ProcessRecord{d58131d 1808:com.android.settings:CryptKeeper/1000}?!? Using null instead.
10-22 17:22:57.441  1370  1598 W ActivityManager: Permission Denial: getIntentSender() from pid=2409, uid=10060, (need uid=10010) is not allowed to send as package com.google.android.gms
10-22 17:22:57.455  2775  2775 E ConfigUpdater: ignoring update request
10-22 17:22:57.460  1370  1389 I ActivityManager: Displayed com.google.android.setupwizard/.Welcome: +1s172ms (total +1s220ms)
10-22 17:22:57.462  1370  1598 W ActivityManager: Wtf, activity ActivityRecord{8b14947 u0 com.android.settings/.CryptKeeper t1 f} in proc activity list not using proc ProcessRecord{d58131d 1808:com.android.settings:CryptKeeper/1000}?!? Using null instead.
10-22 17:22:57.462  1370  1598 W ActivityManager: Wtf, activity ActivityRecord{8b14947 u0 com.android.settings/.CryptKeeper t1 f} in proc activity list not using proc ProcessRecord{d58131d 1808:com.android.settings:CryptKeeper/1000}?!? Using null instead.
10-22 17:22:57.464  1370  1490 W ActivityManager: Wtf, activity ActivityRecord{8b14947 u0 com.android.settings/.CryptKeeper t1 f} in proc activity list not using proc ProcessRecord{d58131d 1808:com.android.settings:CryptKeeper/1000}?!? Using null instead.
10-22 17:22:57.476  2775  2775 E ConfigUpdater: ignoring update request
10-22 17:22:57.476  1370  1597 W ActivityManager: Wtf, activity ActivityRecord{8b14947 u0 com.android.settings/.CryptKeeper t1 f} in proc activity list not using proc ProcessRecord{d58131d 1808:com.android.settings:CryptKeeper/1000}?!? Using null instead.
10-22 17:22:57.476  1370  1597 W ActivityManager: Wtf, activity ActivityRecord{8b14947 u0 com.android.settings/.CryptKeeper t1 f} in proc activity list not using proc ProcessRecord{d58131d 1808:com.android.settings:CryptKeeper/1000}?!? Using null instead.
10-22 17:22:57.490  2775  2775 E ConfigUpdater: ignoring update request
10-22 17:22:57.496  1370  2763 W ActivityManager: Wtf, activity ActivityRecord{8b14947 u0 com.android.settings/.CryptKeeper t1 f} in proc activity list not using proc ProcessRecord{d58131d 1808:com.android.settings:CryptKeeper/1000}?!? Using null instead.
10-22 17:22:57.496  1370  2763 W ActivityManager: Wtf, activity ActivityRecord{8b14947 u0 com.android.settings/.CryptKeeper t1 f} in proc activity list not using proc ProcessRecord{d58131d 1808:com.android.settings:CryptKeeper/1000}?!? Using null instead.
10-22 17:22:57.499  2775  2775 E ConfigUpdater: ignoring update request
10-22 17:22:57.499  1370  1601 W ActivityManager: Wtf, activity ActivityRecord{8b14947 u0 com.android.settings/.CryptKeeper t1 f} in proc activity list not using proc ProcessRecord{d58131d 1808:com.android.settings:CryptKeeper/1000}?!? Using null instead.
10-22 17:22:57.500  1370  1601 W ActivityManager: Wtf, activity ActivityRecord{8b14947 u0 com.android.settings/.CryptKeeper t1 f} in proc activity list not using proc ProcessRecord{d58131d 1808:com.android.settings:CryptKeeper/1000}?!? Using null instead.
10-22 17:22:57.502  2775  2775 E ConfigUpdater: ignoring update request
10-22 17:22:57.503  1370  1601 W ActivityManager: Wtf, activity ActivityRecord{8b14947 u0 com.android.settings/.CryptKeeper t1 f} in proc activity list not using proc ProcessRecord{d58131d 1808:com.android.settings:CryptKeeper/1000}?!? Using null instead.
10-22 17:22:57.503  1370  1601 W ActivityManager: Wtf, activity ActivityRecord{8b14947 u0 com.android.settings/.CryptKeeper t1 f} in proc activity list not using proc ProcessRecord{d58131d 1808:com.android.settings:CryptKeeper/1000}?!? Using null instead.
10-22 17:22:57.504  1370  1601 W ActivityManager: Wtf, activity ActivityRecord{8b14947 u0 com.android.settings/.CryptKeeper t1 f} in proc activity list not using proc ProcessRecord{d58131d 1808:com.android.settings:CryptKeeper/1000}?!? Using null instead.
10-22 17:22:57.504  1370  1601 W ActivityManager: Wtf, activity ActivityRecord{8b14947 u0 com.android.settings/.CryptKeeper t1 f} in proc activity list not using proc ProcessRecord{d58131d 1808:com.android.settings:CryptKeeper/1000}?!? Using null instead.
10-22 17:22:57.505  1370  1381 W ActivityManager: Wtf, activity ActivityRecord{8b14947 u0 com.android.settings/.CryptKeeper t1 f} in proc activity list not using proc ProcessRecord{d58131d 1808:com.android.settings:CryptKeeper/1000}?!? Using null instead.
10-22 17:22:57.505  1370  1381 W ActivityManager: Wtf, activity ActivityRecord{8b14947 u0 com.android.settings/.CryptKeeper t1 f} in proc activity list not using proc ProcessRecord{d58131d 1808:com.android.settings:CryptKeeper/1000}?!? Using null instead.
10-22 17:22:57.510  1370  1602 W ActivityManager: Wtf, activity ActivityRecord{8b14947 u0 com.android.settings/.CryptKeeper t1 f} in proc activity list not using proc ProcessRecord{d58131d 1808:com.android.settings:CryptKeeper/1000}?!? Using null instead.
10-22 17:22:57.510  1370  1602 W ActivityManager: Wtf, activity ActivityRecord{8b14947 u0 com.android.settings/.CryptKeeper t1 f} in proc activity list not using proc ProcessRecord{d58131d 1808:com.android.settings:CryptKeeper/1000}?!? Using null instead.
10-22 17:22:57.541  2845  2845 W libnb   : Native bridge is disabled
10-22 17:22:57.547  1370  1600 I ActivityManager: Start proc 2845:com.google.android.onetimeinitializer/u0a12 for broadcast com.google.android.onetimeinitializer/.OneTimeInitializerReceiver
10-22 17:22:57.547  1370  1600 W ActivityManager: Wtf, activity ActivityRecord{8b14947 u0 com.android.settings/.CryptKeeper t1 f} in proc activity list not using proc ProcessRecord{d58131d 1808:com.android.settings:CryptKeeper/1000}?!? Using null instead.
10-22 17:22:57.572  1370  1381 W ActivityManager: Wtf, activity ActivityRecord{8b14947 u0 com.android.settings/.CryptKeeper t1 f} in proc activity list not using proc ProcessRecord{d58131d 1808:com.android.settings:CryptKeeper/1000}?!? Using null instead.
10-22 17:22:57.572  1370  2763 W ActivityManager: Unable to start service Intent { act=com.android.email.EXCHANGE_INTENT pkg=com.android.exchange } U=0: not found
10-22 17:22:57.573  1370  1598 W ActivityManager: Wtf, activity ActivityRecord{8b14947 u0 com.android.settings/.CryptKeeper t1 f} in proc activity list not using proc ProcessRecord{d58131d 1808:com.android.settings:CryptKeeper/1000}?!? Using null instead.
10-22 17:22:57.578  1370  1597 W ActivityManager: Wtf, activity ActivityRecord{8b14947 u0 com.android.settings/.CryptKeeper t1 f} in proc activity list not using proc ProcessRecord{d58131d 1808:com.android.settings:CryptKeeper/1000}?!? Using null instead.
10-22 17:22:57.579  1370  1602 W ActivityManager: Wtf, activity ActivityRecord{8b14947 u0 com.android.settings/.CryptKeeper t1 f} in proc activity list not using proc ProcessRecord{d58131d 1808:com.android.settings:CryptKeeper/1000}?!? Using null instead.
10-22 17:22:57.581  1370  1598 W ActivityManager: Wtf, activity ActivityRecord{8b14947 u0 com.android.settings/.CryptKeeper t1 f} in proc activity list not using proc ProcessRecord{d58131d 1808:com.android.settings:CryptKeeper/1000}?!? Using null instead.
10-22 17:22:57.585  2806  2858 D ActivityThread: Loading provider com.android.email.provider;com.android.email.notifier: com.android.email.provider.EmailProvider
10-22 17:22:57.585  1370  1599 W ActivityManager: Unable to start service Intent { act=com.android.email.EXCHANGE_INTENT pkg=com.android.exchange } U=0: not found
10-22 17:22:57.588  2845  2845 W System  : ClassLoader referenced unknown path: /system/priv-app/GoogleOneTimeInitializer/lib/x86_64
10-22 17:22:57.589  2845  2845 V OneTimeInitializerReceiver: OneTimeInitializerReceiver.onReceive
10-22 17:22:57.590  1370  2763 W ActivityManager: Wtf, activity ActivityRecord{8b14947 u0 com.android.settings/.CryptKeeper t1 f} in proc activity list not using proc ProcessRecord{d58131d 1808:com.android.settings:CryptKeeper/1000}?!? Using null instead.
10-22 17:22:57.591  2806  2806 D ActivityThread: Loading provider com.android.email.provider;com.android.email.notifier: com.android.email.provider.EmailProvider
10-22 17:22:57.591  1370  1599 W ActivityManager: Wtf, activity ActivityRecord{8b14947 u0 com.android.settings/.CryptKeeper t1 f} in proc activity list not using proc ProcessRecord{d58131d 1808:com.android.settings:CryptKeeper/1000}?!? Using null instead.
10-22 17:22:57.591  1370  1599 W ActivityManager: Wtf, activity ActivityRecord{8b14947 u0 com.android.settings/.CryptKeeper t1 f} in proc activity list not using proc ProcessRecord{d58131d 1808:com.android.settings:CryptKeeper/1000}?!? Using null instead.
10-22 17:22:57.591  1370  1382 W ActivityManager: Unable to start service Intent { act=com.android.email.EXCHANGE_INTENT pkg=com.android.exchange } U=0: not found
10-22 17:22:57.591  2806  2859 D ActivityThread: Loading provider com.android.email.provider;com.android.email.notifier: com.android.email.provider.EmailProvider
10-22 17:22:57.592  1370  1601 W ActivityManager: Unable to start service Intent { act=com.android.email.EXCHANGE_INTENT pkg=com.android.exchange } U=0: not found
10-22 17:22:57.595  2845  2863 V OneTimeService: OneTimeService.onHandleIntent
10-22 17:22:57.596  2845  2863 V OneTimeService: Device Policy is not installed, doing nothing.
10-22 17:22:57.597  1370  1382 W ActivityManager: Wtf, activity ActivityRecord{8b14947 u0 com.android.settings/.CryptKeeper t1 f} in proc activity list not using proc ProcessRecord{d58131d 1808:com.android.settings:CryptKeeper/1000}?!? Using null instead.
10-22 17:22:57.601  1370  1598 W ActivityManager: Wtf, activity ActivityRecord{8b14947 u0 com.android.settings/.CryptKeeper t1 f} in proc activity list not using proc ProcessRecord{d58131d 1808:com.android.settings:CryptKeeper/1000}?!? Using null instead.
10-22 17:22:57.602  1370  2763 W ActivityManager: Wtf, activity ActivityRecord{8b14947 u0 com.android.settings/.CryptKeeper t1 f} in proc activity list not using proc ProcessRecord{d58131d 1808:com.android.settings:CryptKeeper/1000}?!? Using null instead.
10-22 17:22:57.603  1370  1597 W ActivityManager: Wtf, activity ActivityRecord{8b14947 u0 com.android.settings/.CryptKeeper t1 f} in proc activity list not using proc ProcessRecord{d58131d 1808:com.android.settings:CryptKeeper/1000}?!? Using null instead.
10-22 17:22:57.604  1370  1598 W ActivityManager: Wtf, activity ActivityRecord{8b14947 u0 com.android.settings/.CryptKeeper t1 f} in proc activity list not using proc ProcessRecord{d58131d 1808:com.android.settings:CryptKeeper/1000}?!? Using null instead.
10-22 17:22:57.606  1370  1382 W ActivityManager: Wtf, activity ActivityRecord{8b14947 u0 com.android.settings/.CryptKeeper t1 f} in proc activity list not using proc ProcessRecord{d58131d 1808:com.android.settings:CryptKeeper/1000}?!? Using null instead.
10-22 17:22:57.606  1370  1382 W ActivityManager: Wtf, activity ActivityRecord{8b14947 u0 com.android.settings/.CryptKeeper t1 f} in proc activity list not using proc ProcessRecord{d58131d 1808:com.android.settings:CryptKeeper/1000}?!? Using null instead.
10-22 17:22:57.609  1370  1599 W ActivityManager: Wtf, activity ActivityRecord{8b14947 u0 com.android.settings/.CryptKeeper t1 f} in proc activity list not using proc ProcessRecord{d58131d 1808:com.android.settings:CryptKeeper/1000}?!? Using null instead.
10-22 17:22:57.610  1370  1602 W ActivityManager: Unable to start service Intent { cmp=com.android.email/.service.AttachmentService } U=0: not found
10-22 17:22:57.612  1370  2763 W ActivityManager: Unable to start service Intent { act=com.android.mail.action.BACKUP_DATA_CHANGED pkg=com.android.email } U=0: not found
10-22 17:22:57.614  1370  1598 W ActivityManager: Unable to start service Intent { act=com.android.mail.action.BACKUP_DATA_CHANGED pkg=com.android.email } U=0: not found
10-22 17:22:57.614  1370  1602 W ActivityManager: Unable to start service Intent { act=com.android.mail.action.BACKUP_DATA_CHANGED pkg=com.android.email } U=0: not found
10-22 17:22:57.615  1370  1598 W ActivityManager: Unable to start service Intent { act=com.android.mail.action.BACKUP_DATA_CHANGED pkg=com.android.email } U=0: not found
10-22 17:22:57.616  1370  1598 W ActivityManager: Unable to start service Intent { act=com.android.mail.action.BACKUP_DATA_CHANGED pkg=com.android.email } U=0: not found
10-22 17:22:57.616  1370  1382 W ActivityManager: Unable to start service Intent { act=com.android.mail.action.BACKUP_DATA_CHANGED pkg=com.android.email } U=0: not found
10-22 17:22:57.616  1370  2763 W ActivityManager: Unable to start service Intent { act=com.android.mail.action.BACKUP_DATA_CHANGED pkg=com.android.email } U=0: not found
10-22 17:22:57.621  1370  1598 W ActivityManager: Wtf, activity ActivityRecord{8b14947 u0 com.android.settings/.CryptKeeper t1 f} in proc activity list not using proc ProcessRecord{d58131d 1808:com.android.settings:CryptKeeper/1000}?!? Using null instead.
10-22 17:22:57.622  1370  2763 W ActivityManager: Wtf, activity ActivityRecord{8b14947 u0 com.android.settings/.CryptKeeper t1 f} in proc activity list not using proc ProcessRecord{d58131d 1808:com.android.settings:CryptKeeper/1000}?!? Using null instead.
10-22 17:22:57.624  1370  1381 W ActivityManager: Wtf, activity ActivityRecord{8b14947 u0 com.android.settings/.CryptKeeper t1 f} in proc activity list not using proc ProcessRecord{d58131d 1808:com.android.settings:CryptKeeper/1000}?!? Using null instead.
10-22 17:22:57.629  1764  2873 I chatty  : uid=10010 com.google.android.gms.persistent expire 1 line
10-22 17:22:57.630  2876  2876 W libnb   : Native bridge is disabled
10-22 17:22:57.635  1370  1599 I ActivityManager: Start proc 2876:org.android_x86.hardwarecollector/u0a14 for broadcast org.android_x86.hardwarecollector/.BootCompletedReceiver
10-22 17:22:57.635  1370  1599 W ActivityManager: Wtf, activity ActivityRecord{8b14947 u0 com.android.settings/.CryptKeeper t1 f} in proc activity list not using proc ProcessRecord{d58131d 1808:com.android.settings:CryptKeeper/1000}?!? Using null instead.
10-22 17:22:57.635  1370  1490 W ActivityManager: Wtf, activity ActivityRecord{8b14947 u0 com.android.settings/.CryptKeeper t1 f} in proc activity list not using proc ProcessRecord{d58131d 1808:com.android.settings:CryptKeeper/1000}?!? Using null instead.
10-22 17:22:57.642  2893  2893 W libnb   : Native bridge is disabled
10-22 17:22:57.647  1370  1602 I ActivityManager: Start proc 2893:com.android.vending/u0a18 for service com.android.vending/com.google.android.finsky.services.ContentFiltersService
10-22 17:22:57.648  1370  1602 W ActivityManager: Wtf, activity ActivityRecord{8b14947 u0 com.android.settings/.CryptKeeper t1 f} in proc activity list not using proc ProcessRecord{d58131d 1808:com.android.settings:CryptKeeper/1000}?!? Using null instead.
10-22 17:22:57.650  1370  1598 W ActivityManager: Wtf, activity ActivityRecord{8b14947 u0 com.android.settings/.CryptKeeper t1 f} in proc activity list not using proc ProcessRecord{d58131d 1808:com.android.settings:CryptKeeper/1000}?!? Using null instead.
10-22 17:22:57.650  1370  2899 W ActivityManager: Unable to start service Intent { cmp=com.android.email/.service.AttachmentService } U=0: not found
10-22 17:22:57.655  2806  2868 I Email   : Observing account changes for notifications
10-22 17:22:57.656  1370  1382 W ActivityManager: Wtf, activity ActivityRecord{8b14947 u0 com.android.settings/.CryptKeeper t1 f} in proc activity list not using proc ProcessRecord{d58131d 1808:com.android.settings:CryptKeeper/1000}?!? Using null instead.
10-22 17:22:57.657  1370  1598 W ActivityManager: Unable to start service Intent { cmp=com.android.email/.service.AttachmentService } U=0: not found
10-22 17:22:57.657  1370  2763 W ActivityManager: Unable to start service Intent { act=com.android.email.EXCHANGE_INTENT pkg=com.android.exchange } U=0: not found
10-22 17:22:57.659  2876  2876 W System  : ClassLoader referenced unknown path: /system/priv-app/HardwareCollector/lib/x86_64
10-22 17:22:57.661  1370  2883 W ActivityManager: Wtf, activity ActivityRecord{8b14947 u0 com.android.settings/.CryptKeeper t1 f} in proc activity list not using proc ProcessRecord{d58131d 1808:com.android.settings:CryptKeeper/1000}?!? Using null instead.
10-22 17:22:57.661  1370  1598 W ActivityManager: Wtf, activity ActivityRecord{8b14947 u0 com.android.settings/.CryptKeeper t1 f} in proc activity list not using proc ProcessRecord{d58131d 1808:com.android.settings:CryptKeeper/1000}?!? Using null instead.
10-22 17:22:57.663  1370  1381 W ActivityManager: Wtf, activity ActivityRecord{8b14947 u0 com.android.settings/.CryptKeeper t1 f} in proc activity list not using proc ProcessRecord{d58131d 1808:com.android.settings:CryptKeeper/1000}?!? Using null instead.
10-22 17:22:57.668  1370  1381 W ActivityManager: Wtf, activity ActivityRecord{8b14947 u0 com.android.settings/.CryptKeeper t1 f} in proc activity list not using proc ProcessRecord{d58131d 1808:com.android.settings:CryptKeeper/1000}?!? Using null instead.
10-22 17:22:57.669  1370  1599 W ActivityManager: Wtf, activity ActivityRecord{8b14947 u0 com.android.settings/.CryptKeeper t1 f} in proc activity list not using proc ProcessRecord{d58131d 1808:com.android.settings:CryptKeeper/1000}?!? Using null instead.
10-22 17:22:57.672  1370  2763 W ActivityManager: Wtf, activity ActivityRecord{8b14947 u0 com.android.settings/.CryptKeeper t1 f} in proc activity list not using proc ProcessRecord{d58131d 1808:com.android.settings:CryptKeeper/1000}?!? Using null instead.
10-22 17:22:57.673  2893  2893 W System  : ClassLoader referenced unknown path: /system/priv-app/Phonesky/lib/x86_64
10-22 17:22:57.676  2876  2911 I HardwareCollectorService: handle intent:Intent { act=android.intent.action.BOOT_COMPLETED cmp=org.android_x86.hardwarecollector/.HardwareCollectorService }
10-22 17:22:57.678  2913  2913 W libnb   : Native bridge is disabled
10-22 17:22:57.684  1370  1490 I ActivityManager: Start proc 2913:com.android.launcher3/u0a15 for broadcast com.android.launcher3/.StartupReceiver
10-22 17:22:57.684  1370  1490 W ActivityManager: Wtf, activity ActivityRecord{8b14947 u0 com.android.settings/.CryptKeeper t1 f} in proc activity list not using proc ProcessRecord{d58131d 1808:com.android.settings:CryptKeeper/1000}?!? Using null instead.
10-22 17:22:57.684  1370  1490 W ActivityManager: Wtf, activity ActivityRecord{8b14947 u0 com.android.settings/.CryptKeeper t1 f} in proc activity list not using proc ProcessRecord{d58131d 1808:com.android.settings:CryptKeeper/1000}?!? Using null instead.
10-22 17:22:57.685  1370  1490 W ActivityManager: Wtf, activity ActivityRecord{8b14947 u0 com.android.settings/.CryptKeeper t1 f} in proc activity list not using proc ProcessRecord{d58131d 1808:com.android.settings:CryptKeeper/1000}?!? Using null instead.
10-22 17:22:57.685  1370  1602 W ActivityManager: Unable to start service Intent { act=com.android.email.EXCHANGE_INTENT pkg=com.android.exchange } U=0: not found
10-22 17:22:57.685  1370  1597 W ActivityManager: Wtf, activity ActivityRecord{8b14947 u0 com.android.settings/.CryptKeeper t1 f} in proc activity list not using proc ProcessRecord{d58131d 1808:com.android.settings:CryptKeeper/1000}?!? Using null instead.
10-22 17:22:57.686  1370  1600 W ActivityManager: Wtf, activity ActivityRecord{8b14947 u0 com.android.settings/.CryptKeeper t1 f} in proc activity list not using proc ProcessRecord{d58131d 1808:com.android.settings:CryptKeeper/1000}?!? Using null instead.
10-22 17:22:57.688  1370  1382 W ActivityManager: Wtf, activity ActivityRecord{8b14947 u0 com.android.settings/.CryptKeeper t1 f} in proc activity list not using proc ProcessRecord{d58131d 1808:com.android.settings:CryptKeeper/1000}?!? Using null instead.
10-22 17:22:57.689  1370  2907 W ActivityManager: Unable to start service Intent { cmp=com.android.email/.service.AttachmentService } U=0: not found
10-22 17:22:57.692  1370  1602 W ActivityManager: Wtf, activity ActivityRecord{8b14947 u0 com.android.settings/.CryptKeeper t1 f} in proc activity list not using proc ProcessRecord{d58131d 1808:com.android.settings:CryptKeeper/1000}?!? Using null instead.
10-22 17:22:57.693  2806  2926 I NotifUtils: resendNotifications cancelExisting: true, account: null, folder: null
10-22 17:22:57.694  2154  2875 I RlzPingService: Setting next ping for 1509285177689
10-22 17:22:57.696  1370  1490 W ActivityManager: Wtf, activity ActivityRecord{8b14947 u0 com.android.settings/.CryptKeeper t1 f} in proc activity list not using proc ProcessRecord{d58131d 1808:com.android.settings:CryptKeeper/1000}?!? Using null instead.
10-22 17:22:57.697  1370  1490 W ActivityManager: Wtf, activity ActivityRecord{8b14947 u0 com.android.settings/.CryptKeeper t1 f} in proc activity list not using proc ProcessRecord{d58131d 1808:com.android.settings:CryptKeeper/1000}?!? Using null instead.
10-22 17:22:57.698  1370  1382 W ActivityManager: Wtf, activity ActivityRecord{8b14947 u0 com.android.settings/.CryptKeeper t1 f} in proc activity list not using proc ProcessRecord{d58131d 1808:com.android.settings:CryptKeeper/1000}?!? Using null instead.
10-22 17:22:57.700  1370  1490 W ActivityManager: Wtf, activity ActivityRecord{8b14947 u0 com.android.settings/.CryptKeeper t1 f} in proc activity list not using proc ProcessRecord{d58131d 1808:com.android.settings:CryptKeeper/1000}?!? Using null instead.
10-22 17:22:57.701  1370  1600 W ActivityManager: Wtf, activity ActivityRecord{8b14947 u0 com.android.settings/.CryptKeeper t1 f} in proc activity list not using proc ProcessRecord{d58131d 1808:com.android.settings:CryptKeeper/1000}?!? Using null instead.
10-22 17:22:57.702  1370  1599 W ActivityManager: Wtf, activity ActivityRecord{8b14947 u0 com.android.settings/.CryptKeeper t1 f} in proc activity list not using proc ProcessRecord{d58131d 1808:com.android.settings:CryptKeeper/1000}?!? Using null instead.
